--------- beginning of /dev/log/main
D/QSEECOMD: (  217): qseecom listener services process entry PPID = 1
E/QSEECOMD: (  217): Listener: index = 0, hierarchy = 0
D/QSEECOMD: (  217): Init dlopen(librpmb.so, RTLD_NOW) succeeds
D/QSEECOMD: (  217): Init::Init dlsym(g_FSHandle rpmb_init_service) succeeds
I/rpmb    (  217): RPMB Mult = 2048, Rel_sec_cnt = 1
E/DrmLibRpmb(  217): rpmb_init succeeded! with ret = 0
D/QSEECOMD: (  217): Init rpmb_init_service ret = 0
D/QSEECOMD: (  217): RPMB system services: init (Listener ID = 8192)
E/QSEECOMD: (  217): Listener: index = 1, hierarchy = 0
D/QSEECOMD: (  217): Init dlopen(libssd.so, RTLD_NOW) succeeds
D/QSEECOMD: (  217): Init::Init dlsym(g_FSHandle ssd_init_service) succeeds
E/SSD     (  217): ssd_init_service succeeded!
D/QSEECOMD: (  217): Init ssd_init_service ret = 0
D/QSEECOMD: (  217): SSD system services: init (Listener ID = 12288)
E/QSEECOMD: (  217): Listener: index = 2, hierarchy = 0
E/QSEECOMD: (  217): Init dlopen(libsecureui.so, RLTD_NOW) is failed....
D/QSEECOMD: (  217): SEC_UI_INIT failed, shall not start secure ui listener
E/QSEECOMD: (  217): Listener: index = 5, hierarchy = 0
E/QSEECOMD: (  217): Init dlopen(libfwlock.so, RLTD_NOW) is failed....
D/QSEECOMD: (  217): ERROR: FWLOCK_INIT failed, shall not start fwlock listener
D/QSEECOMD: (  217): Parent qseecom daemon process paused!! 
E/DirectVolume(  212): Vold managed volumes must have auto mount point; ignoring /storage/sdcard1
E/DirectVolume(  212): Vold managed volumes must have auto mount point; ignoring /storage/uicc0
E/DirectVolume(  212): Vold managed volumes must have auto mount point; ignoring /storage/uicc1
E/DirectVolume(  212): Vold managed volumes must have auto mount point; ignoring /storage/usbotg
--------- beginning of /dev/log/system
I/Vold    (  212): Vold 2.1 (the revenge) firing up
D/Vold    (  212): Volume sdcard1 state changing -1 (Initializing) -> 0 (No-Media)
D/Vold    (  212): Volume uicc0 state changing -1 (Initializing) -> 0 (No-Media)
D/Vold    (  212): Volume uicc1 state changing -1 (Initializing) -> 0 (No-Media)
D/Vold    (  212): Volume usbotg state changing -1 (Initializing) -> 0 (No-Media)
D/QSEECOMD: (  230): qseecom listener service threads starting!!! 
D/QSEECOMD: (  230): Total listener services to start = 6
E/QSEECOMD: (  230): Listener: index = 0, hierarchy = 1
D/QSEECOMD: (  230): Init dlopen(librpmb.so, RTLD_NOW) succeeds
D/QSEECOMD: (  230): Init::Init dlsym(g_FSHandle rpmb_start) succeeds
D/QSEECOMAPI: (  230): QSEECom_register_listener 8192 sb_length = 0x5000
D/QSEECOMD: (  230): Init rpmb_start ret = 0
D/QSEECOMD: (  230): RPMB system services: Started (Listener ID = 8192)
E/QSEECOMD: (  230): Listener: index = 1, hierarchy = 1
D/QSEECOMD: (  230): Init dlopen(libssd.so, RTLD_NOW) succeeds
D/QSEECOMD: (  230): Init::Init dlsym(g_FSHandle ssd_start) succeeds
D/QSEECOMAPI: (  230): QSEECom_register_listener 12288 sb_length = 0x5000
I/installd(  228): installd firing up
D/QSEECOMD: (  230): Init ssd_start ret = 0
D/QSEECOMD: (  230): SSD system services: Started (Listener ID = 12288)
E/QSEECOMD: (  230): Listener: index = 2, hierarchy = 1
E/QSEECOMD: (  230): Init dlopen(libsecureui.so, RLTD_NOW) is failed....
E/QSEECOMD: (  230): Listener: index = 3, hierarchy = 1
I/DEBUG   (  221): debuggerd: Jul  9 2019 11:54:26
D/QSEECOMD: (  230): Init dlopen(libdrmtime.so, RTLD_NOW) succeeds
D/QSEECOMD: (  230): Init::Init dlsym(g_FSHandle atime_start) succeeds
D/DrmLibTime(  230): QSEE Time Listener: atime_start
D/QSEECOMAPI: (  230): QSEECom_register_listener 11 sb_length = 0x5000
I/qcom-bluetooth(  227): /system/etc/init.qcom.bt.sh: init.qcom.bt.sh config = onboot 
D/DrmLibTime(  230): registering fs service to QSEECom is done!
D/DrmLibTime(  230): begin to create a thread!
D/DrmLibTime(  230): Creating a pthread in atime_start is done! return 0
D/QSEECOMD: (  230): Init atime_start ret = 0
D/QSEECOMD: (  230): time services: Started (Listener ID = 11)
E/QSEECOMD: (  230): Listener: index = 4, hierarchy = 1
D/QSEECOMD: (  230): Init dlopen(libdrmfs.so, RTLD_NOW) succeeds
D/QSEECOMD: (  230): Init::Init dlsym(g_FSHandle fs_start) succeeds
D/QSEECOMAPI: (  230): QSEECom_register_listener 10 sb_length = 0x5000
D/QSEECOMD: (  230): Init fs_start ret = 0
D/QSEECOMD: (  230): file system services: Started (Listener ID = 10)
E/QSEECOMD: (  230): Listener: index = 5, hierarchy = 1
E/QSEECOMD: (  230): Init dlopen(libfwlock.so, RLTD_NOW) is failed....
I/tftp_server(  235): Starting...
D/tftp_server(  235): pid=235 tid=235 tftp-server : DBG :[tftp_os_wakelocks_la.c, 202] Capset success!
I/libmdmdetect(  218): ESOC framework not supported
I/libmdmdetect(  218): Found internal modem: modem
I/PerMgrSrv(  218): Peripheral Mananager service start
I/PerMgrSrv(  218): power-off timeout 500,ms; event-ack timeout 200,ms; debug-mode false
I/PerMgrSrv(  218): Statistics for : modem
I/PerMgrSrv(  218): modem: Current State : is off-line
I/PerMgrSrv(  218): modem: Voter/Listener count : 0/0
I/PerMgrSrv(  218): modem: Power on count : 0
I/PerMgrSrv(  218): modem: Power off count: 0
I/PerMgrSrv(  218): modem: Client list:
D/DrmLibTime(  230): QSEE Time Listener: dispatch
D/DrmLibTime(  230): before calling ioctl to read the next time_cmd
D/QSEECOMAPI: (  230): QSEECom_get_handle sb_length = 0x400
D/QSEECOMAPI: (  230): App is not loaded in QSEE
I/PerMgrSrv(  218): QMI service start
D/WLAN_PSA(  236): PTT_SOCKET_APP Start
V/WLAN_PSA(  236): UID 0
E/WLAN_PSA(  236): Set as Blocked Operation
I/Netd    (  220): Netd 1.0 starting
W/InterfaceController(  220): Warning (dlopen failed: library "/system/lib/libnetcmdiface.so" not found) while opening the net interface command library
D/WLAN_PSA(  236): PTT_SOCKET_APP Init done, wait clients
I/ThermalEngine(  237): Thermal daemon started
I/QCOMSysDaemon(  232): Starting qcom system daemon
I/ThermalEngine(  237): No target config file, falling back to '/system/etc/thermal-engine.conf'
I/ThermalEngine(  237): devices_manager_init: Init
I/ThermalEngine(  237): Number of gpus :1
I/Thermal-IOCTL(  237): KTM IOCTL interface "/dev/msm_thermal_query" opened
E/ThermalEngine(  237): update_cpu_topology: Error reading cluster info node /sys/module/msm_thermal/cluster_info
E/ThermalEngine(  237): cpu[0] not found in any cluster
E/ThermalEngine(  237): cpu[1] not found in any cluster
E/ThermalEngine(  237): tmd_init_cluster_devs: Can't read number of clusters
E/ThermalEngine(  237): devices_init: Init cluster TMD failed -5
I/ThermalEngine(  237): vdd_rstr_init: Init KTM VDD RSTR enabled: 0
I/ThermalEngine(  237): sensors_manager_init: Init
D/QSEECOMAPI: (  229): QSEECom_get_handle sb_length = 0x2000
D/QSEECOMAPI: (  229): App is not loaded in QSEE
E/QSEECOMAPI: (  229): Error::Cannot open the file /vendor/firmware/keymaster/keymaster.mdt
E/QSEECOMAPI: (  229): Error::Loading image failed with ret = -1
D/QSEECOMAPI: (  229): QSEECom_get_handle sb_length = 0x2000
D/QSEECOMAPI: (  229): App is not loaded in QSEE
E/QSEECOMAPI: (  229): Error::Cannot open the file /firmware/image/keymaste.mdt
E/QSEECOMAPI: (  229): Error::Loading image failed with ret = -1
E/QCOMKeyMaster(  229): Loading keymaster app failied
E/keystore(  229): could not open keymaster device in keystore (Operation not permitted)
E/keystore(  229): keystore keymaster could not be initialized; exiting
E/ThermalEngine(  237): bcl_setup: Unexpected node error
E/ThermalEngine(  237): add_tgt_sensors_set: Error adding bcl
E/ThermalEngine(  237): sensors_init: Error adding BCL TS
I/ThermalEngine(  237): Loading config file for virtual sensor
I/ThermalEngine(  237): Loading configuration file /system/etc/thermal-engine.conf
E/ThermalEngine(  237): Unable to open config file '/system/etc/thermal-engine.conf'
E/ThermalEngine(  237): virtual_sensors_init: Error getting virtual sensors set
I/ThermalEngine(  237): Loading configuration file /system/etc/thermal-engine.conf
E/ThermalEngine(  237): Unable to open config file '/system/etc/thermal-engine.conf'
E/ThermalEngine(  237): Error in SOCKET CREATE. CREATING IT LOCALLY
I/ThermalEngine(  237): [MODEM_PA_MITIGATION]
I/ThermalEngine(  237): #algo_type monitor
I/ThermalEngine(  237): sampling 10000
I/ThermalEngine(  237): sensor case_therm
I/ThermalEngine(  237): thresholds 42000 46000
I/ThermalEngine(  237): thresholds_clr 38000 42000
I/ThermalEngine(  237): actions modem modem
I/ThermalEngine(  237): action_info 1 2
I/ThermalEngine(  237): [CX_MITIGATION_MONITOR_SKIN]
I/ThermalEngine(  237): #algo_type monitor
I/ThermalEngine(  237): sampling 5000
I/ThermalEngine(  237): sensor case_therm
I/ThermalEngine(  237): thresholds 55000 58000
I/ThermalEngine(  237): thresholds_clr 50000 53000
I/ThermalEngine(  237): actions modem_cx+gpu+venus+mdp+wlan+camera+camcorder modem_cx+gpu+venus+mdp+wlan+camera+camcorder
I/ThermalEngine(  237): action_info 2+200000000+1+1+1+10+10 3+200000000+3+3+4+10+10
I/ThermalEngine(  237): [CX_MITIGATION_MONITOR_TSENS4]
I/ThermalEngine(  237): #algo_type monitor
I/ThermalEngine(  237): sampling 250
I/ThermalEngine(  237): sensor tsens_tz_sensor4
I/ThermalEngine(  237): thresholds 87000 92000
I/ThermalEngine(  237): thresholds_clr 83000 87000
I/ThermalEngine(  237): actions modem_cx+gpu+venus+mdp+wlan+camera+camcorder modem_cx+gpu+venus+mdp+wlan+camera+camcorder
I/ThermalEngine(  237): action_info 2+200000000+1+1+1+0+0 3+200000000+3+3+4+10+10
I/ThermalEngine(  237): [CX_MITIGATION_MONITOR_TSENS3]
I/ThermalEngine(  237): #algo_type monitor
I/ThermalEngine(  237): sampling 250
I/ThermalEngine(  237): sensor tsens_tz_sensor3
I/ThermalEngine(  237): thresholds 87000 92000
I/ThermalEngine(  237): thresholds_clr 83000 87000
I/ThermalEngine(  237): actions modem_cx+gpu+venus+mdp+wlan+camera+camcorder modem_cx+gpu+venus+mdp+wlan+camera+camcorder
I/ThermalEngine(  237): action_info 2+200000000+1+1+1+0+0 3+200000000+3+3+4+10+10
I/ThermalEngine(  237): [CX_MITIGATION_MONITOR_TSENS2]
I/ThermalEngine(  237): #algo_type monitor
I/ThermalEngine(  237): sampling 250
I/ThermalEngine(  237): sensor tsens_tz_sensor2
I/ThermalEngine(  237): thresholds 87000 92000
I/ThermalEngine(  237): thresholds_clr 83000 87000
I/ThermalEngine(  237): actions modem_cx+gpu+venus+mdp+wlan+camera+camcorder modem_cx+gpu+venus+mdp+wlan+camera+camcorder
I/ThermalEngine(  237): action_info 2+200000000+1+1+1+0+0 3+200000000+3+3+4+10+10
I/ThermalEngine(  237): [CAMERA_CAMCORDER_MONITOR]
I/ThermalEngine(  237): #algo_type monitor
I/ThermalEngine(  237): sampling 250
I/ThermalEngine(  237): sensor tsens_tz_sensor1
I/ThermalEngine(  237): thresholds 88000
I/ThermalEngine(  237): thresholds_clr 85000
I/ThermalEngine(  237): actions camera+camcorder
I/ThermalEngine(  237): action_info 10+10
I/ThermalEngine(  237): [CPU1_HOTPLUG_MONITOR]
I/ThermalEngine(  237): #algo_type monitor
I/ThermalEngine(  237): sampling 5000
I/ThermalEngine(  237): sensor case_therm
I/ThermalEngine(  237): thresholds 55000
I/ThermalEngine(  237): thresholds_clr 51000
I/ThermalEngine(  237): actions hotplug_1
I/ThermalEngine(  237): action_info 1
I/ThermalEngine(  237): [BATTERY-CHARGE-MONITOR]
I/ThermalEngine(  237): #algo_type monitor
I/ThermalEngine(  237): sampling 5000
I/ThermalEngine(  237): sensor case_therm
I/libmdmdetect(  237): ESOC framework not supported
I/libmdmdetect(  237): Found internal modem: modem
E/QC-QMI  (  237): qmi_client [237]: unable to connect to server, errno=[2:No such file or directory], attempt=1
I/ThermalEngine(  237): thresholds 44000 47000
I/ThermalEngine(  237): thresholds_clr 40000 44000
I/ThermalEngine(  237): actions battery battery
I/ThermalEngine(  237): action_info 1 2
I/ThermalEngine(  237): [SS-GPU]
I/ThermalEngine(  237): #algo_type ss
I/ThermalEngine(  237): sampling 250
I/ThermalEngine(  237): sensor tsens_tz_sensor2
I/ThermalEngine(  237): device gpu
I/ThermalEngine(  237): set_point 80000
I/ThermalEngine(  237): set_point_clr 55000
I/ThermalEngine(  237): time_constant 0
I/ThermalEngine(  237): [SS-CPU_SKIN_MITIGATION]
I/ThermalEngine(  237): #algo_type ss
I/ThermalEngine(  237): sampling 1000
I/ThermalEngine(  237): sensor case_therm
I/ThermalEngine(  237): device cpu
I/ThermalEngine(  237): set_point 40000
I/ThermalEngine(  237): set_point_clr 35000
I/ThermalEngine(  237): time_constant 3
I/ThermalEngine(  237): device_max_limit 800000
I/ThermalEngine(  237): [SS-CPU1-3]
I/ThermalEngine(  237): #algo_type ss
I/ThermalEngine(  237): sampling 65
I/ThermalEngine(  237): sensor tsens_tz_sensor4
I/ThermalEngine(  237): device cpu
I/ThermalEngine(  237): set_point 80000
I/ThermalEngine(  237): set_point_clr 55000
I/ThermalEngine(  237): time_constant 0
I/ThermalEngine(  237): [SS-CPU0-2]
I/ThermalEngine(  237): #algo_type ss
I/ThermalEngine(  237): sampling 65
I/ThermalEngine(  237): sensor tsens_tz_sensor3
I/ThermalEngine(  237): device cpu
I/ThermalEngine(  237): set_point 80000
I/ThermalEngine(  237): set_point_clr 55000
I/ThermalEngine(  237): time_constant 0
I/rmt_storage(  260): Shared memory initialised successfully.
I/rmt_storage(  260): No EBR found
I/rmt_storage(  260): Error (-1) parsing MBR partitions
I/rmt_storage(  260): Registering modemst1: 0x4a /boot/modem_fs1
I/rmt_storage(  260): Registering modemst2: 0x4b /boot/modem_fs2
I/rmt_storage(  260): Registering fsg: 0x58 /boot/modem_fsg
I/rmt_storage(  260): Registering fsc: 0xff /boot/modem_fsc
I/rmt_storage(  260): 4 GPT partitions found
I/rmt_storage(  260): Capset success!
I/rmt_storage(  260): rmt_storage_connect_cb: clnt_h=0x1 conn_h=0xb89d4410
I/rmt_storage(  260): rmt_storage_open_cb: /boot/modem_fs1: req_h=0x1 msg_id=1: Client found
I/rmt_storage(  260): rmt_storage_open_cb: /boot/modem_fs1: req_h=0x1 msg_id=1: Send response: res=0 err=0
I/rmt_storage(  260): rmt_storage_disconnect_cb: clnt_h=0x1 conn_h=0xb89d4410
I/rmt_storage(  260): rmt_storage_connect_cb: clnt_h=0x2 conn_h=0xb89d4410
I/rmt_storage(  260): rmt_storage_open_cb: /boot/modem_fs2: req_h=0x2 msg_id=1: Client found
I/rmt_storage(  260): rmt_storage_open_cb: /boot/modem_fs2: req_h=0x2 msg_id=1: Send response: res=0 err=0
I/rmt_storage(  260): rmt_storage_disconnect_cb: clnt_h=0x2 conn_h=0xb89d4410
I/rmt_storage(  260): rmt_storage_connect_cb: clnt_h=0x3 conn_h=0xb89d4410
I/rmt_storage(  260): rmt_storage_open_cb: /boot/modem_fsg: req_h=0x3 msg_id=1: Client found
I/rmt_storage(  260): rmt_storage_open_cb: /boot/modem_fsg: req_h=0x3 msg_id=1: Send response: res=0 err=0
I/rmt_storage(  260): rmt_storage_disconnect_cb: clnt_h=0x3 conn_h=0xb89d4410
I/rmt_storage(  260): rmt_storage_connect_cb: clnt_h=0x4 conn_h=0xb89d4410
I/rmt_storage(  260): rmt_storage_open_cb: /boot/modem_fsc: req_h=0x4 msg_id=1: Client found
I/rmt_storage(  260): rmt_storage_open_cb: /boot/modem_fsc: req_h=0x4 msg_id=1: Send response: res=0 err=0
I/rmt_storage(  260): rmt_storage_disconnect_cb: clnt_h=0x4 conn_h=0xb89d4410
I/rmt_storage(  260): rmt_storage_connect_cb: clnt_h=0x5 conn_h=0xb89d4410
I/rmt_storage(  260): rmt_storage_alloc_buff_cb: /boot/modem_fs1: req_h=0x5 msg_id=4: Alloc request received: Size: 0
I/rmt_storage(  260): rmt_storage_alloc_buff_cb: /boot/modem_fs1: req_h=0x5 msg_id=4: New client making a dummy request with buffer req size 0
I/rmt_storage(  260): rmt_storage_alloc_buff_cb: /boot/modem_fs1: req_h=0x5 msg_id=4: Send response: res=0 err=0
I/rmt_storage(  260): rmt_storage_connect_cb: clnt_h=0x6 conn_h=0xb89d4468
I/rmt_storage(  260): rmt_storage_rw_iovec_cb: /boot/modem_fs1: req_h=0x6 msg_id=3: R/W request received
I/rmt_storage(  260): wakelock acquired: 1, error no: 42
I/rmt_storage(  260): rmt_storage_disconnect_cb: clnt_h=0x5 conn_h=0xb89d4410
D/tftp_server(  235): pid=235 tid=235 tftp-server : DBG :[tftp_server.c, 582] Server waiting for client-connection.
I/rmt_storage(  260): rmt_storage_client_thread: /boot/modem_fs1: Worker thread started
I/rmt_storage(  260): wake lock name: rmt_storage_-1197652656, name creation success: 23
I/rmt_storage(  260): rmt_storage_client_thread: /boot/modem_fs2: Worker thread started
I/rmt_storage(  260): wake lock name: rmt_storage_-1197652072, name creation success: 23
I/rmt_storage(  260): rmt_storage_client_thread: /boot/modem_fsg: Worker thread started
I/rmt_storage(  260): wake lock name: rmt_storage_-1197651488, name creation success: 23
I/rmt_storage(  260): rmt_storage_client_thread: /boot/modem_fsc: Worker thread started
I/rmt_storage(  260): wake lock name: rmt_storage_-1197650904, name creation success: 23
I/ThermalEngine(  237): vdd_restrict_qmi_request: MODEM req level(0) is recorded and waiting for completing QMI registration
I/ThermalEngine(  237): vdd_restrict_qmi_request: ADSP req level(0) is recorded and waiting for completing QMI registration
I/ThermalEngine(  237): hotplug_ktm_disable_cb: write out 0
I/rmt_storage(  260): rmt_storage_client_thread: /boot/modem_fs1: req_h=0x6 msg_id=3: Bytes read = 512
I/rmt_storage(  260): rmt_storage_client_thread: /boot/modem_fs1: req_h=0x6 msg_id=3: Send response: res=0 err=0
I/rmt_storage(  260): rmt_storage_client_thread: /boot/modem_fs1: About to block rmt_storage client thread (th_id: -1197652656) wakelock released: 0, error no: 22
I/rmt_storage(  260): 
I/rmt_storage(  260): rmt_storage_disconnect_cb: clnt_h=0x6 conn_h=0xb89d4468
I/rmt_storage(  260): rmt_storage_connect_cb: clnt_h=0x7 conn_h=0xb89d4410
I/rmt_storage(  260): rmt_storage_rw_iovec_cb: /boot/modem_fs2: req_h=0x7 msg_id=3: R/W request received
I/rmt_storage(  260): wakelock acquired: 1, error no: 42
I/rmt_storage(  260): rmt_storage_client_thread: /boot/modem_fs2: Unblock worker thread (th_id: -1197652072)
I/rmt_storage(  260): rmt_storage_client_thread: /boot/modem_fs2: req_h=0x7 msg_id=3: Bytes read = 512
I/rmt_storage(  260): rmt_storage_client_thread: /boot/modem_fs2: req_h=0x7 msg_id=3: Send response: res=0 err=0
I/rmt_storage(  260): rmt_storage_client_thread: /boot/modem_fs2: About to block rmt_storage client thread (th_id: -1197652072) wakelock released: 1, error no: 0
I/rmt_storage(  260): 
I/rmt_storage(  260): rmt_storage_disconnect_cb: clnt_h=0x7 conn_h=0xb89d4410
I/rmt_storage(  260): rmt_storage_connect_cb: clnt_h=0x8 conn_h=0xb89d4410
I/rmt_storage(  260): rmt_storage_rw_iovec_cb: /boot/modem_fs1: req_h=0x8 msg_id=3: R/W request received
I/rmt_storage(  260): wakelock acquired: 1, error no: 42
I/rmt_storage(  260): rmt_storage_client_thread: /boot/modem_fs1: Unblock worker thread (th_id: -1197652656)
I/irsc_util(  264): irsc tool created:0xb8c3d688
I/irsc_util(  264): Starting irsc tool
I/irsc_util(  264): Trying to open sec config file
D/QC-time-services(  308): Daemon:genoff_pre_init::Base = 0
D/QC-time-services(  308): Daemon:ats_rtc_init: Time read from RTC -- year = 70, month = 0,day = 5
I/rmt_storage(  260): rmt_storage_client_thread: /boot/modem_fs1: req_h=0x8 msg_id=3: Bytes read = 916480
I/rmt_storage(  260): rmt_storage_client_thread: /boot/modem_fs1: req_h=0x8 msg_id=3: Send response: res=0 err=0
I/rmt_storage(  260): rmt_storage_client_thread: /boot/modem_fs1: About to block rmt_storage client thread (th_id: -1197652656) wakelock released: 1, error no: 22
I/rmt_storage(  260): 
I/rmt_storage(  260): rmt_storage_disconnect_cb: clnt_h=0x8 conn_h=0xb89d4410
I/QCOMSysDaemon(  232): Registering mode reset handler
I/irsc_util(  264): file_parser Number of element :0
I/irsc_util(  264): file_parser Invalid Format or Comment - '/* IPC Security Config */
I/irsc_util(  264): '
I/irsc_util(  264): file_parser Number of element :0
I/irsc_util(  264): file_parser Invalid Format or Comment - '/* <GPS QMI Service ID - 16>:<GPS QMI Instance ID - all instances>:<Client Group ID> */
I/irsc_util(  264): '
I/irsc_util(  264): file_parser Number of element :4
I/irsc_util(  264): file_parser Number of element :0
I/irsc_util(  264): file_parser Invalid Format or Comment - '/* Allow SS CTL service to be used by system and net_raw processes */
I/irsc_util(  264): '
I/irsc_util(  264): file_parser Number of element :4
I/irsc_util(  264): file_parser Number of element :0
I/irsc_util(  264): file_parser Invalid Format or Comment - '/* <UIMRMT QMI Service ID - 16>:<UIMRMT QMI Instance ID - all instances>:<Client Group ID> */
I/irsc_util(  264): '
I/irsc_util(  264): file_parser Number of element :3
I/irsc_util(  264): file_parser Number of element :0
I/irsc_util(  264): file_parser Invalid Format or Comment - '/* Allow Sensor services to be used by sensor process */
I/irsc_util(  264): '
I/irsc_util(  264): file_parser Number of element :3
I/irsc_util(  264): file_parser Number of element :3
I/irsc_util(  264): file_parser Number of element :3
I/irsc_util(  264): file_parser Number of element :3
I/irsc_util(  264): file_parser Number of element :3
I/irsc_util(  264): file_parser Number of element :3
I/irsc_util(  264): file_parser Number of element :3
I/irsc_util(  264): file_parser Number of element :3
I/irsc_util(  264): file_parser Number of element :3
I/irsc_util(  264): file_parser Number of element :3
I/irsc_util(  264): file_parser Number of element :3
I/irsc_util(  264): file_parser Number of element :3
I/irsc_util(  264): file_parser Number of element :3
I/irsc_util(  264): file_parser Number of element :3
I/irsc_util(  264): file_parser Number of element :3
I/irsc_util(  264): file_parser Number of element :3
I/irsc_util(  264): file_parser Number of element :3
I/irsc_util(  264): file_parser Number of element :3
I/irsc_util(  264): file_parser Number of element :3
I/irsc_util(  264): file_parser Number of element :3
I/irsc_util(  264): file_parser Number of element :3
I/irsc_util(  264): file_parser Number of element :3
I/irsc_util(  264): file_parser Number of element :3
I/irsc_util(  264): file_parser Number of element :3
I/irsc_util(  264): file_parser Number of element :3
I/irsc_util(  264): file_parser Number of element :3
I/irsc_util(  264): file_parser Number of element :3
I/irsc_util(  264): file_parser Number of element :3
I/irsc_util(  264): file_parser Number of element :3
I/irsc_util(  264): file_parser Number of element :3
I/irsc_util(  264): file_parser Number of element :3
I/irsc_util(  264): file_parser Number of element :3
I/irsc_util(  264): file_parser Number of element :3
I/irsc_util(  264): file_parser Number of element :3
I/irsc_util(  264): file_parser Number of element :3
I/irsc_util(  264): file_parser Number of element :3
I/irsc_util(  264): file_parser Number of element :3
I/irsc_util(  264): file_parser Number of element :3
I/irsc_util(  264): file_parser Number of element :3
I/irsc_util(  264): file_parser Number of element :3
I/irsc_util(  264): file_parser Number of element :3
I/irsc_util(  264): file_parser Number of element :3
I/irsc_util(  264): file_parser Number of element :3
I/irsc_util(  264): file_parser Number of element :3
I/irsc_util(  264): file_parser Number of element :3
I/irsc_util(  264): file_parser Number of element :3
I/irsc_util(  264): file_parser Number of element :3
I/irsc_util(  264): file_parser Number of element :3
I/irsc_util(  264): file_parser Number of element :3
I/irsc_util(  264): file_parser Number of element :3
I/irsc_util(  264): file_parser Number of element :3
I/irsc_util(  264): file_parser Number of element :3
I/irsc_util(  264): file_parser Number of element :3
I/irsc_util(  264): file_parser Number of element :3
I/irsc_util(  264): file_parser Number of element :3
I/irsc_util(  264): file_parser Number of element :3
I/irsc_util(  264): file_parser Number of element :3
I/irsc_util(  264): file_parser Number of element :3
I/irsc_util(  264): file_parser Number of element :3
I/irsc_util(  264): file_parser Number of element :3
I/irsc_util(  264): file_parser Number of element :3
I/irsc_util(  264): file_parser Number of element :3
I/irsc_util(  264): file_parser Number of element :3
I/irsc_util(  264): file_parser Number of element :3
I/irsc_util(  264): file_parser Number of element :3
I/irsc_util(  264): file_parser Number of element :3
I/irsc_util(  264): file_parser Number of element :3
I/irsc_util(  264): file_parser Number of element :3
I/irsc_util(  264): file_parser Number of element :3
I/irsc_util(  264): file_parser Number of element :3
I/irsc_util(  264): file_parser Number of element :3
I/irsc_util(  264): file_parser Number of element :3
I/irsc_util(  264): file_parser Number of element :3
I/irsc_util(  264): file_parser Number of element :3
I/irsc_util(  264): file_parser Number of element :3
I/irsc_util(  264): file_parser Number of element :3
I/irsc_util(  264): file_parser Number of element :3
I/irsc_util(  264): file_parser Number of element :3
I/irsc_util(  264): file_parser Number of element :3
I/irsc_util(  264): file_parser Number of element :3
I/irsc_util(  264): file_parser Number of element :3
I/irsc_util(  264): file_parser Number of element :3
I/irsc_util(  264): file_parser Number of element :3
I/irsc_util(  264): file_parser Number of element :3
I/irsc_util(  264): file_parser Number of element :3
I/irsc_util(  264): file_parser Number of element :3
I/irsc_util(  264): file_parser Number of element :3
I/irsc_util(  264): file_parser Number of element :3
I/irsc_util(  264): file_parser Number of element :3
I/irsc_util(  264): file_parser Number of element :3
I/irsc_util(  264): file_parser Number of element :3
I/irsc_util(  264): file_parser Number of element :3
I/irsc_util(  264): file_parser Number of element :3
I/irsc_util(  264): file_parser Number of element :3
I/irsc_util(  264): file_parser Number of element :3
I/irsc_util(  264): file_parser Number of element :3
I/irsc_util(  264): file_parser Number of element :3
I/irsc_util(  264): file_parser Number of element :3
I/irsc_util(  264): file_parser Number of element :3
I/irsc_util(  264): file_parser Number of element :3
I/irsc_util(  264): file_parser Number of element :3
I/irsc_util(  264): file_parser Number of element :3
I/irsc_util(  264): file_parser Number of element :3
I/irsc_util(  264): file_parser Number of element :3
I/irsc_util(  264): file_parser Number of element :3
I/irsc_util(  264): file_parser Number of element :3
I/irsc_util(  264): file_parser Number of element :3
I/irsc_util(  264): file_parser Number of element :3
I/irsc_util(  264): file_parser Number of element :3
I/irsc_util(  264): file_parser Number of element :3
I/irsc_util(  264): file_parser Number of element :3
I/irsc_util(  264): file_parser Number of element :3
I/irsc_util(  264): file_parser Number of element :3
I/irsc_util(  264): file_parser Number of element :3
I/irsc_util(  264): file_parser Number of element :3
I/irsc_util(  264): file_parser Number of element :3
I/irsc_util(  264): file_parser Number of element :3
I/irsc_util(  264): file_parser Number of element :3
I/irsc_util(  264): file_parser Number of element :3
I/irsc_util(  264): file_parser Number of element :3
I/irsc_util(  264): file_parser Number of element :3
I/irsc_util(  264): file_parser Number of element :3
I/irsc_util(  264): file_parser Number of element :3
I/irsc_util(  264): file_parser Number of element :3
I/irsc_util(  264): file_parser Number of element :3
I/irsc_util(  264): file_parser Number of element :3
I/irsc_util(  264): file_parser Number of element :3
I/irsc_util(  264): file_parser Number of element :3
I/irsc_util(  264): file_parser Number of element :3
I/irsc_util(  264): file_parser Number of element :3
I/irsc_util(  264): file_parser Number of element :3
I/irsc_util(  264): file_parser Number of element :3
I/irsc_util(  264): file_parser Number of element :3
I/irsc_util(  264): file_parser Number of element :3
I/irsc_util(  264): file_parser Number of element :3
I/irsc_util(  264): file_parser Number of element :3
I/irsc_util(  264): file_parser Number of element :3
I/irsc_util(  264): file_parser Number of element :3
I/irsc_util(  264): file_parser Number of element :3
I/irsc_util(  264): file_parser Number of element :3
I/irsc_util(  264): file_parser Number of element :3
I/irsc_util(  264): file_parser Number of element :3
I/irsc_util(  264): file_parser Number of element :3
I/irsc_util(  264): file_parser Number of element :3
I/irsc_util(  264): file_parser Number of element :3
I/irsc_util(  264): file_parser Number of element :3
I/irsc_util(  264): file_parser Number of element :3
I/irsc_util(  264): file_parser Number of element :3
I/irsc_util(  264): file_parser Number of element :3
I/irsc_util(  264): file_parser Number of element :3
I/irsc_util(  264): file_parser Number of element :3
I/irsc_util(  264): file_parser Number of element :3
I/irsc_util(  264): file_parser Number of element :3
I/irsc_util(  264): file_parser Number of element :3
I/irsc_util(  264): file_parser Number of element :3
I/irsc_util(  264): file_parser Number of element :3
I/irsc_util(  264): file_parser Number of element :3
I/irsc_util(  264): file_parser Number of element :3
I/irsc_util(  264): file_parser Number of element :3
I/irsc_util(  264): file_parser Number of element :3
I/irsc_util(  264): file_parser Number of element :3
I/irsc_util(  264): file_parser Number of element :3
I/irsc_util(  264): file_parser Number of element :3
I/irsc_util(  264): file_parser Number of element :3
I/irsc_util(  264): file_parser Number of element :3
I/irsc_util(  264): file_parser Number of element :3
I/irsc_util(  264): file_parser Number of element :3
I/irsc_util(  264): file_parser Number of element :3
I/irsc_util(  264): file_parser Number of element :3
I/irsc_util(  264): file_parser Number of element :3
I/irsc_util(  264): file_parser Number of element :3
I/irsc_util(  264): file_parser Number of element :3
I/irsc_util(  264): file_parser Number of element :3
I/irsc_util(  264): file_parser Number of element :3
I/irsc_util(  264): file_parser Number of element :3
I/irsc_util(  264): file_parser Number of element :3
I/irsc_util(  264): file_parser Number of element :3
I/irsc_util(  264): file_parser Number of element :3
I/irsc_util(  264): file_parser Number of element :3
I/irsc_util(  264): file_parser Number of element :3
I/irsc_util(  264): file_parser Number of element :3
I/irsc_util(  264): file_parser Number of element :3
I/irsc_util(  264): file_parser Number of element :3
I/irsc_util(  264): file_parser Number of element :3
I/irsc_util(  264): file_parser Number of element :3
I/irsc_util(  264): file_parser Number of element :3
I/irsc_util(  264): file_parser Number of element :3
I/irsc_util(  264): file_parser Number of element :3
I/irsc_util(  264): file_parser Number of element :3
I/irsc_util(  264): file_parser Number of element :3
I/irsc_util(  264): file_parser Number of element :3
I/irsc_util(  264): file_parser Number of element :3
I/irsc_util(  264): file_parser Number of element :3
I/irsc_util(  264): file_parser Number of element :3
I/irsc_util(  264): file_parser Number of element :3
I/irsc_util(  264): file_parser Number of element :3
I/irsc_util(  264): file_parser Number of element :3
I/irsc_util(  264): file_parser Number of element :3
I/irsc_util(  264): file_parser Number of element :3
I/irsc_util(  264): file_parser Number of element :3
I/irsc_util(  264): file_parser Number of element :3
I/irsc_util(  264): file_parser Number of element :3
I/irsc_util(  264): file_parser Number of element :3
I/irsc_util(  264): file_parser Number of element :3
I/irsc_util(  264): file_parser Number of element :3
I/irsc_util(  264): file_parser Number of element :3
I/irsc_util(  264): file_parser Number of element :3
I/irsc_util(  264): file_parser Number of element :3
I/irsc_util(  264): file_parser Number of element :3
I/irsc_util(  264): file_parser Number of element :3
I/irsc_util(  264): file_parser Number of element :3
I/irsc_util(  264): file_parser Number of element :3
I/irsc_util(  264): file_parser Number of element :3
I/irsc_util(  264): file_parser Number of element :3
I/irsc_util(  264): file_parser Number of element :3
I/irsc_util(  264): file_parser Number of element :3
I/irsc_util(  264): file_parser Number of element :3
I/irsc_util(  264): file_parser Number of element :3
I/irsc_util(  264): file_parser Number of element :3
I/irsc_util(  264): file_parser Number of element :3
I/irsc_util(  264): file_parser Number of element :3
I/irsc_util(  264): file_parser Number of element :3
I/irsc_util(  264): file_parser Number of element :3
I/irsc_util(  264): file_parser Number of element :3
I/irsc_util(  264): file_parser Number of element :3
I/irsc_util(  264): file_parser Number of element :3
I/irsc_util(  264): file_parser Number of element :3
I/irsc_util(  264): file_parser Number of element :3
I/irsc_util(  264): file_parser Number of element :3
I/irsc_util(  264): file_parser Number of element :3
I/irsc_util(  264): file_parser Number of element :3
I/irsc_util(  264): file_parser Number of element :3
I/irsc_util(  264): file_parser Number of element :3
I/irsc_util(  264): file_parser Number of element :3
I/irsc_util(  264): file_parser Number of element :3
I/irsc_util(  264): file_parser Number of element :3
I/irsc_util(  264): file_parser Number of element :3
I/irsc_util(  264): file_parser Number of element :3
I/irsc_util(  264): file_parser Number of element :3
I/irsc_util(  264): file_parser Number of element :3
I/irsc_util(  264): file_parser Number of element :3
I/irsc_util(  264): file_parser Number of element :3
I/irsc_util(  264): file_parser Number of element :3
I/irsc_util(  264): file_parser Number of element :3
I/irsc_util(  264): file_parser Number of element :3
I/irsc_util(  264): file_parser Number of element :3
I/irsc_util(  264): file_parser Number of element :3
I/irsc_util(  264): file_parser Number of element :3
I/irsc_util(  264): file_parser Number of element :3
I/irsc_util(  264): file_parser Number of element :3
I/irsc_util(  264): file_parser Number of element :3
I/irsc_util(  264): file_parser Number of element :3
I/irsc_util(  264): file_parser Number of element :3
I/irsc_util(  264): file_parser Number of element :3
I/irsc_util(  264): file_parser Number of element :3
I/irsc_util(  264): file_parser Number of element :3
I/irsc_util(  264): file_parser Number of element :0
I/irsc_util(  264): file_parser Invalid Format or Comment - '/* Allow RCS service to aquire net_raw permission */
I/irsc_util(  264): '
I/irsc_util(  264): file_parser Number of element :4
I/irsc_util(  264): file_parser Number of element :0
I/irsc_util(  264): file_parser Invalid Format or Comment - '/* Allow QMID service to aquire net_raw permission */
I/irsc_util(  264): '
I/irsc_util(  264): file_parser Number of element :4
I/irsc_util(  264): file_parser Number of element :4
I/irsc_util(  264): file_parser Number of element :4
I/irsc_util(  264): file_parser Number of element :4
I/irsc_util(  264): file_parser Number of element :4
I/irsc_util(  264): file_parser Number of element :4
I/irsc_util(  264): file_parser Number of element :0
I/irsc_util(  264): file_parser Invalid Format or Comment - '/* IPC Security Config */
I/irsc_util(  264): '
I/irsc_util(  264): file_parser Number of element :0
I/irsc_util(  264): file_parser Invalid Format or Comment - '/* <GPS QMI Service ID - 16>:<GPS QMI Instance ID - all instances>:<Client Group ID> */
I/irsc_util(  264): '
I/irsc_util(  264): file_parser Number of element :4
I/irsc_util(  264): file_parser Number of element :0
I/irsc_util(  264): file_parser Invalid Format or Comment - '/* Allow SS CTL service to be used by system and net_raw processes */
I/irsc_util(  264): '
I/irsc_util(  264): file_parser Number of element :4
I/irsc_util(  264): file_parser Number of element :0
I/irsc_util(  264): file_parser Invalid Format or Comment - '/* <UIMRMT QMI Service ID - 16>:<UIMRMT QMI Instance ID - all instances>:<Client Group ID> */
I/irsc_util(  264): '
I/irsc_util(  264): file_parser Number of element :3
I/irsc_util(  264): file_parser Number of element :0
I/irsc_util(  264): file_parser Invalid Format or Comment - '/* Allow Sensor services to be used by sensor process */
I/irsc_util(  264): '
I/irsc_util(  264): file_parser Number of element :3
I/irsc_util(  264): file_parser Number of element :3
I/irsc_util(  264): file_parser Number of element :3
I/irsc_util(  264): file_parser Number of element :3
I/irsc_util(  264): file_parser Number of element :3
I/irsc_util(  264): file_parser Number of element :3
I/irsc_util(  264): file_parser Number of element :3
I/irsc_util(  264): file_parser Number of element :3
I/irsc_util(  264): file_parser Number of element :3
I/irsc_util(  264): file_parser Number of element :3
I/irsc_util(  264): file_parser Number of element :3
I/irsc_util(  264): file_parser Number of element :3
I/irsc_util(  264): file_parser Number of element :3
I/irsc_util(  264): file_parser Number of element :3
I/irsc_util(  264): file_parser Number of element :3
I/irsc_util(  264): file_parser Number of element :3
I/irsc_util(  264): file_parser Number of element :3
I/irsc_util(  264): file_parser Number of element :3
I/irsc_util(  264): file_parser Number of element :3
I/irsc_util(  264): file_parser Number of element :3
I/irsc_util(  264): file_parser Number of element :3
I/irsc_util(  264): file_parser Number of element :3
I/irsc_util(  264): file_parser Number of element :3
I/irsc_util(  264): file_parser Number of element :3
I/irsc_util(  264): file_parser Number of element :3
I/irsc_util(  264): file_parser Number of element :3
I/irsc_util(  264): file_parser Number of element :3
I/irsc_util(  264): file_parser Number of element :3
I/irsc_util(  264): file_parser Number of element :3
I/irsc_util(  264): file_parser Number of element :3
I/irsc_util(  264): file_parser Number of element :3
I/irsc_util(  264): file_parser Number of element :3
I/irsc_util(  264): file_parser Number of element :3
I/irsc_util(  264): file_parser Number of element :3
I/irsc_util(  264): file_parser Number of element :3
I/irsc_util(  264): file_parser Number of element :3
I/irsc_util(  264): file_parser Number of element :3
I/irsc_util(  264): file_parser Number of element :3
I/irsc_util(  264): file_parser Number of element :3
I/irsc_util(  264): file_parser Number of element :3
I/irsc_util(  264): file_parser Number of element :3
I/irsc_util(  264): file_parser Number of element :3
I/irsc_util(  264): file_parser Number of element :3
I/irsc_util(  264): file_parser Number of element :3
I/irsc_util(  264): file_parser Number of element :3
I/irsc_util(  264): file_parser Number of element :3
I/irsc_util(  264): file_parser Number of element :3
I/irsc_util(  264): file_parser Number of element :3
I/irsc_util(  264): file_parser Number of element :3
I/irsc_util(  264): file_parser Number of element :3
I/irsc_util(  264): file_parser Number of element :3
I/irsc_util(  264): file_parser Number of element :3
I/irsc_util(  264): file_parser Number of element :3
I/irsc_util(  264): file_parser Number of element :3
I/irsc_util(  264): file_parser Number of element :3
I/irsc_util(  264): file_parser Number of element :3
I/irsc_util(  264): file_parser Number of element :3
I/irsc_util(  264): file_parser Number of element :3
I/irsc_util(  264): file_parser Number of element :3
I/irsc_util(  264): file_parser Number of element :3
I/irsc_util(  264): file_parser Number of element :3
I/irsc_util(  264): file_parser Number of element :3
I/irsc_util(  264): file_parser Number of element :3
I/irsc_util(  264): file_parser Number of element :3
I/irsc_util(  264): file_parser Number of element :3
I/irsc_util(  264): file_parser Number of element :3
I/irsc_util(  264): file_parser Number of element :3
I/irsc_util(  264): file_parser Number of element :3
I/irsc_util(  264): file_parser Number of element :3
I/irsc_util(  264): file_parser Number of element :3
I/irsc_util(  264): file_parser Number of element :3
I/irsc_util(  264): file_parser Number of element :3
I/irsc_util(  264): file_parser Number of element :3
I/irsc_util(  264): file_parser Number of element :3
I/irsc_util(  264): file_parser Number of element :3
I/irsc_util(  264): file_parser Number of element :3
I/irsc_util(  264): file_parser Number of element :3
I/irsc_util(  264): file_parser Number of element :3
I/irsc_util(  264): file_parser Number of element :3
I/irsc_util(  264): file_parser Number of element :3
I/irsc_util(  264): file_parser Number of element :3
I/irsc_util(  264): file_parser Number of element :3
I/irsc_util(  264): file_parser Number of element :3
I/irsc_util(  264): file_parser Number of element :3
I/irsc_util(  264): file_parser Number of element :3
I/irsc_util(  264): file_parser Number of element :3
I/irsc_util(  264): file_parser Number of element :3
I/irsc_util(  264): file_parser Number of element :3
I/irsc_util(  264): file_parser Number of element :3
I/irsc_util(  264): file_parser Number of element :3
I/irsc_util(  264): file_parser Number of element :3
I/irsc_util(  264): file_parser Number of element :3
I/irsc_util(  264): file_parser Number of element :3
I/irsc_util(  264): file_parser Number of element :3
I/irsc_util(  264): file_parser Number of element :3
I/irsc_util(  264): file_parser Number of element :3
I/irsc_util(  264): file_parser Number of element :3
I/irsc_util(  264): file_parser Number of element :3
I/irsc_util(  264): file_parser Number of element :3
I/irsc_util(  264): file_parser Number of element :3
I/irsc_util(  264): file_parser Number of element :3
I/irsc_util(  264): file_parser Number of element :3
I/irsc_util(  264): file_parser Number of element :3
I/irsc_util(  264): file_parser Number of element :3
I/irsc_util(  264): file_parser Number of element :3
I/irsc_util(  264): file_parser Number of element :3
I/irsc_util(  264): file_parser Number of element :3
I/irsc_util(  264): file_parser Number of element :3
I/irsc_util(  264): file_parser Number of element :3
I/irsc_util(  264): file_parser Number of element :3
I/irsc_util(  264): file_parser Number of element :3
I/irsc_util(  264): file_parser Number of element :3
I/irsc_util(  264): file_parser Number of element :3
I/irsc_util(  264): file_parser Number of element :3
I/irsc_util(  264): file_parser Number of element :3
I/irsc_util(  264): file_parser Number of element :3
I/irsc_util(  264): file_parser Number of element :3
I/irsc_util(  264): file_parser Number of element :3
I/irsc_util(  264): file_parser Number of element :3
I/irsc_util(  264): file_parser Number of element :3
I/irsc_util(  264): file_parser Number of element :3
I/irsc_util(  264): file_parser Number of element :3
I/irsc_util(  264): file_parser Number of element :3
I/irsc_util(  264): file_parser Number of element :3
I/irsc_util(  264): file_parser Number of element :3
I/irsc_util(  264): file_parser Number of element :3
I/irsc_util(  264): file_parser Number of element :3
I/irsc_util(  264): file_parser Number of element :3
I/irsc_util(  264): file_parser Number of element :3
I/irsc_util(  264): file_parser Number of element :3
I/irsc_util(  264): file_parser Number of element :3
I/irsc_util(  264): file_parser Number of element :3
I/irsc_util(  264): file_parser Number of element :3
I/irsc_util(  264): file_parser Number of element :3
I/irsc_util(  264): file_parser Number of element :3
I/irsc_util(  264): file_parser Number of element :3
I/irsc_util(  264): file_parser Number of element :3
I/irsc_util(  264): file_parser Number of element :3
I/irsc_util(  264): file_parser Number of element :3
I/irsc_util(  264): file_parser Number of element :3
I/irsc_util(  264): file_parser Number of element :3
I/irsc_util(  264): file_parser Number of element :3
I/irsc_util(  264): file_parser Number of element :3
I/irsc_util(  264): file_parser Number of element :3
I/irsc_util(  264): file_parser Number of element :3
I/irsc_util(  264): file_parser Number of element :3
I/irsc_util(  264): file_parser Number of element :3
I/irsc_util(  264): file_parser Number of element :3
I/irsc_util(  264): file_parser Number of element :3
I/irsc_util(  264): file_parser Number of element :3
I/irsc_util(  264): file_parser Number of element :3
I/irsc_util(  264): file_parser Number of element :3
I/irsc_util(  264): file_parser Number of element :3
I/irsc_util(  264): file_parser Number of element :3
I/irsc_util(  264): file_parser Number of element :3
I/irsc_util(  264): file_parser Number of element :3
I/irsc_util(  264): file_parser Number of element :3
I/irsc_util(  264): file_parser Number of element :3
I/irsc_util(  264): file_parser Number of element :3
I/irsc_util(  264): file_parser Number of element :3
I/irsc_util(  264): file_parser Number of element :3
I/irsc_util(  264): file_parser Number of element :3
I/irsc_util(  264): file_parser Number of element :3
I/irsc_util(  264): file_parser Number of element :3
I/irsc_util(  264): file_parser Number of element :3
I/irsc_util(  264): file_parser Number of element :3
I/irsc_util(  264): file_parser Number of element :3
I/irsc_util(  264): file_parser Number of element :3
I/irsc_util(  264): file_parser Number of element :3
I/irsc_util(  264): file_parser Number of element :3
I/irsc_util(  264): file_parser Number of element :3
I/irsc_util(  264): file_parser Number of element :3
I/irsc_util(  264): file_parser Number of element :3
I/irsc_util(  264): file_parser Number of element :3
I/irsc_util(  264): file_parser Number of element :3
I/irsc_util(  264): file_parser Number of element :3
I/irsc_util(  264): file_parser Number of element :3
I/irsc_util(  264): file_parser Number of element :3
I/irsc_util(  264): file_parser Number of element :3
I/irsc_util(  264): file_parser Number of element :3
I/irsc_util(  264): file_parser Number of element :3
I/irsc_util(  264): file_parser Number of element :3
I/irsc_util(  264): file_parser Number of element :3
I/irsc_util(  264): file_parser Number of element :3
I/irsc_util(  264): file_parser Number of element :3
I/irsc_util(  264): file_parser Number of element :3
I/irsc_util(  264): file_parser Number of element :3
I/irsc_util(  264): file_parser Number of element :3
I/irsc_util(  264): file_parser Number of element :3
I/irsc_util(  264): file_parser Number of element :3
I/irsc_util(  264): file_parser Number of element :3
I/irsc_util(  264): file_parser Number of element :3
I/irsc_util(  264): file_parser Number of element :3
I/irsc_util(  264): file_parser Number of element :3
I/irsc_util(  264): file_parser Number of element :3
I/irsc_util(  264): file_parser Number of element :3
I/irsc_util(  264): file_parser Number of element :3
I/irsc_util(  264): file_parser Number of element :3
I/irsc_util(  264): file_parser Number of element :3
I/irsc_util(  264): file_parser Number of element :3
I/irsc_util(  264): file_parser Number of element :3
I/irsc_util(  264): file_parser Number of element :3
I/irsc_util(  264): file_parser Number of element :3
I/irsc_util(  264): file_parser Number of element :3
I/irsc_util(  264): file_parser Number of element :3
I/irsc_util(  264): file_parser Number of element :3
I/irsc_util(  264): file_parser Number of element :3
I/irsc_util(  264): file_parser Number of element :3
I/irsc_util(  264): file_parser Number of element :3
I/irsc_util(  264): file_parser Number of element :3
I/irsc_util(  264): file_parser Number of element :3
I/irsc_util(  264): file_parser Number of element :3
I/irsc_util(  264): file_parser Number of element :3
I/irsc_util(  264): file_parser Number of element :3
I/irsc_util(  264): file_parser Number of element :3
I/irsc_util(  264): file_parser Number of element :3
I/irsc_util(  264): file_parser Number of element :3
I/irsc_util(  264): file_parser Number of element :3
I/irsc_util(  264): file_parser Number of element :3
I/irsc_util(  264): file_parser Number of element :3
I/irsc_util(  264): file_parser Number of element :3
I/irsc_util(  264): file_parser Number of element :3
I/irsc_util(  264): file_parser Number of element :3
I/irsc_util(  264): file_parser Number of element :3
I/irsc_util(  264): file_parser Number of element :3
I/irsc_util(  264): file_parser Number of element :3
I/irsc_util(  264): file_parser Number of element :3
I/irsc_util(  264): file_parser Number of element :3
I/irsc_util(  264): file_parser Number of element :3
I/irsc_util(  264): file_parser Number of element :3
I/irsc_util(  264): file_parser Number of element :3
I/irsc_util(  264): file_parser Number of element :3
I/irsc_util(  264): file_parser Number of element :3
I/irsc_util(  264): file_parser Number of element :3
I/irsc_util(  264): file_parser Number of element :3
I/irsc_util(  264): file_parser Number of element :3
I/irsc_util(  264): file_parser Number of element :3
I/irsc_util(  264): file_parser Number of element :3
I/irsc_util(  264): file_parser Number of element :3
I/irsc_util(  264): file_parser Number of element :3
I/irsc_util(  264): file_parser Number of element :3
I/irsc_util(  264): file_parser Number of element :3
I/irsc_util(  264): file_parser Number of element :3
I/irsc_util(  264): file_parser Number of element :3
I/irsc_util(  264): file_parser Number of element :3
I/irsc_util(  264): file_parser Number of element :3
I/irsc_util(  264): file_parser Number of element :3
I/irsc_util(  264): file_parser Number of element :3
I/irsc_util(  264): file_parser Number of element :3
I/irsc_util(  264): file_parser Number of element :3
I/irsc_util(  264): file_parser Number of element :3
I/irsc_util(  264): file_parser Number of element :3
I/irsc_util(  264): file_parser Number of element :3
I/irsc_util(  264): file_parser Number of element :3
I/irsc_util(  264): file_parser Number of element :3
I/irsc_util(  264): file_parser Number of element :3
I/irsc_util(  264): file_parser Number of element :0
I/irsc_util(  264): file_parser Invalid Format or Comment - '/* Allow RCS service to aquire net_raw permission */
I/irsc_util(  264): '
I/irsc_util(  264): file_parser Number of element :4
I/irsc_util(  264): file_parser Number of element :0
I/irsc_util(  264): file_parser Invalid Format or Comment - '/* Allow QMID service to aquire net_raw permission */
I/irsc_util(  264): '
I/irsc_util(  264): file_parser Number of element :4
