E/QC-QMI  (  360): qmi_qmux_tx_msg: failed to open inactive connd_id=48
E/QC-QMI  (  360): qmi_qmux: TX failed, connection inactive or in reset, conn_id=48, status_flags=4
E/QC-QMI  (  360): qmi_ctl_tx_msg: qmi_qmux_tx_msg failed
E/QC-QMI  (  360): qmi_ctl_handle_request: qmi_ctl_tx_msg call failed
E/QC-QMI  (  360): qmi_qmux_open_connection: connection is disabled for conn_id=48
E/QC-QMI  (  360): qmi_qmux_tx_msg: failed to open inactive connd_id=48
E/QC-QMI  (  360): qmi_qmux: TX failed, connection inactive or in reset, conn_id=48, status_flags=4
E/QC-QMI  (  360): qmi_ctl_tx_msg: qmi_qmux_tx_msg failed
E/QC-QMI  (  360): qmi_ctl_handle_request: qmi_ctl_tx_msg call failed
E/QC-QMI  (  360): qmi_qmux_open_connection: connection is disabled for conn_id=57
E/QC-QMI  (  360): qmi_qmux_tx_msg: failed to open inactive connd_id=57
E/QC-QMI  (  360): qmi_qmux: TX failed, connection inactive or in reset, conn_id=57, status_flags=4
E/QC-QMI  (  360): qmi_ctl_tx_msg: qmi_qmux_tx_msg failed
E/QC-QMI  (  360): qmi_ctl_handle_request: qmi_ctl_tx_msg call failed
E/QC-QMI  (  360): qmi_qmux_open_connection: connection is disabled for conn_id=57
E/QC-QMI  (  360): qmi_qmux_tx_msg: failed to open inactive connd_id=57
E/QC-QMI  (  360): qmi_qmux: TX failed, connection inactive or in reset, conn_id=57, status_flags=4
E/QC-QMI  (  360): qmi_ctl_tx_msg: qmi_qmux_tx_msg failed
E/QC-QMI  (  360): qmi_ctl_handle_request: qmi_ctl_tx_msg call failed
E/QC-QMI  (  360): qmi_qmux_open_connection: connection is disabled for conn_id=29
E/QC-QMI  (  360): qmi_qmux_tx_msg: failed to open inactive connd_id=29
E/QC-QMI  (  360): qmi_qmux: TX failed, connection inactive or in reset, conn_id=29, status_flags=4
E/QC-QMI  (  360): qmi_ctl_tx_msg: qmi_qmux_tx_msg failed
E/QC-QMI  (  360): qmi_ctl_handle_request: qmi_ctl_tx_msg call failed
E/QC-QMI  (  360): qmi_qmux_open_connection: connection is disabled for conn_id=29
E/QC-QMI  (  360): qmi_qmux_tx_msg: failed to open inactive connd_id=29
E/QC-QMI  (  360): qmi_qmux: TX failed, connection inactive or in reset, conn_id=29, status_flags=4
E/QC-QMI  (  360): qmi_ctl_tx_msg: qmi_qmux_tx_msg failed
E/QC-QMI  (  360): qmi_ctl_handle_request: qmi_ctl_tx_msg call failed
E/QC-QMI  (  360): qmi_qmux_open_connection: connection is disabled for conn_id=48
E/QC-QMI  (  360): qmi_qmux_tx_msg: failed to open inactive connd_id=48
E/QC-QMI  (  360): qmi_qmux: TX failed, connection inactive or in reset, conn_id=48, status_flags=4
I/EventHub(  755): New device: id=5, fd=103, path='/dev/input/event0', name='matrix_keypad.69', classes=0x1, configuration='', keyLayout='/system/usr/keylayout/Generic.kl', keyCharacterMap='/system/usr/keychars/Generic.kcm', builtinKeyboard=false, usingSuspendBlockIoctl=true, usingClockIoctl=true
E/QC-QMI  (  360): qmi_ctl_tx_msg: qmi_qmux_tx_msg failed
E/QC-QMI  (  360): qmi_ctl_handle_request: qmi_ctl_tx_msg call failed
E/QC-QMI  (  360): qmi_qmux_open_connection: connection is disabled for conn_id=48
E/QC-QMI  (  360): qmi_qmux_tx_msg: failed to open inactive connd_id=48
E/QC-QMI  (  360): qmi_qmux: TX failed, connection inactive or in reset, conn_id=48, status_flags=4
E/QC-QMI  (  360): qmi_ctl_tx_msg: qmi_qmux_tx_msg failed
E/QC-QMI  (  360): qmi_ctl_handle_request: qmi_ctl_tx_msg call failed
E/QC-QMI  (  360): qmi_qmux_open_connection: connection is disabled for conn_id=57
E/QC-QMI  (  360): qmi_qmux_tx_msg: failed to open inactive connd_id=57
E/QC-QMI  (  360): qmi_qmux: TX failed, connection inactive or in reset, conn_id=57, status_flags=4
E/QC-QMI  (  360): qmi_ctl_tx_msg: qmi_qmux_tx_msg failed
E/QC-QMI  (  360): qmi_ctl_handle_request: qmi_ctl_tx_msg call failed
E/QC-QMI  (  360): qmi_qmux_open_connection: connection is disabled for conn_id=57
E/QC-QMI  (  360): qmi_qmux_tx_msg: failed to open inactive connd_id=57
E/QC-QMI  (  360): qmi_qmux: TX failed, connection inactive or in reset, conn_id=57, status_flags=4
E/QC-QMI  (  360): qmi_ctl_tx_msg: qmi_qmux_tx_msg failed
E/QC-QMI  (  360): qmi_ctl_handle_request: qmi_ctl_tx_msg call failed
E/QC-QMI  (  360): qmi_qmux_open_connection: connection is disabled for conn_id=29
E/QC-QMI  (  360): qmi_qmux_tx_msg: failed to open inactive connd_id=29
E/QC-QMI  (  360): qmi_qmux: TX failed, connection inactive or in reset, conn_id=29, status_flags=4
E/QC-QMI  (  360): qmi_ctl_tx_msg: qmi_qmux_tx_msg failed
E/QC-QMI  (  360): qmi_ctl_handle_request: qmi_ctl_tx_msg call failed
E/QC-QMI  (  360): qmi_qmux_open_connection: connection is disabled for conn_id=29
E/QC-QMI  (  360): qmi_qmux_tx_msg: failed to open inactive connd_id=29
E/QC-QMI  (  360): qmi_qmux: TX failed, connection inactive or in reset, conn_id=29, status_flags=4
E/QC-QMI  (  360): qmi_ctl_tx_msg: qmi_qmux_tx_msg failed
E/QC-QMI  (  360): qmi_ctl_handle_request: qmi_ctl_tx_msg call failed
E/QC-QMI  (  360): qmi_qmux_open_connection: connection is disabled for conn_id=48
E/QC-QMI  (  360): qmi_qmux_tx_msg: failed to open inactive connd_id=48
E/QC-QMI  (  360): qmi_qmux: TX failed, connection inactive or in reset, conn_id=48, status_flags=4
E/QC-QMI  (  360): qmi_ctl_tx_msg: qmi_qmux_tx_msg failed
E/QC-QMI  (  360): qmi_ctl_handle_request: qmi_ctl_tx_msg call failed
E/QC-QMI  (  360): qmi_qmux_open_connection: connection is disabled for conn_id=48
E/QC-QMI  (  360): qmi_qmux_tx_msg: failed to open inactive connd_id=48
E/QC-QMI  (  360): qmi_qmux: TX failed, connection inactive or in reset, conn_id=48, status_flags=4
E/QC-QMI  (  360): qmi_ctl_tx_msg: qmi_qmux_tx_msg failed
E/QC-QMI  (  360): qmi_ctl_handle_request: qmi_ctl_tx_msg call failed
E/QC-QMI  (  360): qmi_qmux_open_connection: connection is disabled for conn_id=57
E/QC-QMI  (  360): qmi_qmux_tx_msg: failed to open inactive connd_id=57
E/QC-QMI  (  360): qmi_qmux: TX failed, connection inactive or in reset, conn_id=57, status_flags=4
E/QC-QMI  (  360): qmi_ctl_tx_msg: qmi_qmux_tx_msg failed
E/QC-QMI  (  360): qmi_ctl_handle_request: qmi_ctl_tx_msg call failed
E/QC-QMI  (  360): qmi_qmux_open_connection: connection is disabled for conn_id=57
E/QC-QMI  (  360): qmi_qmux_tx_msg: failed to open inactive connd_id=57
E/QC-QMI  (  360): qmi_qmux: TX failed, connection inactive or in reset, conn_id=57, status_flags=4
E/QC-QMI  (  360): qmi_ctl_tx_msg: qmi_qmux_tx_msg failed
E/QC-QMI  (  360): qmi_ctl_handle_request: qmi_ctl_tx_msg call failed
E/QC-QMI  (  360): qmi_qmux_open_connection: connection is disabled for conn_id=29
E/QC-QMI  (  360): qmi_qmux_tx_msg: failed to open inactive connd_id=29
E/QC-QMI  (  360): qmi_qmux: TX failed, connection inactive or in reset, conn_id=29, status_flags=4
E/QC-QMI  (  360): qmi_ctl_tx_msg: qmi_qmux_tx_msg failed
E/QC-QMI  (  360): qmi_ctl_handle_request: qmi_ctl_tx_msg call failed
E/QC-QMI  (  360): qmi_qmux_open_connection: connection is disabled for conn_id=29
E/QC-QMI  (  360): qmi_qmux_tx_msg: failed to open inactive connd_id=29
E/QC-QMI  (  360): qmi_qmux: TX failed, connection inactive or in reset, conn_id=29, status_flags=4
E/QC-QMI  (  360): qmi_ctl_tx_msg: qmi_qmux_tx_msg failed
E/QC-QMI  (  360): qmi_ctl_handle_request: qmi_ctl_tx_msg call failed
E/QC-QMI  (  360): qmi_qmux_open_connection: connection is disabled for conn_id=48
E/QC-QMI  (  360): qmi_qmux_tx_msg: failed to open inactive connd_id=48
E/QC-QMI  (  360): qmi_qmux: TX failed, connection inactive or in reset, conn_id=48, status_flags=4
E/QC-QMI  (  360): qmi_ctl_tx_msg: qmi_qmux_tx_msg failed
E/QC-QMI  (  360): qmi_ctl_handle_request: qmi_ctl_tx_msg call failed
E/QC-QMI  (  360): qmi_qmux_open_connection: connection is disabled for conn_id=48
E/QC-QMI  (  360): qmi_qmux_tx_msg: failed to open inactive connd_id=48
E/QC-QMI  (  360): qmi_qmux: TX failed, connection inactive or in reset, conn_id=48, status_flags=4
E/QC-QMI  (  360): qmi_ctl_tx_msg: qmi_qmux_tx_msg failed
E/QC-QMI  (  360): qmi_ctl_handle_request: qmi_ctl_tx_msg call failed
E/QC-QMI  (  360): qmi_qmux_open_connection: connection is disabled for conn_id=57
E/QC-QMI  (  360): qmi_qmux_tx_msg: failed to open inactive connd_id=57
E/QC-QMI  (  360): qmi_qmux: TX failed, connection inactive or in reset, conn_id=57, status_flags=4
E/QC-QMI  (  360): qmi_ctl_tx_msg: qmi_qmux_tx_msg failed
E/QC-QMI  (  360): qmi_ctl_handle_request: qmi_ctl_tx_msg call failed
I/InputReader(  755): Device added: id=-1, name='Virtual', sources=0x00000301
I/InputReader(  755): Device added: id=5, name='matrix_keypad.69', sources=0x00000101
I/InputReader(  755): Device added: id=4, name='gpio-keys', sources=0x00000101
I/InputReader(  755): Device added: id=3, name='qpnp_pon', sources=0x00000101
I/InputReader(  755): Device added: id=2, name='msm8909-skub-snd-card Button Jack', sources=0x00000501
I/InputReader(  755): Device added: id=1, name='msm8909-skub-snd-card Headset Jack', sources=0x80000000
E/QC-QMI  (  360): qmi_qmux_open_connection: connection is disabled for conn_id=57
E/QC-QMI  (  360): qmi_qmux_tx_msg: failed to open inactive connd_id=57
E/QC-QMI  (  360): qmi_qmux: TX failed, connection inactive or in reset, conn_id=57, status_flags=4
E/QC-QMI  (  360): qmi_ctl_tx_msg: qmi_qmux_tx_msg failed
E/QC-QMI  (  360): qmi_ctl_handle_request: qmi_ctl_tx_msg call failed
I/InputReader(  755): Reconfiguring input devices.  changes=0x00000004
I/SystemServer(  755): Device Policy
I/SystemServer(  755): Status Bar
I/SystemServer(  755): Clipboard Service
W/ClipboardService(  755): No security bridge jar found, using default
I/SystemServer(  755): NetworkManagement Service
I/SystemServer(  755): Text Service Manager Service
I/PackageManager(  755): No secure containers on sdcard
W/TextServicesManagerService(  755): no available spell checker services found
I/SystemServer(  755): NetworkStats Service
D/MountService(  755): volume state changed for /storage/sdcard1 (unmounted -> removed)
D/MountService(  755): volume state changed for /storage/uicc0 (unmounted -> removed)
D/MountService(  755): volume state changed for /storage/uicc1 (unmounted -> removed)
D/MountService(  755): volume state changed for /storage/usbotg (unmounted -> removed)
I/SystemServer(  755): NetworkPolicy Service
W/PackageManager(  755): Not granting permission android.permission.GLOBAL_SEARCH to package com.android.quicksearchbox (protectionLevel=18 flags=0x8be45)
W/PackageManager(  755): Unknown permission com.baidu.permission.QCCLOUD_PROVIDER in package com.android.contacts
W/PackageManager(  755): Unknown permission com.android.firewall.READ_GRAVITY in package com.android.contacts
W/PackageManager(  755): Unknown permission com.android.firewall.WRITE_GRAVITY in package com.android.contacts
I/SystemServer(  755): Wi-Fi P2pService
W/PackageManager(  755): Unknown permission com.android.firewall.READ_GRAVITY in package com.android.phone
W/PackageManager(  755): Unknown permission com.oma.drm.permission.ACCESS_OMA_DRM in package com.oma.drm.server
W/PackageManager(  755): Unknown permission com.google.android.gallery3d.permission.GALLERY_PROVIDER in package com.android.bluetooth
W/PackageManager(  755): Unknown permission com.android.gallery3d.permission.GALLERY_PROVIDER in package com.android.bluetooth
W/PackageManager(  755): Unknown permission com.android.email.permission.ACCESS_PROVIDER in package com.android.bluetooth
W/PackageManager(  755): Unknown permission com.android.email.permission.READ_ATTACHMENT in package com.android.bluetooth
W/PackageManager(  755): Unknown permission com.google.android.googleapps.permission.GOOGLE_AUTH in package com.android.providers.calendar
W/PackageManager(  755): Unknown permission com.google.android.googleapps.permission.GOOGLE_AUTH.cl in package com.android.providers.calendar
W/PackageManager(  755): Unknown permission com.google.android.googleapps.permission.GOOGLE_AUTH.mail in package com.android.calendar
W/PackageManager(  755): Not granting permission android.permission.ACCESS_DOWNLOAD_MANAGER to package com.android.browser (protectionLevel=18 flags=0x9be45)
W/PackageManager(  755): Not granting permission android.permission.SEND_DOWNLOAD_COMPLETED_INTENTS to package com.android.browser (protectionLevel=2 flags=0x9be45)
W/PackageManager(  755): Not granting permission android.permission.WRITE_MEDIA_STORAGE to package com.android.browser (protectionLevel=18 flags=0x9be45)
W/PackageManager(  755): Unknown permission com.android.browser.permission.READ_HOMEPAGE in package com.android.browser
W/PackageManager(  755): Unknown permission com.android.browser.permission.WRITE_HOMEPAGE in package com.android.browser
W/PackageManager(  755): Unknown permission com.android.launcher.permission.READ_SETTINGS in package com.android.onetimeinitializer
W/PackageManager(  755): Unknown permission com.android.launcher.permission.WRITE_SETTINGS in package com.android.onetimeinitializer
W/PackageManager(  755): Unknown permission android.permission.INSTALL_DRM in package com.android.mms
W/PackageManager(  755): Unknown permission com.android.firewall.READ_GRAVITY in package com.android.mms
W/PackageManager(  755): Unknown permission com.android.firewall.WRITE_GRAVITY in package com.android.mms
W/PackageManager(  755): Not granting permission android.permission.MANAGE_DOCUMENTS to package com.android.mms (protectionLevel=2 flags=0x4009be65)
W/PackageManager(  755): Unknown permission com.google.android.gallery3d.permission.PICASA_STORE in package com.android.dreams.phototable
W/PackageManager(  755): Unknown permission com.google.android.googleapps.permission.GOOGLE_AUTH in package com.android.settings
W/PackageManager(  755): Unknown permission com.android.launcher.permission.READ_SETTINGS in package com.android.settings
W/PackageManager(  755): Unknown permission com.android.launcher.permission.WRITE_SETTINGS in package com.android.settings
W/PackageManager(  755): Unknown permission com.android.launcher.permission.READ_SETTINGS in package com.android.multisimsettings
W/PackageManager(  755): Unknown permission com.android.launcher.permission.WRITE_SETTINGS in package com.android.multisimsettings
W/PackageManager(  755): Not granting permission android.permission.DELETE_PACKAGES to package com.svox.pico (protectionLevel=18 flags=0x8be45)
W/PackageManager(  755): Unknown permission com.qualcomm.permission.ACCESS_LOCATION_API in package com.qualcomm.qct.dlt
W/PackageManager(  755): Unknown permission com.android.firewall.READ_GRAVITY in package com.android.dialer
W/PackageManager(  755): Unknown permission com.android.firewall.WRITE_GRAVITY in package com.android.dialer
W/PackageManager(  755): Unknown permission com.android.email.permission.READ_ATTACHMENT in package com.borqs.gif
W/PackageManager(  755): Unknown permission android.permission.WRITE_INTERNAL_STORAGE in package com.android.soundrecorder
W/PackageManager(  755): Unknown permission android.permission.MMS_PUSH in package org.codeaurora.bluetooth
W/PackageManager(  755): Unknown permission com.android.email.permission.ACCESS_PROVIDER in package org.codeaurora.bluetooth
W/PackageManager(  755): Unknown permission com.android.email.permission.READ_ATTACHMENT in package org.codeaurora.bluetooth
W/PackageManager(  755): Unknown permission android.permission.USB_PERMISSION in package com.featurephone.quicksettings
W/PackageManager(  755): Unknown permission com.qualcomm.permission.ACCESS_LOCATION_API in package com.qualcomm.location
W/PackageManager(  755): Unknown permission com.oma.drm.permission.ACCESS_OMA_DRM in package com.oma.drm
W/PackageManager(  755): Not granting permission android.permission.DEVICE_POWER to package com.android.deskclock (protectionLevel=2 flags=0x48be45)
W/PackageManager(  755): Not granting permission android.permission.NOTIFICATION_LED to package com.android.deskclock (protectionLevel=2 flags=0x48be45)
E/QC-QMI  (  442): qmi_client [442] 4: failed to locate client data
I/libmdmdetect(  442): ESOC framework not supported
I/libmdmdetect(  442): Found internal modem: modem
I/libmdmdetect(  442): ESOC framework not supported
I/libmdmdetect(  442): Found internal modem: modem
E/QC-QMI  (  360): qmuxd: RX on fd=24 returned error=0 errno[2:No such file or directory]
E/QC-QMI  (  360): QMUX qmux_client_id=4 not found in qmux client list, unable to remove
I/libmdmdetect(  442): ESOC framework not supported
I/libmdmdetect(  442): Found internal modem: modem
E/QC-QMI  (  222): qmi_client [222] 5: failed to locate client data
E/QC-QMI  (  360): qmuxd: RX on fd=24 returned error=0 errno[2:No such file or directory]
E/QC-QMI  (  360): QMUX qmux_client_id=5 not found in qmux client list, unable to remove
I/libmdmdetect(  222): ESOC framework not supported
I/libmdmdetect(  222): Found internal modem: modem
I/libmdmdetect(  442): ESOC framework not supported
I/libmdmdetect(  442): Found internal modem: modem
E/QC-QMI  (  360): qmi_qmux_open_connection: connection is disabled for conn_id=29
E/QC-QMI  (  360): qmi_qmux_tx_msg: failed to open inactive connd_id=29
E/QC-QMI  (  360): qmi_qmux: TX failed, connection inactive or in reset, conn_id=29, status_flags=4
E/QC-QMI  (  360): qmi_ctl_tx_msg: qmi_qmux_tx_msg failed
E/QC-QMI  (  360): qmi_ctl_handle_request: qmi_ctl_tx_msg call failed
E/QC-QMI  (  360): qmi_qmux_open_connection: connection is disabled for conn_id=29
E/QC-QMI  (  360): qmi_qmux_tx_msg: failed to open inactive connd_id=29
E/QC-QMI  (  360): qmi_qmux: TX failed, connection inactive or in reset, conn_id=29, status_flags=4
E/QC-QMI  (  360): qmi_ctl_tx_msg: qmi_qmux_tx_msg failed
E/QC-QMI  (  360): qmi_ctl_handle_request: qmi_ctl_tx_msg call failed
I/libmdmdetect(  442): ESOC framework not supported
I/libmdmdetect(  442): Found internal modem: modem
E/QC-QMI  (  360): qmi_qmux_open_connection: connection is disabled for conn_id=29
E/QC-QMI  (  360): qmi_qmux_tx_msg: failed to open inactive connd_id=29
E/QC-QMI  (  360): qmi_qmux: TX failed, connection inactive or in reset, conn_id=29, status_flags=4
E/QC-QMI  (  360): qmi_ctl_tx_msg: qmi_qmux_tx_msg failed
E/QC-QMI  (  360): qmi_ctl_handle_request: qmi_ctl_tx_msg call failed
E/QC-QMI  (  222): qmi_client [222] 6: failed to locate client data
I/libmdmdetect(  222): ESOC framework not supported
E/QC-QMI  (  360): qmuxd: RX on fd=24 returned error=0 errno[2:No such file or directory]
E/QC-QMI  (  360): QMUX qmux_client_id=6 not found in qmux client list, unable to remove
I/libmdmdetect(  222): Found internal modem: modem
I/libmdmdetect(  442): ESOC framework not supported
I/libmdmdetect(  442): Found internal modem: modem
I/libmdmdetect(  442): ESOC framework not supported
I/libmdmdetect(  442): Found internal modem: modem
E/QC-QMI  (  360): qmi_qmux_open_connection: connection is disabled for conn_id=48
E/QC-QMI  (  360): qmi_qmux_tx_msg: failed to open inactive connd_id=48
E/QC-QMI  (  360): qmi_qmux: TX failed, connection inactive or in reset, conn_id=48, status_flags=4
E/QC-QMI  (  360): qmi_ctl_tx_msg: qmi_qmux_tx_msg failed
E/QC-QMI  (  360): qmi_ctl_handle_request: qmi_ctl_tx_msg call failed
E/QC-QMI  (  360): qmi_qmux_open_connection: connection is disabled for conn_id=48
E/QC-QMI  (  360): qmi_qmux_tx_msg: failed to open inactive connd_id=48
E/QC-QMI  (  360): qmi_qmux: TX failed, connection inactive or in reset, conn_id=48, status_flags=4
E/QC-QMI  (  360): qmi_ctl_tx_msg: qmi_qmux_tx_msg failed
E/QC-QMI  (  360): qmi_ctl_handle_request: qmi_ctl_tx_msg call failed
E/QC-QMI  (  360): qmi_qmux_open_connection: connection is disabled for conn_id=29
E/QC-QMI  (  360): qmi_qmux_tx_msg: failed to open inactive connd_id=29
E/QC-QMI  (  360): qmi_qmux: TX failed, connection inactive or in reset, conn_id=29, status_flags=4
E/QC-QMI  (  360): qmi_ctl_tx_msg: qmi_qmux_tx_msg failed
E/QC-QMI  (  360): qmi_ctl_handle_request: qmi_ctl_tx_msg call failed
E/QC-QMI  (  360): qmi_qmux_open_connection: connection is disabled for conn_id=29
E/QC-QMI  (  360): qmi_qmux_tx_msg: failed to open inactive connd_id=29
E/QC-QMI  (  360): qmi_qmux: TX failed, connection inactive or in reset, conn_id=29, status_flags=4
E/QC-QMI  (  360): qmi_ctl_tx_msg: qmi_qmux_tx_msg failed
E/QC-QMI  (  360): qmi_ctl_handle_request: qmi_ctl_tx_msg call failed
E/QC-QMI  (  360): qmi_qmux_open_connection: connection is disabled for conn_id=48
E/QC-QMI  (  360): qmi_qmux_tx_msg: failed to open inactive connd_id=48
E/QC-QMI  (  360): qmi_qmux: TX failed, connection inactive or in reset, conn_id=48, status_flags=4
E/QC-QMI  (  360): qmi_ctl_tx_msg: qmi_qmux_tx_msg failed
E/QC-QMI  (  360): qmi_ctl_handle_request: qmi_ctl_tx_msg call failed
E/QC-QMI  (  360): qmi_qmux_open_connection: connection is disabled for conn_id=48
E/QC-QMI  (  360): qmi_qmux_tx_msg: failed to open inactive connd_id=48
E/QC-QMI  (  360): qmi_qmux: TX failed, connection inactive or in reset, conn_id=48, status_flags=4
E/QC-QMI  (  360): qmi_ctl_tx_msg: qmi_qmux_tx_msg failed
E/QC-QMI  (  360): qmi_ctl_handle_request: qmi_ctl_tx_msg call failed
E/QC-QMI  (  222): qmi_client [222] 7: failed to locate client data
E/QC-QMI  (  360): qmuxd: RX on fd=24 returned error=0 errno[2:No such file or directory]
E/QC-QMI  (  360): QMUX qmux_client_id=7 not found in qmux client list, unable to remove
I/libmdmdetect(  222): ESOC framework not supported
I/libmdmdetect(  222): Found internal modem: modem
E/QC-QMI  (  360): qmi_qmux_open_connection: connection is disabled for conn_id=57
E/QC-QMI  (  360): qmi_qmux_tx_msg: failed to open inactive connd_id=57
E/QC-QMI  (  360): qmi_qmux: TX failed, connection inactive or in reset, conn_id=57, status_flags=4
E/QC-QMI  (  360): qmi_ctl_tx_msg: qmi_qmux_tx_msg failed
E/QC-QMI  (  360): qmi_ctl_handle_request: qmi_ctl_tx_msg call failed
E/QC-QMI  (  360): qmi_qmux_open_connection: connection is disabled for conn_id=57
E/QC-QMI  (  360): qmi_qmux_tx_msg: failed to open inactive connd_id=57
E/QC-QMI  (  360): qmi_qmux: TX failed, connection inactive or in reset, conn_id=57, status_flags=4
E/QC-QMI  (  360): qmi_ctl_tx_msg: qmi_qmux_tx_msg failed
E/QC-QMI  (  360): qmi_ctl_handle_request: qmi_ctl_tx_msg call failed
E/QC-QMI  (  360): qmi_qmux_open_connection: connection is disabled for conn_id=29
E/QC-QMI  (  360): qmi_qmux_tx_msg: failed to open inactive connd_id=29
E/QC-QMI  (  360): qmi_qmux: TX failed, connection inactive or in reset, conn_id=29, status_flags=4
E/QC-QMI  (  360): qmi_ctl_tx_msg: qmi_qmux_tx_msg failed
E/QC-QMI  (  360): qmi_ctl_handle_request: qmi_ctl_tx_msg call failed
E/QC-QMI  (  360): qmi_qmux_open_connection: connection is disabled for conn_id=29
E/QC-QMI  (  360): qmi_qmux_tx_msg: failed to open inactive connd_id=29
E/QC-QMI  (  360): qmi_qmux: TX failed, connection inactive or in reset, conn_id=29, status_flags=4
E/QC-QMI  (  360): qmi_ctl_tx_msg: qmi_qmux_tx_msg failed
E/QC-QMI  (  360): qmi_ctl_handle_request: qmi_ctl_tx_msg call failed
E/QC-QMI  (  360): qmi_qmux_open_connection: connection is disabled for conn_id=48
E/QC-QMI  (  360): qmi_qmux_tx_msg: failed to open inactive connd_id=48
E/QC-QMI  (  360): qmi_qmux: TX failed, connection inactive or in reset, conn_id=48, status_flags=4
E/QC-QMI  (  360): qmi_ctl_tx_msg: qmi_qmux_tx_msg failed
E/QC-QMI  (  360): qmi_ctl_handle_request: qmi_ctl_tx_msg call failed
E/QC-QMI  (  360): qmi_qmux_open_connection: connection is disabled for conn_id=48
E/QC-QMI  (  360): qmi_qmux_tx_msg: failed to open inactive connd_id=48
E/QC-QMI  (  360): qmi_qmux: TX failed, connection inactive or in reset, conn_id=48, status_flags=4
E/QC-QMI  (  360): qmi_ctl_tx_msg: qmi_qmux_tx_msg failed
E/QC-QMI  (  360): qmi_ctl_handle_request: qmi_ctl_tx_msg call failed
E/QC-QMI  (  360): qmi_qmux_open_connection: connection is disabled for conn_id=57
E/QC-QMI  (  360): qmi_qmux_tx_msg: failed to open inactive connd_id=57
E/QC-QMI  (  360): qmi_qmux: TX failed, connection inactive or in reset, conn_id=57, status_flags=4
E/QC-QMI  (  360): qmi_ctl_tx_msg: qmi_qmux_tx_msg failed
E/QC-QMI  (  360): qmi_ctl_handle_request: qmi_ctl_tx_msg call failed
E/QC-QMI  (  360): qmi_qmux_open_connection: connection is disabled for conn_id=57
E/QC-QMI  (  360): qmi_qmux_tx_msg: failed to open inactive connd_id=57
E/QC-QMI  (  360): qmi_qmux: TX failed, connection inactive or in reset, conn_id=57, status_flags=4
E/QC-QMI  (  360): qmi_ctl_tx_msg: qmi_qmux_tx_msg failed
E/QC-QMI  (  360): qmi_ctl_handle_request: qmi_ctl_tx_msg call failed
E/QC-QMI  (  360): qmi_qmux_open_connection: connection is disabled for conn_id=29
E/QC-QMI  (  360): qmi_qmux_tx_msg: failed to open inactive connd_id=29
E/QC-QMI  (  360): qmi_qmux: TX failed, connection inactive or in reset, conn_id=29, status_flags=4
E/QC-QMI  (  360): qmi_ctl_tx_msg: qmi_qmux_tx_msg failed
E/QC-QMI  (  360): qmi_ctl_handle_request: qmi_ctl_tx_msg call failed
E/QC-QMI  (  360): qmi_qmux_open_connection: connection is disabled for conn_id=29
E/QC-QMI  (  360): qmi_qmux_tx_msg: failed to open inactive connd_id=29
E/QC-QMI  (  360): qmi_qmux: TX failed, connection inactive or in reset, conn_id=29, status_flags=4
E/QC-QMI  (  360): qmi_ctl_tx_msg: qmi_qmux_tx_msg failed
E/QC-QMI  (  360): qmi_ctl_handle_request: qmi_ctl_tx_msg call failed
E/QC-QMI  (  360): qmi_qmux_open_connection: connection is disabled for conn_id=48
E/QC-QMI  (  360): qmi_qmux_tx_msg: failed to open inactive connd_id=48
E/QC-QMI  (  360): qmi_qmux: TX failed, connection inactive or in reset, conn_id=48, status_flags=4
E/QC-QMI  (  360): qmi_ctl_tx_msg: qmi_qmux_tx_msg failed
E/QC-QMI  (  360): qmi_ctl_handle_request: qmi_ctl_tx_msg call failed
E/QC-QMI  (  360): qmi_qmux_open_connection: connection is disabled for conn_id=48
E/QC-QMI  (  360): qmi_qmux_tx_msg: failed to open inactive connd_id=48
E/QC-QMI  (  360): qmi_qmux: TX failed, connection inactive or in reset, conn_id=48, status_flags=4
E/QC-QMI  (  360): qmi_ctl_tx_msg: qmi_qmux_tx_msg failed
E/QC-QMI  (  360): qmi_ctl_handle_request: qmi_ctl_tx_msg call failed
E/QC-QMI  (  360): qmi_qmux_open_connection: connection is disabled for conn_id=57
E/QC-QMI  (  360): qmi_qmux_tx_msg: failed to open inactive connd_id=57
E/QC-QMI  (  360): qmi_qmux: TX failed, connection inactive or in reset, conn_id=57, status_flags=4
E/QC-QMI  (  360): qmi_ctl_tx_msg: qmi_qmux_tx_msg failed
E/QC-QMI  (  360): qmi_ctl_handle_request: qmi_ctl_tx_msg call failed
E/QC-QMI  (  360): qmi_qmux_open_connection: connection is disabled for conn_id=57
E/QC-QMI  (  360): qmi_qmux_tx_msg: failed to open inactive connd_id=57
E/QC-QMI  (  360): qmi_qmux: TX failed, connection inactive or in reset, conn_id=57, status_flags=4
E/QC-QMI  (  360): qmi_ctl_tx_msg: qmi_qmux_tx_msg failed
E/QC-QMI  (  360): qmi_ctl_handle_request: qmi_ctl_tx_msg call failed
E/QC-QMI  (  360): qmi_qmux_open_connection: connection is disabled for conn_id=29
E/QC-QMI  (  360): qmi_qmux_tx_msg: failed to open inactive connd_id=29
E/QC-QMI  (  360): qmi_qmux: TX failed, connection inactive or in reset, conn_id=29, status_flags=4
E/QC-QMI  (  360): qmi_ctl_tx_msg: qmi_qmux_tx_msg failed
E/QC-QMI  (  360): qmi_ctl_handle_request: qmi_ctl_tx_msg call failed
E/QC-QMI  (  360): qmi_qmux_open_connection: connection is disabled for conn_id=29
E/QC-QMI  (  360): qmi_qmux_tx_msg: failed to open inactive connd_id=29
E/QC-QMI  (  360): qmi_qmux: TX failed, connection inactive or in reset, conn_id=29, status_flags=4
E/QC-QMI  (  360): qmi_ctl_tx_msg: qmi_qmux_tx_msg failed
E/QC-QMI  (  360): qmi_ctl_handle_request: qmi_ctl_tx_msg call failed
E/QC-QMI  (  360): qmi_qmux_open_connection: connection is disabled for conn_id=48
E/QC-QMI  (  360): qmi_qmux_tx_msg: failed to open inactive connd_id=48
E/QC-QMI  (  360): qmi_qmux: TX failed, connection inactive or in reset, conn_id=48, status_flags=4
E/QC-QMI  (  360): qmi_ctl_tx_msg: qmi_qmux_tx_msg failed
E/QC-QMI  (  360): qmi_ctl_handle_request: qmi_ctl_tx_msg call failed
E/QC-QMI  (  360): qmi_qmux_open_connection: connection is disabled for conn_id=48
E/QC-QMI  (  360): qmi_qmux_tx_msg: failed to open inactive connd_id=48
E/QC-QMI  (  360): qmi_qmux: TX failed, connection inactive or in reset, conn_id=48, status_flags=4
E/QC-QMI  (  360): qmi_ctl_tx_msg: qmi_qmux_tx_msg failed
E/QC-QMI  (  360): qmi_ctl_handle_request: qmi_ctl_tx_msg call failed
E/QC-QMI  (  360): qmi_qmux_open_connection: connection is disabled for conn_id=57
E/QC-QMI  (  360): qmi_qmux_tx_msg: failed to open inactive connd_id=57
E/QC-QMI  (  360): qmi_qmux: TX failed, connection inactive or in reset, conn_id=57, status_flags=4
E/QC-QMI  (  360): qmi_ctl_tx_msg: qmi_qmux_tx_msg failed
E/QC-QMI  (  360): qmi_ctl_handle_request: qmi_ctl_tx_msg call failed
E/QC-QMI  (  360): qmi_qmux_open_connection: connection is disabled for conn_id=57
E/QC-QMI  (  360): qmi_qmux_tx_msg: failed to open inactive connd_id=57
E/QC-QMI  (  360): qmi_qmux: TX failed, connection inactive or in reset, conn_id=57, status_flags=4
E/QC-QMI  (  360): qmi_ctl_tx_msg: qmi_qmux_tx_msg failed
E/QC-QMI  (  360): qmi_ctl_handle_request: qmi_ctl_tx_msg call failed
E/QC-QMI  (  360): qmi_qmux_open_connection: connection is disabled for conn_id=29
E/QC-QMI  (  360): qmi_qmux_tx_msg: failed to open inactive connd_id=29
E/QC-QMI  (  360): qmi_qmux: TX failed, connection inactive or in reset, conn_id=29, status_flags=4
E/QC-QMI  (  360): qmi_ctl_tx_msg: qmi_qmux_tx_msg failed
E/QC-QMI  (  360): qmi_ctl_handle_request: qmi_ctl_tx_msg call failed
E/QC-QMI  (  360): qmi_qmux_open_connection: connection is disabled for conn_id=29
E/QC-QMI  (  360): qmi_qmux_tx_msg: failed to open inactive connd_id=29
E/QC-QMI  (  360): qmi_qmux: TX failed, connection inactive or in reset, conn_id=29, status_flags=4
E/QC-QMI  (  360): qmi_ctl_tx_msg: qmi_qmux_tx_msg failed
E/QC-QMI  (  360): qmi_ctl_handle_request: qmi_ctl_tx_msg call failed
E/QC-QMI  (  360): qmi_qmux_open_connection: connection is disabled for conn_id=48
E/QC-QMI  (  360): qmi_qmux_tx_msg: failed to open inactive connd_id=48
E/QC-QMI  (  360): qmi_qmux: TX failed, connection inactive or in reset, conn_id=48, status_flags=4
E/QC-QMI  (  360): qmi_ctl_tx_msg: qmi_qmux_tx_msg failed
E/QC-QMI  (  360): qmi_ctl_handle_request: qmi_ctl_tx_msg call failed
E/QC-QMI  (  360): qmi_qmux_open_connection: connection is disabled for conn_id=48
E/QC-QMI  (  360): qmi_qmux_tx_msg: failed to open inactive connd_id=48
E/QC-QMI  (  360): qmi_qmux: TX failed, connection inactive or in reset, conn_id=48, status_flags=4
E/QC-QMI  (  360): qmi_ctl_tx_msg: qmi_qmux_tx_msg failed
E/QC-QMI  (  360): qmi_ctl_handle_request: qmi_ctl_tx_msg call failed
E/QC-QMI  (  360): qmi_qmux_open_connection: connection is disabled for conn_id=57
E/QC-QMI  (  360): qmi_qmux_tx_msg: failed to open inactive connd_id=57
E/QC-QMI  (  360): qmi_qmux: TX failed, connection inactive or in reset, conn_id=57, status_flags=4
E/QC-QMI  (  360): qmi_ctl_tx_msg: qmi_qmux_tx_msg failed
E/QC-QMI  (  360): qmi_ctl_handle_request: qmi_ctl_tx_msg call failed
E/QC-QMI  (  360): qmi_qmux_open_connection: connection is disabled for conn_id=57
E/QC-QMI  (  360): qmi_qmux_tx_msg: failed to open inactive connd_id=57
E/QC-QMI  (  360): qmi_qmux: TX failed, connection inactive or in reset, conn_id=57, status_flags=4
E/QC-QMI  (  360): qmi_ctl_tx_msg: qmi_qmux_tx_msg failed
E/QC-QMI  (  360): qmi_ctl_handle_request: qmi_ctl_tx_msg call failed
E/QC-QMI  (  360): qmi_qmux_open_connection: connection is disabled for conn_id=29
E/QC-QMI  (  360): qmi_qmux_tx_msg: failed to open inactive connd_id=29
E/QC-QMI  (  360): qmi_qmux: TX failed, connection inactive or in reset, conn_id=29, status_flags=4
E/QC-QMI  (  360): qmi_ctl_tx_msg: qmi_qmux_tx_msg failed
E/QC-QMI  (  360): qmi_ctl_handle_request: qmi_ctl_tx_msg call failed
E/QC-QMI  (  360): qmi_qmux_open_connection: connection is disabled for conn_id=29
E/QC-QMI  (  360): qmi_qmux_tx_msg: failed to open inactive connd_id=29
E/QC-QMI  (  360): qmi_qmux: TX failed, connection inactive or in reset, conn_id=29, status_flags=4
E/QC-QMI  (  360): qmi_ctl_tx_msg: qmi_qmux_tx_msg failed
E/QC-QMI  (  360): qmi_ctl_handle_request: qmi_ctl_tx_msg call failed
E/QC-QMI  (  360): qmi_qmux_open_connection: connection is disabled for conn_id=48
E/QC-QMI  (  360): qmi_qmux_tx_msg: failed to open inactive connd_id=48
E/QC-QMI  (  360): qmi_qmux: TX failed, connection inactive or in reset, conn_id=48, status_flags=4
E/QC-QMI  (  360): qmi_ctl_tx_msg: qmi_qmux_tx_msg failed
E/QC-QMI  (  360): qmi_ctl_handle_request: qmi_ctl_tx_msg call failed
E/QC-QMI  (  360): qmi_qmux_open_connection: connection is disabled for conn_id=48
E/QC-QMI  (  360): qmi_qmux_tx_msg: failed to open inactive connd_id=48
E/QC-QMI  (  360): qmi_qmux: TX failed, connection inactive or in reset, conn_id=48, status_flags=4
E/QC-QMI  (  360): qmi_ctl_tx_msg: qmi_qmux_tx_msg failed
E/QC-QMI  (  360): qmi_ctl_handle_request: qmi_ctl_tx_msg call failed
E/QC-QMI  (  360): qmi_qmux_open_connection: connection is disabled for conn_id=57
E/QC-QMI  (  360): qmi_qmux_tx_msg: failed to open inactive connd_id=57
E/QC-QMI  (  360): qmi_qmux: TX failed, connection inactive or in reset, conn_id=57, status_flags=4
E/QC-QMI  (  360): qmi_ctl_tx_msg: qmi_qmux_tx_msg failed
E/QC-QMI  (  360): qmi_ctl_handle_request: qmi_ctl_tx_msg call failed
E/QC-QMI  (  360): qmi_qmux_open_connection: connection is disabled for conn_id=57
E/QC-QMI  (  360): qmi_qmux_tx_msg: failed to open inactive connd_id=57
E/QC-QMI  (  360): qmi_qmux: TX failed, connection inactive or in reset, conn_id=57, status_flags=4
E/QC-QMI  (  360): qmi_ctl_tx_msg: qmi_qmux_tx_msg failed
E/QC-QMI  (  360): qmi_ctl_handle_request: qmi_ctl_tx_msg call failed
E/QC-QMI  (  360): qmi_qmux_open_connection: connection is disabled for conn_id=29
E/QC-QMI  (  360): qmi_qmux_tx_msg: failed to open inactive connd_id=29
E/QC-QMI  (  360): qmi_qmux: TX failed, connection inactive or in reset, conn_id=29, status_flags=4
E/QC-QMI  (  360): qmi_ctl_tx_msg: qmi_qmux_tx_msg failed
E/QC-QMI  (  360): qmi_ctl_handle_request: qmi_ctl_tx_msg call failed
E/QC-QMI  (  360): qmi_qmux_open_connection: connection is disabled for conn_id=29
E/QC-QMI  (  360): qmi_qmux_tx_msg: failed to open inactive connd_id=29
E/QC-QMI  (  360): qmi_qmux: TX failed, connection inactive or in reset, conn_id=29, status_flags=4
E/QC-QMI  (  360): qmi_ctl_tx_msg: qmi_qmux_tx_msg failed
E/QC-QMI  (  360): qmi_ctl_handle_request: qmi_ctl_tx_msg call failed
E/QC-QMI  (  360): qmi_qmux_open_connection: connection is disabled for conn_id=48
E/QC-QMI  (  360): qmi_qmux_tx_msg: failed to open inactive connd_id=48
E/QC-QMI  (  360): qmi_qmux: TX failed, connection inactive or in reset, conn_id=48, status_flags=4
E/QC-QMI  (  360): qmi_ctl_tx_msg: qmi_qmux_tx_msg failed
E/QC-QMI  (  360): qmi_ctl_handle_request: qmi_ctl_tx_msg call failed
E/QC-QMI  (  360): qmi_qmux_open_connection: connection is disabled for conn_id=48
E/QC-QMI  (  360): qmi_qmux_tx_msg: failed to open inactive connd_id=48
E/QC-QMI  (  360): qmi_qmux: TX failed, connection inactive or in reset, conn_id=48, status_flags=4
E/QC-QMI  (  360): qmi_ctl_tx_msg: qmi_qmux_tx_msg failed
E/QC-QMI  (  360): qmi_ctl_handle_request: qmi_ctl_tx_msg call failed
E/QC-QMI  (  360): qmi_qmux_open_connection: connection is disabled for conn_id=57
E/QC-QMI  (  360): qmi_qmux_tx_msg: failed to open inactive connd_id=57
E/QC-QMI  (  360): qmi_qmux: TX failed, connection inactive or in reset, conn_id=57, status_flags=4
E/QC-QMI  (  360): qmi_ctl_tx_msg: qmi_qmux_tx_msg failed
E/QC-QMI  (  360): qmi_ctl_handle_request: qmi_ctl_tx_msg call failed
E/QC-QMI  (  360): qmi_qmux_open_connection: connection is disabled for conn_id=57
E/QC-QMI  (  360): qmi_qmux_tx_msg: failed to open inactive connd_id=57
E/QC-QMI  (  360): qmi_qmux: TX failed, connection inactive or in reset, conn_id=57, status_flags=4
E/QC-QMI  (  360): qmi_ctl_tx_msg: qmi_qmux_tx_msg failed
E/QC-QMI  (  360): qmi_ctl_handle_request: qmi_ctl_tx_msg call failed
E/QC-QMI  (  360): qmi_qmux_open_connection: connection is disabled for conn_id=57
E/QC-QMI  (  360): qmi_qmux_tx_msg: failed to open inactive connd_id=57
E/QC-QMI  (  360): qmi_qmux: TX failed, connection inactive or in reset, conn_id=57, status_flags=4
E/QC-QMI  (  360): qmi_ctl_tx_msg: qmi_qmux_tx_msg failed
E/QC-QMI  (  360): qmi_ctl_handle_request: qmi_ctl_tx_msg call failed
E/QC-QMI  (  360): qmi_qmux_open_connection: connection is disabled for conn_id=57
E/QC-QMI  (  360): qmi_qmux_tx_msg: failed to open inactive connd_id=57
E/QC-QMI  (  360): qmi_qmux: TX failed, connection inactive or in reset, conn_id=57, status_flags=4
E/QC-QMI  (  360): qmi_ctl_tx_msg: qmi_qmux_tx_msg failed
E/QC-QMI  (  360): qmi_ctl_handle_request: qmi_ctl_tx_msg call failed
E/QC-QMI  (  222): qmi_client [222] 9: failed to locate client data
I/libmdmdetect(  222): ESOC framework not supported
I/libmdmdetect(  222): Found internal modem: modem
E/QC-QMI  (  360): qmuxd: RX on fd=24 returned error=0 errno[2:No such file or directory]
E/QC-QMI  (  360): QMUX qmux_client_id=9 not found in qmux client list, unable to remove
E/QC-QMI  (  222): qmi_client [222] a: failed to locate client data
I/libmdmdetect(  222): ESOC framework not supported
I/libmdmdetect(  222): Found internal modem: modem
D/dalvikvm(  755): GC_CONCURRENT freed 362K, 12% free 5111K/5784K, paused 2ms+21ms, total 79ms
E/QC-QMI  (  360): qmuxd: RX on fd=24 returned error=0 errno[2:No such file or directory]
E/QC-QMI  (  360): QMUX qmux_client_id=a not found in qmux client list, unable to remove
E/QC-QMI  (  360): qmi_qmux_open_connection: connection is disabled for conn_id=29
E/QC-QMI  (  360): qmi_qmux_tx_msg: failed to open inactive connd_id=29
E/QC-QMI  (  360): qmi_qmux: TX failed, connection inactive or in reset, conn_id=29, status_flags=4
E/QC-QMI  (  360): qmi_ctl_tx_msg: qmi_qmux_tx_msg failed
E/QC-QMI  (  360): qmi_ctl_handle_request: qmi_ctl_tx_msg call failed
E/QC-QMI  (  360): qmi_qmux_open_connection: connection is disabled for conn_id=29
E/QC-QMI  (  360): qmi_qmux_tx_msg: failed to open inactive connd_id=29
E/QC-QMI  (  360): qmi_qmux: TX failed, connection inactive or in reset, conn_id=29, status_flags=4
E/QC-QMI  (  360): qmi_ctl_tx_msg: qmi_qmux_tx_msg failed
E/QC-QMI  (  360): qmi_ctl_handle_request: qmi_ctl_tx_msg call failed
E/QC-QMI  (  222): qmi_client [222] b: failed to locate client data
I/libmdmdetect(  222): ESOC framework not supported
E/QC-QMI  (  360): qmuxd: RX on fd=24 returned error=0 errno[2:No such file or directory]
E/QC-QMI  (  360): QMUX qmux_client_id=b not found in qmux client list, unable to remove
I/libmdmdetect(  222): Found internal modem: modem
E/QC-QMI  (  360): qmi_qmux_open_connection: connection is disabled for conn_id=48
E/QC-QMI  (  360): qmi_qmux_tx_msg: failed to open inactive connd_id=48
E/QC-QMI  (  360): qmi_qmux: TX failed, connection inactive or in reset, conn_id=48, status_flags=4
E/QC-QMI  (  360): qmi_ctl_tx_msg: qmi_qmux_tx_msg failed
E/QC-QMI  (  360): qmi_ctl_handle_request: qmi_ctl_tx_msg call failed
E/QC-QMI  (  360): qmi_qmux_open_connection: connection is disabled for conn_id=48
E/QC-QMI  (  360): qmi_qmux_tx_msg: failed to open inactive connd_id=48
E/QC-QMI  (  360): qmi_qmux: TX failed, connection inactive or in reset, conn_id=48, status_flags=4
E/QC-QMI  (  360): qmi_ctl_tx_msg: qmi_qmux_tx_msg failed
E/QC-QMI  (  360): qmi_ctl_handle_request: qmi_ctl_tx_msg call failed
E/QC-QMI  (  222): qmi_client [222] c: failed to locate client data
I/libmdmdetect(  222): ESOC framework not supported
I/libmdmdetect(  222): Found internal modem: modem
E/QC-QMI  (  360): qmuxd: RX on fd=24 returned error=0 errno[2:No such file or directory]
E/QC-QMI  (  360): QMUX qmux_client_id=c not found in qmux client list, unable to remove
E/QC-QMI  (  360): qmi_qmux_open_connection: connection is disabled for conn_id=57
E/QC-QMI  (  360): qmi_qmux_tx_msg: failed to open inactive connd_id=57
E/QC-QMI  (  360): qmi_qmux: TX failed, connection inactive or in reset, conn_id=57, status_flags=4
E/QC-QMI  (  360): qmi_ctl_tx_msg: qmi_qmux_tx_msg failed
E/QC-QMI  (  360): qmi_ctl_handle_request: qmi_ctl_tx_msg call failed
E/QC-QMI  (  360): qmi_qmux_open_connection: connection is disabled for conn_id=57
E/QC-QMI  (  360): qmi_qmux_tx_msg: failed to open inactive connd_id=57
E/QC-QMI  (  360): qmi_qmux: TX failed, connection inactive or in reset, conn_id=57, status_flags=4
E/QC-QMI  (  360): qmi_ctl_tx_msg: qmi_qmux_tx_msg failed
E/QC-QMI  (  360): qmi_ctl_handle_request: qmi_ctl_tx_msg call failed
E/QC-QMI  (  222): qmi_client [222] d: failed to locate client data
I/libmdmdetect(  222): ESOC framework not supported
E/QC-QMI  (  360): qmuxd: RX on fd=24 returned error=0 errno[2:No such file or directory]
E/QC-QMI  (  360): QMUX qmux_client_id=d not found in qmux client list, unable to remove
I/libmdmdetect(  222): Found internal modem: modem
E/QC-QMI  (  360): qmi_qmux_open_connection: connection is disabled for conn_id=29
E/QC-QMI  (  360): qmi_qmux_tx_msg: failed to open inactive connd_id=29
E/QC-QMI  (  360): qmi_qmux: TX failed, connection inactive or in reset, conn_id=29, status_flags=4
E/QC-QMI  (  360): qmi_ctl_tx_msg: qmi_qmux_tx_msg failed
E/QC-QMI  (  360): qmi_ctl_handle_request: qmi_ctl_tx_msg call failed
E/QC-QMI  (  360): qmi_qmux_open_connection: connection is disabled for conn_id=29
E/QC-QMI  (  360): qmi_qmux_tx_msg: failed to open inactive connd_id=29
E/QC-QMI  (  360): qmi_qmux: TX failed, connection inactive or in reset, conn_id=29, status_flags=4
E/QC-QMI  (  360): qmi_ctl_tx_msg: qmi_qmux_tx_msg failed
E/QC-QMI  (  360): qmi_ctl_handle_request: qmi_ctl_tx_msg call failed
E/QC-QMI  (  360): qmi_qmux_open_connection: connection is disabled for conn_id=48
E/QC-QMI  (  360): qmi_qmux_tx_msg: failed to open inactive connd_id=48
E/QC-QMI  (  360): qmi_qmux: TX failed, connection inactive or in reset, conn_id=48, status_flags=4
E/QC-QMI  (  360): qmi_ctl_tx_msg: qmi_qmux_tx_msg failed
E/QC-QMI  (  360): qmi_ctl_handle_request: qmi_ctl_tx_msg call failed
E/QC-QMI  (  360): qmi_qmux_open_connection: connection is disabled for conn_id=48
E/QC-QMI  (  360): qmi_qmux_tx_msg: failed to open inactive connd_id=48
E/QC-QMI  (  360): qmi_qmux: TX failed, connection inactive or in reset, conn_id=48, status_flags=4
E/QC-QMI  (  360): qmi_ctl_tx_msg: qmi_qmux_tx_msg failed
E/QC-QMI  (  360): qmi_ctl_handle_request: qmi_ctl_tx_msg call failed
E/QC-QMI  (  360): qmi_qmux_open_connection: connection is disabled for conn_id=57
E/QC-QMI  (  360): qmi_qmux_tx_msg: failed to open inactive connd_id=57
E/QC-QMI  (  360): qmi_qmux: TX failed, connection inactive or in reset, conn_id=57, status_flags=4
E/QC-QMI  (  360): qmi_ctl_tx_msg: qmi_qmux_tx_msg failed
E/QC-QMI  (  360): qmi_ctl_handle_request: qmi_ctl_tx_msg call failed
E/QC-QMI  (  360): qmi_qmux_open_connection: connection is disabled for conn_id=57
E/QC-QMI  (  360): qmi_qmux_tx_msg: failed to open inactive connd_id=57
E/QC-QMI  (  360): qmi_qmux: TX failed, connection inactive or in reset, conn_id=57, status_flags=4
E/QC-QMI  (  360): qmi_ctl_tx_msg: qmi_qmux_tx_msg failed
E/QC-QMI  (  360): qmi_ctl_handle_request: qmi_ctl_tx_msg call failed
E/QC-QMI  (  360): qmi_qmux_open_connection: connection is disabled for conn_id=29
E/QC-QMI  (  360): qmi_qmux_tx_msg: failed to open inactive connd_id=29
E/QC-QMI  (  360): qmi_qmux: TX failed, connection inactive or in reset, conn_id=29, status_flags=4
E/QC-QMI  (  360): qmi_ctl_tx_msg: qmi_qmux_tx_msg failed
E/QC-QMI  (  360): qmi_ctl_handle_request: qmi_ctl_tx_msg call failed
E/QC-QMI  (  360): qmi_qmux_open_connection: connection is disabled for conn_id=29
E/QC-QMI  (  360): qmi_qmux_tx_msg: failed to open inactive connd_id=29
E/QC-QMI  (  360): qmi_qmux: TX failed, connection inactive or in reset, conn_id=29, status_flags=4
E/QC-QMI  (  360): qmi_ctl_tx_msg: qmi_qmux_tx_msg failed
E/QC-QMI  (  360): qmi_ctl_handle_request: qmi_ctl_tx_msg call failed
E/QC-QMI  (  360): qmi_qmux_open_connection: connection is disabled for conn_id=48
E/QC-QMI  (  360): qmi_qmux_tx_msg: failed to open inactive connd_id=48
E/QC-QMI  (  360): qmi_qmux: TX failed, connection inactive or in reset, conn_id=48, status_flags=4
E/QC-QMI  (  360): qmi_ctl_tx_msg: qmi_qmux_tx_msg failed
E/QC-QMI  (  360): qmi_ctl_handle_request: qmi_ctl_tx_msg call failed
E/QC-QMI  (  360): qmi_qmux_open_connection: connection is disabled for conn_id=48
E/QC-QMI  (  360): qmi_qmux_tx_msg: failed to open inactive connd_id=48
E/QC-QMI  (  360): qmi_qmux: TX failed, connection inactive or in reset, conn_id=48, status_flags=4
E/QC-QMI  (  360): qmi_ctl_tx_msg: qmi_qmux_tx_msg failed
E/QC-QMI  (  360): qmi_ctl_handle_request: qmi_ctl_tx_msg call failed
E/QC-QMI  (  360): qmi_qmux_open_connection: connection is disabled for conn_id=57
E/QC-QMI  (  360): qmi_qmux_tx_msg: failed to open inactive connd_id=57
E/QC-QMI  (  360): qmi_qmux: TX failed, connection inactive or in reset, conn_id=57, status_flags=4
E/QC-QMI  (  360): qmi_ctl_tx_msg: qmi_qmux_tx_msg failed
E/QC-QMI  (  360): qmi_ctl_handle_request: qmi_ctl_tx_msg call failed
E/QC-QMI  (  360): qmi_qmux_open_connection: connection is disabled for conn_id=57
E/QC-QMI  (  360): qmi_qmux_tx_msg: failed to open inactive connd_id=57
E/QC-QMI  (  360): qmi_qmux: TX failed, connection inactive or in reset, conn_id=57, status_flags=4
E/QC-QMI  (  360): qmi_ctl_tx_msg: qmi_qmux_tx_msg failed
E/QC-QMI  (  360): qmi_ctl_handle_request: qmi_ctl_tx_msg call failed
E/QC-QMI  (  360): qmi_qmux_open_connection: connection is disabled for conn_id=29
E/QC-QMI  (  360): qmi_qmux_tx_msg: failed to open inactive connd_id=29
E/QC-QMI  (  360): qmi_qmux: TX failed, connection inactive or in reset, conn_id=29, status_flags=4
E/QC-QMI  (  360): qmi_ctl_tx_msg: qmi_qmux_tx_msg failed
E/QC-QMI  (  360): qmi_ctl_handle_request: qmi_ctl_tx_msg call failed
E/QC-QMI  (  360): qmi_qmux_open_connection: connection is disabled for conn_id=29
E/QC-QMI  (  360): qmi_qmux_tx_msg: failed to open inactive connd_id=29
E/QC-QMI  (  360): qmi_qmux: TX failed, connection inactive or in reset, conn_id=29, status_flags=4
E/QC-QMI  (  360): qmi_ctl_tx_msg: qmi_qmux_tx_msg failed
E/QC-QMI  (  360): qmi_ctl_handle_request: qmi_ctl_tx_msg call failed
E/QC-QMI  (  360): qmi_qmux_open_connection: connection is disabled for conn_id=48
E/QC-QMI  (  360): qmi_qmux_tx_msg: failed to open inactive connd_id=48
E/QC-QMI  (  360): qmi_qmux: TX failed, connection inactive or in reset, conn_id=48, status_flags=4
E/QC-QMI  (  360): qmi_ctl_tx_msg: qmi_qmux_tx_msg failed
E/QC-QMI  (  360): qmi_ctl_handle_request: qmi_ctl_tx_msg call failed
E/QC-QMI  (  360): qmi_qmux_open_connection: connection is disabled for conn_id=48
E/QC-QMI  (  360): qmi_qmux_tx_msg: failed to open inactive connd_id=48
E/QC-QMI  (  360): qmi_qmux: TX failed, connection inactive or in reset, conn_id=48, status_flags=4
E/QC-QMI  (  360): qmi_ctl_tx_msg: qmi_qmux_tx_msg failed
E/QC-QMI  (  360): qmi_ctl_handle_request: qmi_ctl_tx_msg call failed
E/QC-QMI  (  360): qmi_qmux_open_connection: connection is disabled for conn_id=57
E/QC-QMI  (  360): qmi_qmux_tx_msg: failed to open inactive connd_id=57
E/QC-QMI  (  360): qmi_qmux: TX failed, connection inactive or in reset, conn_id=57, status_flags=4
E/QC-QMI  (  360): qmi_ctl_tx_msg: qmi_qmux_tx_msg failed
E/QC-QMI  (  360): qmi_ctl_handle_request: qmi_ctl_tx_msg call failed
E/QC-QMI  (  360): qmi_qmux_open_connection: connection is disabled for conn_id=57
E/QC-QMI  (  360): qmi_qmux_tx_msg: failed to open inactive connd_id=57
E/QC-QMI  (  360): qmi_qmux: TX failed, connection inactive or in reset, conn_id=57, status_flags=4
E/QC-QMI  (  360): qmi_ctl_tx_msg: qmi_qmux_tx_msg failed
E/QC-QMI  (  360): qmi_ctl_handle_request: qmi_ctl_tx_msg call failed
E/QC-QMI  (  360): qmi_qmux_open_connection: connection is disabled for conn_id=29
E/QC-QMI  (  360): qmi_qmux_tx_msg: failed to open inactive connd_id=29
E/QC-QMI  (  360): qmi_qmux: TX failed, connection inactive or in reset, conn_id=29, status_flags=4
E/QC-QMI  (  360): qmi_ctl_tx_msg: qmi_qmux_tx_msg failed
E/QC-QMI  (  360): qmi_ctl_handle_request: qmi_ctl_tx_msg call failed
E/QC-QMI  (  360): qmi_qmux_open_connection: connection is disabled for conn_id=29
E/QC-QMI  (  360): qmi_qmux_tx_msg: failed to open inactive connd_id=29
E/QC-QMI  (  360): qmi_qmux: TX failed, connection inactive or in reset, conn_id=29, status_flags=4
E/QC-QMI  (  360): qmi_ctl_tx_msg: qmi_qmux_tx_msg failed
E/QC-QMI  (  360): qmi_ctl_handle_request: qmi_ctl_tx_msg call failed
E/QC-QMI  (  360): qmi_qmux_open_connection: connection is disabled for conn_id=48
E/QC-QMI  (  360): qmi_qmux_tx_msg: failed to open inactive connd_id=48
E/QC-QMI  (  360): qmi_qmux: TX failed, connection inactive or in reset, conn_id=48, status_flags=4
E/QC-QMI  (  360): qmi_ctl_tx_msg: qmi_qmux_tx_msg failed
E/QC-QMI  (  360): qmi_ctl_handle_request: qmi_ctl_tx_msg call failed
E/QC-QMI  (  360): qmi_qmux_open_connection: connection is disabled for conn_id=48
E/QC-QMI  (  360): qmi_qmux_tx_msg: failed to open inactive connd_id=48
E/QC-QMI  (  360): qmi_qmux: TX failed, connection inactive or in reset, conn_id=48, status_flags=4
E/QC-QMI  (  360): qmi_ctl_tx_msg: qmi_qmux_tx_msg failed
E/QC-QMI  (  360): qmi_ctl_handle_request: qmi_ctl_tx_msg call failed
E/QC-QMI  (  360): qmi_qmux_open_connection: connection is disabled for conn_id=57
E/QC-QMI  (  360): qmi_qmux_tx_msg: failed to open inactive connd_id=57
E/QC-QMI  (  360): qmi_qmux: TX failed, connection inactive or in reset, conn_id=57, status_flags=4
E/QC-QMI  (  360): qmi_ctl_tx_msg: qmi_qmux_tx_msg failed
E/QC-QMI  (  360): qmi_ctl_handle_request: qmi_ctl_tx_msg call failed
E/QC-QMI  (  360): qmi_qmux_open_connection: connection is disabled for conn_id=57
E/QC-QMI  (  360): qmi_qmux_tx_msg: failed to open inactive connd_id=57
E/QC-QMI  (  360): qmi_qmux: TX failed, connection inactive or in reset, conn_id=57, status_flags=4
E/QC-QMI  (  360): qmi_ctl_tx_msg: qmi_qmux_tx_msg failed
E/QC-QMI  (  360): qmi_ctl_handle_request: qmi_ctl_tx_msg call failed
E/QC-QMI  (  360): qmi_qmux_open_connection: connection is disabled for conn_id=29
E/QC-QMI  (  360): qmi_qmux_tx_msg: failed to open inactive connd_id=29
