W/Binder  (  755): 	at android.os.IPowerManager$Stub.onTransact(IPowerManager.java:103)
W/Binder  (  755): 	at android.os.Binder.execTransact(Binder.java:404)
W/Binder  (  755): 	at dalvik.system.NativeStart.run(Native Method)
E/QC-QMI  (  409): qmi_client [409]: unable to connect to server, errno=[2:No such file or directory], attempt=5
W/ResourceType(  755): Failure getting entry for 0x7f050000 (t=4 e=0) in package 0 (error -75)
E/QCALOG  (  336): [MessageQ] ProcessNewMessage: [XTWiFi-PE] unknown deliver target [OS-Agent]
E/QCALOG  (  336): [MessageQ] ProcessNewMessage: [XT-CS] unknown deliver target [OS-Agent]
E/QCALOG  (  336): [MessageQ] ProcessNewMessage: [XTWWAN-PE] unknown deliver target [OS-Agent]
W/PackageParser(  755): No actions in intent filter at /system/priv-app/NTContacts.apk Binary XML file line #426
D/QSEECOMAPI: (  785): QSEECom_get_handle sb_length = 0x2000
D/QSEECOMAPI: (  785): App is already loaded QSEE and app id = 2
D/PPDaemon(  787): CABL version 2.0.20140905
D/PPDaemon(  787): isHDMIPrimary: HDMI is not primary display
E/PPDaemon(  787): Unable to open fb type file  err:  No such file or directory
E/PPDaemon(  787): Unable to open fb type file  err:  No such file or directory
E/PPDaemon(  787): void openPrimaryFrameBuffer(DaemonContext&): Cannot locate the primary framebuffer
D/dalvikvm(  755): GC_CONCURRENT freed 153K, 10% free 4105K/4560K, paused 2ms+3ms, total 24ms
W/PackageParser(  755): No actions in intent filter at /system/priv-app/NTDialer.apk Binary XML file line #228
D/dalvikvm(  755): GC_CONCURRENT freed 201K, 11% free 4349K/4852K, paused 2ms+2ms, total 20ms
W/PackageParser(  755): No actions in intent filter at /system/app/BTTestApp.apk Binary XML file line #61
W/PackageParser(  755): No actions in intent filter at /system/app/Bluetooth.apk Binary XML file line #228
W/PackageParser(  755): Unknown element under <application>: uses-feature at /system/app/BluetoothExt.apk Binary XML file line #55
W/PackageParser(  755): No actions in intent filter at /system/app/BluetoothExt.apk Binary XML file line #82
W/PackageParser(  755): No actions in intent filter at /system/app/BluetoothExt.apk Binary XML file line #106
W/PackageParser(  755): No actions in intent filter at /system/app/BluetoothExt.apk Binary XML file line #130
W/PackageParser(  755): No actions in intent filter at /system/app/BluetoothExt.apk Binary XML file line #157
D/dalvikvm(  755): GC_CONCURRENT freed 259K, 12% free 4502K/5064K, paused 1ms+2ms, total 19ms
E/QC-QMI  (  438): qmi_client [438]: unable to connect to server, errno=[2:No such file or directory], attempt=6
I/libmdmdetect(  442): ESOC framework not supported
I/libmdmdetect(  442): Found internal modem: modem
W/PackageParser(  755): No actions in intent filter at /system/app/Gif.apk Binary XML file line #39
E/QC-QMI  (  360): linux_qmi_qmux_io_stop_watchdog_timer(): invalid timer_id for conn_id=0
E/QC-QMI  (  360): qmi_ctl_rx_msg.c Can't find txn info for txn_id = 1
I/PackageParser(  755): com.qualcomm.interfacepermissions: compat added android.permission.WRITE_EXTERNAL_STORAGE android.permission.READ_PHONE_STATE
E/QC-QMI  (  222): qmi_client [222]: unable to connect to server, errno=[2:No such file or directory], attempt=6
D/dalvikvm(  755): GC_CONCURRENT freed 283K, 12% free 4626K/5212K, paused 1ms+2ms, total 21ms
E/QC-QMI  (  237): qmi_client [237]: unable to connect to server, errno=[2:No such file or directory], attempt=7
W/ResourceType(  755): Failure getting entry for 0x7f020004 (t=1 e=4) in package 0 (error -75)
W/PackageManager(  755): Permission com.oma.drm.permission.ACCESS_OMA_DRM from package com.oma.drm ignored: no group null
E/QC-QMI  (  428): qmi_client [428]: unable to connect to server, errno=[2:No such file or directory], attempt=6
I/PackageParser(  755): com.qualcomm.qcom_qmi: compat added android.permission.WRITE_EXTERNAL_STORAGE android.permission.READ_PHONE_STATE
D/dalvikvm(  755): GC_CONCURRENT freed 258K, 11% free 4792K/5352K, paused 1ms+5ms, total 26ms
E/QC-QMI  (  297): qmi_client [297]: unable to connect to server, errno=[2:No such file or directory], attempt=7
E/QC-QMI  (  310): qmi_client [310]: unable to connect to server, errno=[2:No such file or directory], attempt=7
E/QC-QMI  (  301): qmi_client [301]: unable to connect to server, errno=[2:No such file or directory], attempt=7
E/QC-QMI  (  409): qmi_client [409]: unable to connect to server, errno=[2:No such file or directory], attempt=6
I/libmdmdetect(  360): ESOC framework not supported
I/libmdmdetect(  360): Found internal modem: modem
E/QC-QMI  (  360): qmi_qmux_open_connection: connection is disabled for conn_id=1
E/QC-QMI  (  360): qmuxd: opening connection for conn_id=1 [DATA6_CNTL] failed
E/QC-QMI  (  360): qmi_qmux_open_connection: connection is disabled for conn_id=2
E/QC-QMI  (  360): qmuxd: opening connection for conn_id=2 [DATA7_CNTL] failed
E/QC-QMI  (  360): qmi_qmux_open_connection: connection is disabled for conn_id=3
E/QC-QMI  (  360): qmuxd: opening connection for conn_id=3 [DATA8_CNTL] failed
E/QC-QMI  (  360): qmi_qmux_open_connection: connection is disabled for conn_id=4
E/QC-QMI  (  360): qmuxd: opening connection for conn_id=4 [DATA9_CNTL] failed
E/QC-QMI  (  360): qmi_qmux_open_connection: connection is disabled for conn_id=5
E/QC-QMI  (  360): qmuxd: opening connection for conn_id=5 [DATA12_CNTL] failed
E/QC-QMI  (  360): qmi_qmux_open_connection: connection is disabled for conn_id=6
E/QC-QMI  (  360): qmuxd: opening connection for conn_id=6 [DATA13_CNTL] failed
E/QC-QMI  (  360): qmi_qmux_open_connection: connection is disabled for conn_id=7
E/QC-QMI  (  360): qmuxd: opening connection for conn_id=7 [DATA14_CNTL] failed
E/QC-QMI  (  360): qmi_qmux_open_connection: connection is disabled for conn_id=9
E/QC-QMI  (  360): qmuxd: opening connection for conn_id=9 [DATA15_CNTL] failed
E/QC-QMI  (  360): qmi_qmux_open_connection: connection is disabled for conn_id=10
E/QC-QMI  (  360): qmuxd: opening connection for conn_id=10 [DATA16_CNTL] failed
E/QC-QMI  (  360): qmi_qmux_open_connection: connection is disabled for conn_id=11
E/QC-QMI  (  360): qmuxd: opening connection for conn_id=11 [DATA17_CNTL] failed
E/QC-QMI  (  360): qmi_qmux_open_connection: connection is disabled for conn_id=21
E/QC-QMI  (  360): qmuxd: opening connection for conn_id=21 [SDIO_DATA1_CNTL] failed
E/QC-QMI  (  360): qmi_qmux_open_connection: connection is disabled for conn_id=22
E/QC-QMI  (  360): qmuxd: opening connection for conn_id=22 [SDIO_DATA2_CNTL] failed
E/QC-QMI  (  360): qmi_qmux_open_connection: connection is disabled for conn_id=23
E/QC-QMI  (  360): qmuxd: opening connection for conn_id=23 [SDIO_DATA3_CNTL] failed
E/QC-QMI  (  360): qmi_qmux_open_connection: connection is disabled for conn_id=24
E/QC-QMI  (  360): qmuxd: opening connection for conn_id=24 [SDIO_DATA4_CNTL] failed
E/QC-QMI  (  360): qmi_qmux_open_connection: connection is disabled for conn_id=25
E/QC-QMI  (  360): qmuxd: opening connection for conn_id=25 [SDIO_DATA5_CNTL] failed
E/QC-QMI  (  360): qmi_qmux_open_connection: connection is disabled for conn_id=26
E/QC-QMI  (  360): qmuxd: opening connection for conn_id=26 [SDIO_DATA6_CNTL] failed
E/QC-QMI  (  360): qmi_qmux_open_connection: connection is disabled for conn_id=27
E/QC-QMI  (  360): qmuxd: opening connection for conn_id=27 [SDIO_DATA7_CNTL] failed
E/QC-QMI  (  360): qmi_qmux_open_connection: connection is disabled for conn_id=28
E/QC-QMI  (  360): qmuxd: opening connection for conn_id=28 [SDIO_DATA8_CNTL] failed
E/QC-QMI  (  360): qmi_qmux_open_connection: connection is disabled for conn_id=29
E/QC-QMI  (  360): qmuxd: opening connection for conn_id=29 [MDM_DATA1_CNTL] failed
E/QC-QMI  (  360): qmi_qmux_open_connection: connection is disabled for conn_id=30
E/QC-QMI  (  360): qmuxd: opening connection for conn_id=30 [MDM_DATA2_CNTL] failed
E/QC-QMI  (  360): qmi_qmux_open_connection: connection is disabled for conn_id=31
E/QC-QMI  (  360): qmuxd: opening connection for conn_id=31 [MDM_DATA3_CNTL] failed
E/QC-QMI  (  360): qmi_qmux_open_connection: connection is disabled for conn_id=32
E/QC-QMI  (  360): qmuxd: opening connection for conn_id=32 [MDM_DATA4_CNTL] failed
E/QC-QMI  (  360): qmi_qmux_open_connection: connection is disabled for conn_id=33
E/QC-QMI  (  360): qmuxd: opening connection for conn_id=33 [MDM_DATA5_CNTL] failed
E/QC-QMI  (  360): qmi_qmux_open_connection: connection is disabled for conn_id=34
E/QC-QMI  (  360): qmuxd: opening connection for conn_id=34 [MDM_DATA6_CNTL] failed
E/QC-QMI  (  360): qmi_qmux_open_connection: connection is disabled for conn_id=35
E/QC-QMI  (  360): qmuxd: opening connection for conn_id=35 [MDM_DATA7_CNTL] failed
E/QC-QMI  (  360): qmi_qmux_open_connection: connection is disabled for conn_id=36
E/QC-QMI  (  360): qmuxd: opening connection for conn_id=36 [MDM_DATA8_CNTL] failed
E/QC-QMI  (  360): qmi_qmux_open_connection: connection is disabled for conn_id=48
E/QC-QMI  (  360): qmuxd: opening connection for conn_id=48 [SMUX0] failed
E/QC-QMI  (  360): qmi_qmux_open_connection: connection is disabled for conn_id=49
E/QC-QMI  (  360): qmuxd: opening connection for conn_id=49 [MDM2_DATA1_CNTL] failed
E/QC-QMI  (  360): qmi_qmux_open_connection: connection is disabled for conn_id=50
E/QC-QMI  (  360): qmuxd: opening connection for conn_id=50 [MDM2_DATA2_CNTL] failed
E/QC-QMI  (  360): qmi_qmux_open_connection: connection is disabled for conn_id=51
E/QC-QMI  (  360): qmuxd: opening connection for conn_id=51 [MDM2_DATA3_CNTL] failed
E/QC-QMI  (  360): qmi_qmux_open_connection: connection is disabled for conn_id=52
E/QC-QMI  (  360): qmuxd: opening connection for conn_id=52 [MDM2_DATA4_CNTL] failed
E/QC-QMI  (  360): qmi_qmux_open_connection: connection is disabled for conn_id=53
E/QC-QMI  (  360): qmuxd: opening connection for conn_id=53 [MDM2_DATA5_CNTL] failed
E/QC-QMI  (  360): qmi_qmux_open_connection: connection is disabled for conn_id=54
E/QC-QMI  (  360): qmuxd: opening connection for conn_id=54 [MDM2_DATA6_CNTL] failed
E/QC-QMI  (  360): qmi_qmux_open_connection: connection is disabled for conn_id=55
E/QC-QMI  (  360): qmuxd: opening connection for conn_id=55 [MDM2_DATA7_CNTL] failed
E/QC-QMI  (  360): qmi_qmux_open_connection: connection is disabled for conn_id=56
E/QC-QMI  (  360): qmuxd: opening connection for conn_id=56 [MDM2_DATA8_CNTL] failed
E/QC-QMI  (  360): qmuxd: unable to bind to listener socket, rc=-1, errno=[2:No such file or directory]
E/QC-QMI  (  360): qmuxd: invalid listener_fd recvd for sock_path=/dev/socket/qmux_nfc/qmux_connect_socket
E/QC-QMI  (  360): linux_qmi_qmux_io_stop_watchdog_timer(): invalid timer_id for conn_id=60
W/PackageManager(  755): Package com.android.browser desires unavailable shared library com.qrd.useragent; ignoring!
W/PackageManager(  755): Package com.android.gallery3d desires unavailable shared library com.google.android.media.effects; ignoring!
I/PackageManager(  755): Time to scan packages: 1.394 seconds
W/PackageManager(  755): Not granting permission android.permission.GLOBAL_SEARCH to package com.android.quicksearchbox (protectionLevel=18 flags=0x8be45)
W/PackageManager(  755): Unknown permission com.baidu.permission.QCCLOUD_PROVIDER in package com.android.contacts
W/PackageManager(  755): Unknown permission com.android.firewall.READ_GRAVITY in package com.android.contacts
W/PackageManager(  755): Unknown permission com.android.firewall.WRITE_GRAVITY in package com.android.contacts
W/PackageManager(  755): Unknown permission com.android.firewall.READ_GRAVITY in package com.android.phone
W/PackageManager(  755): Unknown permission com.oma.drm.permission.ACCESS_OMA_DRM in package com.oma.drm.server
W/PackageManager(  755): Unknown permission com.google.android.gallery3d.permission.GALLERY_PROVIDER in package com.android.bluetooth
W/PackageManager(  755): Unknown permission com.android.gallery3d.permission.GALLERY_PROVIDER in package com.android.bluetooth
W/PackageManager(  755): Unknown permission com.android.email.permission.ACCESS_PROVIDER in package com.android.bluetooth
W/PackageManager(  755): Unknown permission com.android.email.permission.READ_ATTACHMENT in package com.android.bluetooth
W/PackageManager(  755): Unknown permission com.google.android.googleapps.permission.GOOGLE_AUTH in package com.android.providers.calendar
W/PackageManager(  755): Unknown permission com.google.android.googleapps.permission.GOOGLE_AUTH.cl in package com.android.providers.calendar
W/PackageManager(  755): Unknown permission com.google.android.googleapps.permission.GOOGLE_AUTH.mail in package com.android.calendar
W/PackageManager(  755): Not granting permission android.permission.ACCESS_DOWNLOAD_MANAGER to package com.android.browser (protectionLevel=18 flags=0x9be45)
W/PackageManager(  755): Not granting permission android.permission.SEND_DOWNLOAD_COMPLETED_INTENTS to package com.android.browser (protectionLevel=2 flags=0x9be45)
W/PackageManager(  755): Not granting permission android.permission.WRITE_MEDIA_STORAGE to package com.android.browser (protectionLevel=18 flags=0x9be45)
W/PackageManager(  755): Unknown permission com.android.browser.permission.READ_HOMEPAGE in package com.android.browser
W/PackageManager(  755): Unknown permission com.android.browser.permission.WRITE_HOMEPAGE in package com.android.browser
W/PackageManager(  755): Unknown permission com.android.launcher.permission.READ_SETTINGS in package com.android.onetimeinitializer
W/PackageManager(  755): Unknown permission com.android.launcher.permission.WRITE_SETTINGS in package com.android.onetimeinitializer
W/PackageManager(  755): Unknown permission android.permission.INSTALL_DRM in package com.android.mms
W/PackageManager(  755): Unknown permission com.android.firewall.READ_GRAVITY in package com.android.mms
W/PackageManager(  755): Unknown permission com.android.firewall.WRITE_GRAVITY in package com.android.mms
W/PackageManager(  755): Not granting permission android.permission.MANAGE_DOCUMENTS to package com.android.mms (protectionLevel=2 flags=0x4009be65)
W/PackageManager(  755): Unknown permission com.google.android.gallery3d.permission.PICASA_STORE in package com.android.dreams.phototable
W/PackageManager(  755): Unknown permission com.google.android.googleapps.permission.GOOGLE_AUTH in package com.android.settings
W/PackageManager(  755): Unknown permission com.android.launcher.permission.READ_SETTINGS in package com.android.settings
W/PackageManager(  755): Unknown permission com.android.launcher.permission.WRITE_SETTINGS in package com.android.settings
W/PackageManager(  755): Unknown permission com.android.launcher.permission.READ_SETTINGS in package com.android.multisimsettings
W/PackageManager(  755): Unknown permission com.android.launcher.permission.WRITE_SETTINGS in package com.android.multisimsettings
W/PackageManager(  755): Not granting permission android.permission.DELETE_PACKAGES to package com.svox.pico (protectionLevel=18 flags=0x8be45)
W/PackageManager(  755): Unknown permission com.qualcomm.permission.ACCESS_LOCATION_API in package com.qualcomm.qct.dlt
W/PackageManager(  755): Unknown permission com.android.firewall.READ_GRAVITY in package com.android.dialer
W/PackageManager(  755): Unknown permission com.android.firewall.WRITE_GRAVITY in package com.android.dialer
W/PackageManager(  755): Unknown permission com.android.email.permission.READ_ATTACHMENT in package com.borqs.gif
W/PackageManager(  755): Unknown permission android.permission.WRITE_INTERNAL_STORAGE in package com.android.soundrecorder
W/PackageManager(  755): Unknown permission android.permission.MMS_PUSH in package org.codeaurora.bluetooth
W/PackageManager(  755): Unknown permission com.android.email.permission.ACCESS_PROVIDER in package org.codeaurora.bluetooth
W/PackageManager(  755): Unknown permission com.android.email.permission.READ_ATTACHMENT in package org.codeaurora.bluetooth
W/PackageManager(  755): Unknown permission android.permission.USB_PERMISSION in package com.featurephone.quicksettings
W/PackageManager(  755): Unknown permission com.qualcomm.permission.ACCESS_LOCATION_API in package com.qualcomm.location
W/PackageManager(  755): Unknown permission com.oma.drm.permission.ACCESS_OMA_DRM in package com.oma.drm
W/PackageManager(  755): Not granting permission android.permission.DEVICE_POWER to package com.android.deskclock (protectionLevel=2 flags=0x48be45)
W/PackageManager(  755): Not granting permission android.permission.NOTIFICATION_LED to package com.android.deskclock (protectionLevel=2 flags=0x48be45)
D/dalvikvm(  755): GC_CONCURRENT freed 458K, 14% free 4847K/5604K, paused 1ms+2ms, total 28ms
D/dalvikvm(  755): WAIT_FOR_CONCURRENT_GC blocked 6ms
D/dalvikvm(  755): GC_FOR_ALLOC freed 287K, 15% free 4844K/5668K, paused 21ms, total 21ms
D/dalvikvm(  755): GC_EXPLICIT freed 82K, 16% free 4771K/5668K, paused 2ms+2ms, total 29ms
I/SystemServer(  755): Entropy Mixer
I/EntropyMixer(  755): Writing entropy...
I/SystemServer(  755): User Service
I/SystemServer(  755): Account Manager
I/SystemServer(  755): Content Manager
I/SystemServer(  755): System Content Providers
I/libmdmdetect(  442): ESOC framework not supported
I/libmdmdetect(  442): Found internal modem: modem
I/SystemServer(  755): Lights Service
I/SystemServer(  755): Battery Service
I/libmdmdetect(  442): ESOC framework not supported
I/libmdmdetect(  442): Found internal modem: modem
I/libmdmdetect(  442): ESOC framework not supported
I/libmdmdetect(  442): Found internal modem: modem
I/libmdmdetect(  442): ESOC framework not supported
I/libmdmdetect(  442): Found internal modem: modem
I/libmdmdetect(  442): ESOC framework not supported
I/libmdmdetect(  442): Found internal modem: modem
E/qdlights(  755): write_int failed to open /sys/class/leds/green/brightness
E/ConsumerIrService(  755): Can't open consumer IR HW Module, error: -2
I/libmdmdetect(  442): ESOC framework not supported
I/libmdmdetect(  442): Found internal modem: modem
I/SystemServer(  755): Vibrator Service
I/SystemServer(  755): Consumer IR Service
W/libsuspend(  755): Error writing 'on' to /sys/power/state: Invalid argument
I/libsuspend(  755): Selected autosleep
I/QCOM PowerHAL(  755): Got set_interactive hint
I/libmdmdetect(  442): ESOC framework not supported
I/libmdmdetect(  442): Found internal modem: modem
I/libmdmdetect(  442): ESOC framework not supported
I/libmdmdetect(  442): Found internal modem: modem
D/PermissionCache(  223): checking android.permission.ACCESS_SURFACE_FLINGER for uid=1000 => granted (2746 us)
D/SurfaceFlinger(  223): Screen acquired, type=0 flinger=0xb7e57468
D/SurfaceFlinger(  223):  screen was previously acquired
D/AlarmManagerService(  755): Kernel timezone updated to -330 minutes west of GMT
E/QC-QMI  (  360): qmi_qmux_open_connection: connection is disabled for conn_id=29
E/QC-QMI  (  360): qmi_qmux_tx_msg: failed to open inactive connd_id=29
E/QC-QMI  (  360): qmi_qmux: TX failed, connection inactive or in reset, conn_id=29, status_flags=4
E/QC-QMI  (  360): qmi_ctl_tx_msg: qmi_qmux_tx_msg failed
E/QC-QMI  (  360): qmi_ctl_handle_request: qmi_ctl_tx_msg call failed
E/QC-QMI  (  360): qmi_qmux_open_connection: connection is disabled for conn_id=29
E/QC-QMI  (  360): qmi_qmux_tx_msg: failed to open inactive connd_id=29
E/QC-QMI  (  360): qmi_qmux: TX failed, connection inactive or in reset, conn_id=29, status_flags=4
E/QC-QMI  (  360): qmi_ctl_tx_msg: qmi_qmux_tx_msg failed
E/QC-QMI  (  360): qmi_ctl_handle_request: qmi_ctl_tx_msg call failed
E/QC-QMI  (  360): qmi_qmux_open_connection: connection is disabled for conn_id=29
E/QC-QMI  (  360): qmi_qmux_tx_msg: failed to open inactive connd_id=29
E/QC-QMI  (  360): qmi_qmux: TX failed, connection inactive or in reset, conn_id=29, status_flags=4
E/QC-QMI  (  360): qmi_ctl_tx_msg: qmi_qmux_tx_msg failed
E/QC-QMI  (  360): qmi_ctl_handle_request: qmi_ctl_tx_msg call failed
E/QC-QMI  (  360): qmi_qmux_open_connection: connection is disabled for conn_id=48
E/QC-QMI  (  360): qmi_qmux_tx_msg: failed to open inactive connd_id=48
E/QC-QMI  (  360): qmi_qmux: TX failed, connection inactive or in reset, conn_id=48, status_flags=4
E/QC-QMI  (  360): qmi_ctl_tx_msg: qmi_qmux_tx_msg failed
E/QC-QMI  (  360): qmi_ctl_handle_request: qmi_ctl_tx_msg call failed
E/QC-QMI  (  360): qmi_qmux_open_connection: connection is disabled for conn_id=48
E/QC-QMI  (  360): qmi_qmux_tx_msg: failed to open inactive connd_id=48
E/QC-QMI  (  360): qmi_qmux: TX failed, connection inactive or in reset, conn_id=48, status_flags=4
E/QC-QMI  (  360): qmi_ctl_tx_msg: qmi_qmux_tx_msg failed
E/QC-QMI  (  360): qmi_ctl_handle_request: qmi_ctl_tx_msg call failed
E/QC-QMI  (  360): qmi_qmux_open_connection: connection is disabled for conn_id=57
E/QC-QMI  (  360): qmi_qmux_tx_msg: failed to open inactive connd_id=57
E/QC-QMI  (  360): qmi_qmux: TX failed, connection inactive or in reset, conn_id=57, status_flags=4
E/QC-QMI  (  360): qmi_ctl_tx_msg: qmi_qmux_tx_msg failed
E/QC-QMI  (  360): qmi_ctl_handle_request: qmi_ctl_tx_msg call failed
E/QC-QMI  (  360): qmi_qmux_open_connection: connection is disabled for conn_id=57
E/QC-QMI  (  360): qmi_qmux_tx_msg: failed to open inactive connd_id=57
I/SystemServer(  755): Alarm Manager
I/SystemServer(  755): Init Watchdog
I/SystemServer(  755): Input Manager
I/InputManager(  755): Initializing input manager, mUseDevInputEventForAudioJack=true
E/QC-QMI  (  360): qmi_qmux: TX failed, connection inactive or in reset, conn_id=57, status_flags=4
E/QC-QMI  (  360): qmi_ctl_tx_msg: qmi_qmux_tx_msg failed
E/QC-QMI  (  360): qmi_ctl_handle_request: qmi_ctl_tx_msg call failed
E/QC-QMI  (  360): qmi_qmux_open_connection: connection is disabled for conn_id=29
E/QC-QMI  (  360): qmi_qmux_tx_msg: failed to open inactive connd_id=29
E/QC-QMI  (  360): qmi_qmux: TX failed, connection inactive or in reset, conn_id=29, status_flags=4
E/QC-QMI  (  360): qmi_ctl_tx_msg: qmi_qmux_tx_msg failed
E/QC-QMI  (  360): qmi_ctl_handle_request: qmi_ctl_tx_msg call failed
E/QC-QMI  (  360): qmi_qmux_open_connection: connection is disabled for conn_id=29
E/QC-QMI  (  360): qmi_qmux_tx_msg: failed to open inactive connd_id=29
E/QC-QMI  (  360): qmi_qmux: TX failed, connection inactive or in reset, conn_id=29, status_flags=4
E/QC-QMI  (  360): qmi_ctl_tx_msg: qmi_qmux_tx_msg failed
E/QC-QMI  (  360): qmi_ctl_handle_request: qmi_ctl_tx_msg call failed
E/QC-QMI  (  360): qmi_qmux_open_connection: connection is disabled for conn_id=48
E/QC-QMI  (  360): qmi_qmux_tx_msg: failed to open inactive connd_id=48
E/QC-QMI  (  360): qmi_qmux: TX failed, connection inactive or in reset, conn_id=48, status_flags=4
E/QC-QMI  (  360): qmi_ctl_tx_msg: qmi_qmux_tx_msg failed
E/QC-QMI  (  360): qmi_ctl_handle_request: qmi_ctl_tx_msg call failed
E/QC-QMI  (  360): qmi_qmux_open_connection: connection is disabled for conn_id=48
E/QC-QMI  (  360): qmi_qmux_tx_msg: failed to open inactive connd_id=48
E/QC-QMI  (  360): qmi_qmux: TX failed, connection inactive or in reset, conn_id=48, status_flags=4
E/QC-QMI  (  360): qmi_ctl_tx_msg: qmi_qmux_tx_msg failed
E/QC-QMI  (  360): qmi_ctl_handle_request: qmi_ctl_tx_msg call failed
E/QC-QMI  (  360): qmi_qmux_open_connection: connection is disabled for conn_id=57
E/QC-QMI  (  360): qmi_qmux_tx_msg: failed to open inactive connd_id=57
E/QC-QMI  (  360): qmi_qmux: TX failed, connection inactive or in reset, conn_id=57, status_flags=4
E/QC-QMI  (  360): qmi_ctl_tx_msg: qmi_qmux_tx_msg failed
E/QC-QMI  (  360): qmi_ctl_handle_request: qmi_ctl_tx_msg call failed
E/QC-QMI  (  360): qmi_qmux_open_connection: connection is disabled for conn_id=57
E/QC-QMI  (  360): qmi_qmux_tx_msg: failed to open inactive connd_id=57
E/QC-QMI  (  360): qmi_qmux: TX failed, connection inactive or in reset, conn_id=57, status_flags=4
E/QC-QMI  (  360): qmi_ctl_tx_msg: qmi_qmux_tx_msg failed
E/QC-QMI  (  360): qmi_ctl_handle_request: qmi_ctl_tx_msg call failed
E/QC-QMI  (  360): qmi_qmux_open_connection: connection is disabled for conn_id=29
E/QC-QMI  (  360): qmi_qmux_tx_msg: failed to open inactive connd_id=29
E/QC-QMI  (  360): qmi_qmux: TX failed, connection inactive or in reset, conn_id=29, status_flags=4
E/QC-QMI  (  360): qmi_ctl_tx_msg: qmi_qmux_tx_msg failed
E/QC-QMI  (  360): qmi_ctl_handle_request: qmi_ctl_tx_msg call failed
E/QC-QMI  (  360): qmi_qmux_open_connection: connection is disabled for conn_id=29
E/QC-QMI  (  360): qmi_qmux_tx_msg: failed to open inactive connd_id=29
E/QC-QMI  (  360): qmi_qmux: TX failed, connection inactive or in reset, conn_id=29, status_flags=4
E/QC-QMI  (  360): qmi_ctl_tx_msg: qmi_qmux_tx_msg failed
E/QC-QMI  (  360): qmi_ctl_handle_request: qmi_ctl_tx_msg call failed
E/QC-QMI  (  360): qmi_qmux_open_connection: connection is disabled for conn_id=48
E/QC-QMI  (  360): qmi_qmux_tx_msg: failed to open inactive connd_id=48
E/QC-QMI  (  360): qmi_qmux: TX failed, connection inactive or in reset, conn_id=48, status_flags=4
E/QC-QMI  (  360): qmi_ctl_tx_msg: qmi_qmux_tx_msg failed
E/QC-QMI  (  360): qmi_ctl_handle_request: qmi_ctl_tx_msg call failed
E/QC-QMI  (  360): qmi_qmux_open_connection: connection is disabled for conn_id=48
E/QC-QMI  (  360): qmi_qmux_tx_msg: failed to open inactive connd_id=48
E/QC-QMI  (  360): qmi_qmux: TX failed, connection inactive or in reset, conn_id=48, status_flags=4
E/QC-QMI  (  360): qmi_ctl_tx_msg: qmi_qmux_tx_msg failed
E/QC-QMI  (  360): qmi_ctl_handle_request: qmi_ctl_tx_msg call failed
I/SystemServer(  755): Window Manager
E/QC-QMI  (  360): qmi_qmux_open_connection: connection is disabled for conn_id=57
E/QC-QMI  (  360): qmi_qmux_tx_msg: failed to open inactive connd_id=57
E/QC-QMI  (  360): qmi_qmux: TX failed, connection inactive or in reset, conn_id=57, status_flags=4
E/QC-QMI  (  360): qmi_ctl_tx_msg: qmi_qmux_tx_msg failed
E/QC-QMI  (  360): qmi_ctl_handle_request: qmi_ctl_tx_msg call failed
E/QC-QMI  (  360): qmi_qmux_open_connection: connection is disabled for conn_id=57
E/QC-QMI  (  360): qmi_qmux_tx_msg: failed to open inactive connd_id=57
E/QC-QMI  (  360): qmi_qmux: TX failed, connection inactive or in reset, conn_id=57, status_flags=4
E/QC-QMI  (  360): qmi_ctl_tx_msg: qmi_qmux_tx_msg failed
E/QC-QMI  (  360): qmi_ctl_handle_request: qmi_ctl_tx_msg call failed
E/QC-QMI  (  360): qmi_qmux_open_connection: connection is disabled for conn_id=29
E/QC-QMI  (  360): qmi_qmux_tx_msg: failed to open inactive connd_id=29
E/QC-QMI  (  360): qmi_qmux: TX failed, connection inactive or in reset, conn_id=29, status_flags=4
E/QC-QMI  (  360): qmi_ctl_tx_msg: qmi_qmux_tx_msg failed
E/QC-QMI  (  360): qmi_ctl_handle_request: qmi_ctl_tx_msg call failed
E/QC-QMI  (  360): qmi_qmux_open_connection: connection is disabled for conn_id=29
E/QC-QMI  (  360): qmi_qmux_tx_msg: failed to open inactive connd_id=29
E/QC-QMI  (  360): qmi_qmux: TX failed, connection inactive or in reset, conn_id=29, status_flags=4
E/QC-QMI  (  360): qmi_ctl_tx_msg: qmi_qmux_tx_msg failed
E/QC-QMI  (  360): qmi_ctl_handle_request: qmi_ctl_tx_msg call failed
E/QC-QMI  (  360): qmi_qmux_open_connection: connection is disabled for conn_id=48
E/QC-QMI  (  360): qmi_qmux_tx_msg: failed to open inactive connd_id=48
E/QC-QMI  (  360): qmi_qmux: TX failed, connection inactive or in reset, conn_id=48, status_flags=4
E/QC-QMI  (  360): qmi_ctl_tx_msg: qmi_qmux_tx_msg failed
E/QC-QMI  (  360): qmi_ctl_handle_request: qmi_ctl_tx_msg call failed
I/WindowManager(  755): No existing display settings /data/system/display_settings.xml; starting empty
E/QC-QMI  (  360): qmi_qmux_open_connection: connection is disabled for conn_id=48
E/QC-QMI  (  360): qmi_qmux_tx_msg: failed to open inactive connd_id=48
E/QC-QMI  (  360): qmi_qmux: TX failed, connection inactive or in reset, conn_id=48, status_flags=4
E/QC-QMI  (  360): qmi_ctl_tx_msg: qmi_qmux_tx_msg failed
E/QC-QMI  (  360): qmi_ctl_handle_request: qmi_ctl_tx_msg call failed
E/QC-QMI  (  360): qmi_qmux_open_connection: connection is disabled for conn_id=57
E/QC-QMI  (  360): qmi_qmux_tx_msg: failed to open inactive connd_id=57
E/QC-QMI  (  360): qmi_qmux: TX failed, connection inactive or in reset, conn_id=57, status_flags=4
E/QC-QMI  (  360): qmi_ctl_tx_msg: qmi_qmux_tx_msg failed
E/QC-QMI  (  360): qmi_ctl_handle_request: qmi_ctl_tx_msg call failed
E/QC-QMI  (  360): qmi_qmux_open_connection: connection is disabled for conn_id=57
E/QC-QMI  (  360): qmi_qmux_tx_msg: failed to open inactive connd_id=57
E/QC-QMI  (  360): qmi_qmux: TX failed, connection inactive or in reset, conn_id=57, status_flags=4
E/QC-QMI  (  360): qmi_ctl_tx_msg: qmi_qmux_tx_msg failed
E/QC-QMI  (  360): qmi_ctl_handle_request: qmi_ctl_tx_msg call failed
E/QC-QMI  (  360): qmi_qmux_open_connection: connection is disabled for conn_id=29
E/QC-QMI  (  360): qmi_qmux_tx_msg: failed to open inactive connd_id=29
E/QC-QMI  (  360): qmi_qmux: TX failed, connection inactive or in reset, conn_id=29, status_flags=4
E/QC-QMI  (  360): qmi_ctl_tx_msg: qmi_qmux_tx_msg failed
E/QC-QMI  (  360): qmi_ctl_handle_request: qmi_ctl_tx_msg call failed
E/QC-QMI  (  360): qmi_qmux_open_connection: connection is disabled for conn_id=29
E/QC-QMI  (  360): qmi_qmux_tx_msg: failed to open inactive connd_id=29
E/QC-QMI  (  360): qmi_qmux: TX failed, connection inactive or in reset, conn_id=29, status_flags=4
E/QC-QMI  (  360): qmi_ctl_tx_msg: qmi_qmux_tx_msg failed
E/QC-QMI  (  360): qmi_ctl_handle_request: qmi_ctl_tx_msg call failed
E/QC-QMI  (  360): qmi_qmux_open_connection: connection is disabled for conn_id=48
E/QC-QMI  (  360): qmi_qmux_tx_msg: failed to open inactive connd_id=48
E/QC-QMI  (  360): qmi_qmux: TX failed, connection inactive or in reset, conn_id=48, status_flags=4
E/QC-QMI  (  360): qmi_ctl_tx_msg: qmi_qmux_tx_msg failed
E/QC-QMI  (  360): qmi_ctl_handle_request: qmi_ctl_tx_msg call failed
E/QC-QMI  (  360): qmi_qmux_open_connection: connection is disabled for conn_id=48
E/QC-QMI  (  360): qmi_qmux_tx_msg: failed to open inactive connd_id=48
E/QC-QMI  (  360): qmi_qmux: TX failed, connection inactive or in reset, conn_id=48, status_flags=4
E/QC-QMI  (  360): qmi_ctl_tx_msg: qmi_qmux_tx_msg failed
E/QC-QMI  (  360): qmi_ctl_handle_request: qmi_ctl_tx_msg call failed
E/QC-QMI  (  360): qmi_qmux_open_connection: connection is disabled for conn_id=57
E/QC-QMI  (  360): qmi_qmux_tx_msg: failed to open inactive connd_id=57
E/QC-QMI  (  360): qmi_qmux: TX failed, connection inactive or in reset, conn_id=57, status_flags=4
E/QC-QMI  (  360): qmi_ctl_tx_msg: qmi_qmux_tx_msg failed
E/QC-QMI  (  360): qmi_ctl_handle_request: qmi_ctl_tx_msg call failed
E/QC-QMI  (  360): qmi_qmux_open_connection: connection is disabled for conn_id=57
E/QC-QMI  (  360): qmi_qmux_tx_msg: failed to open inactive connd_id=57
E/QC-QMI  (  360): qmi_qmux: TX failed, connection inactive or in reset, conn_id=57, status_flags=4
E/QC-QMI  (  360): qmi_ctl_tx_msg: qmi_qmux_tx_msg failed
E/QC-QMI  (  360): qmi_ctl_handle_request: qmi_ctl_tx_msg call failed
E/QC-QMI  (  360): qmi_qmux_open_connection: connection is disabled for conn_id=29
E/QC-QMI  (  360): qmi_qmux_tx_msg: failed to open inactive connd_id=29
E/QC-QMI  (  360): qmi_qmux: TX failed, connection inactive or in reset, conn_id=29, status_flags=4
E/QC-QMI  (  360): qmi_ctl_tx_msg: qmi_qmux_tx_msg failed
E/QC-QMI  (  360): qmi_ctl_handle_request: qmi_ctl_tx_msg call failed
E/QC-QMI  (  360): qmi_qmux_open_connection: connection is disabled for conn_id=29
E/QC-QMI  (  360): qmi_qmux_tx_msg: failed to open inactive connd_id=29
E/QC-QMI  (  360): qmi_qmux: TX failed, connection inactive or in reset, conn_id=29, status_flags=4
E/QC-QMI  (  360): qmi_ctl_tx_msg: qmi_qmux_tx_msg failed
E/QC-QMI  (  360): qmi_ctl_handle_request: qmi_ctl_tx_msg call failed
E/QC-QMI  (  360): qmi_qmux_open_connection: connection is disabled for conn_id=48
E/QC-QMI  (  360): qmi_qmux_tx_msg: failed to open inactive connd_id=48
E/QC-QMI  (  360): qmi_qmux: TX failed, connection inactive or in reset, conn_id=48, status_flags=4
E/QC-QMI  (  360): qmi_ctl_tx_msg: qmi_qmux_tx_msg failed
E/QC-QMI  (  360): qmi_ctl_handle_request: qmi_ctl_tx_msg call failed
E/QC-QMI  (  360): qmi_qmux_open_connection: connection is disabled for conn_id=48
E/QC-QMI  (  360): qmi_qmux_tx_msg: failed to open inactive connd_id=48
E/QC-QMI  (  360): qmi_qmux: TX failed, connection inactive or in reset, conn_id=48, status_flags=4
E/QC-QMI  (  360): qmi_ctl_tx_msg: qmi_qmux_tx_msg failed
E/QC-QMI  (  360): qmi_ctl_handle_request: qmi_ctl_tx_msg call failed
E/QC-QMI  (  360): qmi_qmux_open_connection: connection is disabled for conn_id=57
E/QC-QMI  (  360): qmi_qmux_tx_msg: failed to open inactive connd_id=57
E/QC-QMI  (  360): qmi_qmux: TX failed, connection inactive or in reset, conn_id=57, status_flags=4
E/QC-QMI  (  360): qmi_ctl_tx_msg: qmi_qmux_tx_msg failed
E/QC-QMI  (  360): qmi_ctl_handle_request: qmi_ctl_tx_msg call failed
E/QC-QMI  (  360): qmi_qmux_open_connection: connection is disabled for conn_id=57
E/QC-QMI  (  360): qmi_qmux_tx_msg: failed to open inactive connd_id=57
E/QC-QMI  (  360): qmi_qmux: TX failed, connection inactive or in reset, conn_id=57, status_flags=4
E/QC-QMI  (  360): qmi_ctl_tx_msg: qmi_qmux_tx_msg failed
E/QC-QMI  (  360): qmi_ctl_handle_request: qmi_ctl_tx_msg call failed
E/QC-QMI  (  360): qmi_qmux_open_connection: connection is disabled for conn_id=29
E/QC-QMI  (  360): qmi_qmux_tx_msg: failed to open inactive connd_id=29
E/QC-QMI  (  360): qmi_qmux: TX failed, connection inactive or in reset, conn_id=29, status_flags=4
E/QC-QMI  (  360): qmi_ctl_tx_msg: qmi_qmux_tx_msg failed
E/QC-QMI  (  360): qmi_ctl_handle_request: qmi_ctl_tx_msg call failed
E/QC-QMI  (  360): qmi_qmux_open_connection: connection is disabled for conn_id=29
E/QC-QMI  (  360): qmi_qmux_tx_msg: failed to open inactive connd_id=29
E/QC-QMI  (  360): qmi_qmux: TX failed, connection inactive or in reset, conn_id=29, status_flags=4
E/QC-QMI  (  360): qmi_ctl_tx_msg: qmi_qmux_tx_msg failed
E/QC-QMI  (  360): qmi_ctl_handle_request: qmi_ctl_tx_msg call failed
E/QC-QMI  (  360): qmi_qmux_open_connection: connection is disabled for conn_id=48
E/QC-QMI  (  360): qmi_qmux_tx_msg: failed to open inactive connd_id=48
E/QC-QMI  (  360): qmi_qmux: TX failed, connection inactive or in reset, conn_id=48, status_flags=4
E/QC-QMI  (  360): qmi_ctl_tx_msg: qmi_qmux_tx_msg failed
E/QC-QMI  (  360): qmi_ctl_handle_request: qmi_ctl_tx_msg call failed
E/QC-QMI  (  360): qmi_qmux_open_connection: connection is disabled for conn_id=48
E/QC-QMI  (  360): qmi_qmux_tx_msg: failed to open inactive connd_id=48
E/QC-QMI  (  360): qmi_qmux: TX failed, connection inactive or in reset, conn_id=48, status_flags=4
E/QC-QMI  (  360): qmi_ctl_tx_msg: qmi_qmux_tx_msg failed
E/QC-QMI  (  360): qmi_ctl_handle_request: qmi_ctl_tx_msg call failed
E/QC-QMI  (  360): qmi_qmux_open_connection: connection is disabled for conn_id=57
E/QC-QMI  (  360): qmi_qmux_tx_msg: failed to open inactive connd_id=57
E/QC-QMI  (  360): qmi_qmux: TX failed, connection inactive or in reset, conn_id=57, status_flags=4
E/QC-QMI  (  360): qmi_ctl_tx_msg: qmi_qmux_tx_msg failed
E/QC-QMI  (  360): qmi_ctl_handle_request: qmi_ctl_tx_msg call failed
E/QC-QMI  (  360): qmi_qmux_open_connection: connection is disabled for conn_id=57
E/QC-QMI  (  360): qmi_qmux_tx_msg: failed to open inactive connd_id=57
E/QC-QMI  (  360): qmi_qmux: TX failed, connection inactive or in reset, conn_id=57, status_flags=4
E/QC-QMI  (  360): qmi_ctl_tx_msg: qmi_qmux_tx_msg failed
E/QC-QMI  (  360): qmi_ctl_handle_request: qmi_ctl_tx_msg call failed
I/WindowManager(  755): No keyguard interface!
I/InputManager(  755): Starting input manager
D/BluetoothManagerService(  755): Loading stored name and address
D/BluetoothManagerService(  755): Stored bluetooth Name=QCOM-BTD,Address=08:00:00:5E:94:EF
I/SystemServer(  755): Bluetooth Manager Service
I/SystemServer(  755): Input Method Service
W/InputMethodManagerService(  755): Couldn't create dir.: /data/system/inputmethod
D/dalvikvm(  755): GC_CONCURRENT freed 262K, 12% free 4992K/5668K, paused 1ms+4ms, total 30ms
D/EventHub(  755): No input device configuration file found for device 'msm8909-skub-snd-card Headset Jack'.
I/EventHub(  755): New device: id=1, fd=95, path='/dev/input/event4', name='msm8909-skub-snd-card Headset Jack', classes=0x80, configuration='', keyLayout='', keyCharacterMap='', builtinKeyboard=false, usingSuspendBlockIoctl=true, usingClockIoctl=true
D/EventHub(  755): No input device configuration file found for device 'msm8909-skub-snd-card Button Jack'.
I/SystemServer(  755): Accessibility Manager
I/ActivityManager(  755): Config changes=1df8 {1.0 ?mcc?mnc en_US ldltr sw240dp w240dp h320dp 160dpi smll port ?uimode ?night -touch 12key/v/v -nav/h s.2}
W/EventHub(  755): Unable to disable kernel key repeat for /dev/input/event3: Function not implemented
I/EventHub(  755): New device: id=2, fd=96, path='/dev/input/event3', name='msm8909-skub-snd-card Button Jack', classes=0x41, configuration='', keyLayout='/system/usr/keylayout/Generic.kl', keyCharacterMap='/system/usr/keychars/Generic.kcm', builtinKeyboard=false, usingSuspendBlockIoctl=true, usingClockIoctl=true
D/EventHub(  755): No input device configuration file found for device 'qpnp_pon'.
W/EventHub(  755): Unable to disable kernel key repeat for /dev/input/event1: Function not implemented
I/EventHub(  755): New device: id=3, fd=97, path='/dev/input/event1', name='qpnp_pon', classes=0x1, configuration='', keyLayout='/system/usr/keylayout/Generic.kl', keyCharacterMap='/system/usr/keychars/Generic.kcm', builtinKeyboard=false, usingSuspendBlockIoctl=true, usingClockIoctl=true
E/EventHub(  755): could not get driver version for /dev/input/mice, Not a typewriter
E/QC-QMI  (  442): qmi_client [442] 2: failed to locate client data
I/libmdmdetect(  442): ESOC framework not supported
I/libmdmdetect(  442): Found internal modem: modem
I/libmdmdetect(  442): ESOC framework not supported
I/libmdmdetect(  442): Found internal modem: modem
E/QC-QMI  (  360): qmuxd: RX on fd=23 returned error=0 errno[2:No such file or directory]
E/QC-QMI  (  360): QMUX qmux_client_id=2 not found in qmux client list, unable to remove
I/libmdmdetect(  442): ESOC framework not supported
I/libmdmdetect(  442): Found internal modem: modem
I/libmdmdetect(  442): ESOC framework not supported
I/libmdmdetect(  442): Found internal modem: modem
I/ActivityManager(  755): Config changes=400 {1.0 ?mcc?mnc en_US ldltr sw240dp w240dp h295dp 160dpi smll port ?uimode ?night -touch 12key/v/v -nav/h s.3}
I/SystemServer(  755): Mount Service
D/MountService(  755): got storage path: /storage/sdcard0 description: Internal storage primary: true removable: false emulated: true mtpReserve: 100 allowMassStorage: false maxFileSize: 0
I/libmdmdetect(  442): ESOC framework not supported
I/libmdmdetect(  442): Found internal modem: modem
I/libmdmdetect(  442): ESOC framework not supported
I/libmdmdetect(  442): Found internal modem: modem
I/libmdmdetect(  442): ESOC framework not supported
I/libmdmdetect(  442): Found internal modem: modem
E/QC-QMI  (  360): qmi_qmux_open_connection: connection is disabled for conn_id=29
E/QC-QMI  (  360): qmi_qmux_tx_msg: failed to open inactive connd_id=29
E/QC-QMI  (  360): qmi_qmux: TX failed, connection inactive or in reset, conn_id=29, status_flags=4
E/QC-QMI  (  360): qmi_ctl_tx_msg: qmi_qmux_tx_msg failed
E/QC-QMI  (  360): qmi_ctl_handle_request: qmi_ctl_tx_msg call failed
D/MountService(  755): addVolumeLocked() StorageVolume:
D/MountService(  755):     mStorageId=65537 mPath=/storage/emulated/0 mDescriptionId=17040696 
D/MountService(  755):     mPrimary=true mRemovable=false mEmulated=true mMtpReserveSpace=100 
D/MountService(  755):     mAllowMassStorage=false mMaxFileSize=0 mOwner=UserHandle{0} mUuid=null 
D/MountService(  755):     mUserLabel=null mState=null 
D/MountService(  755): got storage path: /storage/sdcard1 description: SD card primary: false removable: true emulated: false mtpReserve: 0 allowMassStorage: true maxFileSize: 0
D/MountService(  755): addVolumeLocked() StorageVolume:
D/MountService(  755):     mStorageId=0 mPath=/storage/sdcard1 mDescriptionId=17040697 mPrimary=false 
D/MountService(  755):     mRemovable=true mEmulated=false mMtpReserveSpace=0 mAllowMassStorage=true 
D/MountService(  755):     mMaxFileSize=0 mOwner=null mUuid=null mUserLabel=null mState=null 
D/MountService(  755): got storage path: /storage/uicc0 description: UICC storage primary: false removable: true emulated: false mtpReserve: 0 allowMassStorage: true maxFileSize: 0
D/MountService(  755): addVolumeLocked() StorageVolume:
D/MountService(  755):     mStorageId=0 mPath=/storage/uicc0 mDescriptionId=17040699 mPrimary=false 
D/MountService(  755):     mRemovable=true mEmulated=false mMtpReserveSpace=0 mAllowMassStorage=true 
D/MountService(  755):     mMaxFileSize=0 mOwner=null mUuid=null mUserLabel=null mState=null 
D/MountService(  755): got storage path: /storage/uicc1 description: UICC storage primary: false removable: true emulated: false mtpReserve: 0 allowMassStorage: false maxFileSize: 0
D/MountService(  755): addVolumeLocked() StorageVolume:
D/MountService(  755):     mStorageId=0 mPath=/storage/uicc1 mDescriptionId=17040699 mPrimary=false 
D/MountService(  755):     mRemovable=true mEmulated=false mMtpReserveSpace=0 mAllowMassStorage=false 
D/MountService(  755):     mMaxFileSize=0 mOwner=null mUuid=null mUserLabel=null mState=null 
D/MountService(  755): got storage path: /storage/usbotg description: USB storage primary: false removable: true emulated: false mtpReserve: 0 allowMassStorage: false maxFileSize: 0
D/MountService(  755): addVolumeLocked() StorageVolume:
D/MountService(  755):     mStorageId=0 mPath=/storage/usbotg mDescriptionId=17040698 mPrimary=false 
D/MountService(  755):     mRemovable=true mEmulated=false mMtpReserveSpace=0 mAllowMassStorage=false 
D/MountService(  755):     mMaxFileSize=0 mOwner=null mUuid=null mUserLabel=null mState=null 
I/SystemServer(  755): LockSettingsService
E/QC-QMI  (  360): qmi_qmux_open_connection: connection is disabled for conn_id=29
E/QC-QMI  (  360): qmi_qmux_tx_msg: failed to open inactive connd_id=29
E/QC-QMI  (  360): qmi_qmux: TX failed, connection inactive or in reset, conn_id=29, status_flags=4
E/QC-QMI  (  360): qmi_ctl_tx_msg: qmi_qmux_tx_msg failed
E/QC-QMI  (  360): qmi_ctl_handle_request: qmi_ctl_tx_msg call failed
D/EventHub(  755): No input device configuration file found for device 'gpio-keys'.
E/QC-QMI  (  360): qmi_qmux_open_connection: connection is disabled for conn_id=48
E/QC-QMI  (  360): qmi_qmux_tx_msg: failed to open inactive connd_id=48
E/QC-QMI  (  360): qmi_qmux: TX failed, connection inactive or in reset, conn_id=48, status_flags=4
E/QC-QMI  (  360): qmi_ctl_tx_msg: qmi_qmux_tx_msg failed
E/QC-QMI  (  360): qmi_ctl_handle_request: qmi_ctl_tx_msg call failed
E/QC-QMI  (  360): qmi_qmux_open_connection: connection is disabled for conn_id=48
E/QC-QMI  (  360): qmi_qmux_tx_msg: failed to open inactive connd_id=48
E/QC-QMI  (  360): qmi_qmux: TX failed, connection inactive or in reset, conn_id=48, status_flags=4
E/QC-QMI  (  360): qmi_ctl_tx_msg: qmi_qmux_tx_msg failed
E/QC-QMI  (  360): qmi_ctl_handle_request: qmi_ctl_tx_msg call failed
E/QC-QMI  (  360): qmi_qmux_open_connection: connection is disabled for conn_id=57
E/QC-QMI  (  360): qmi_qmux_tx_msg: failed to open inactive connd_id=57
E/QC-QMI  (  360): qmi_qmux: TX failed, connection inactive or in reset, conn_id=57, status_flags=4
E/QC-QMI  (  360): qmi_ctl_tx_msg: qmi_qmux_tx_msg failed
E/QC-QMI  (  360): qmi_ctl_handle_request: qmi_ctl_tx_msg call failed
E/QC-QMI  (  360): qmi_qmux_open_connection: connection is disabled for conn_id=57
E/QC-QMI  (  360): qmi_qmux_tx_msg: failed to open inactive connd_id=57
E/QC-QMI  (  360): qmi_qmux: TX failed, connection inactive or in reset, conn_id=57, status_flags=4
E/QC-QMI  (  360): qmi_ctl_tx_msg: qmi_qmux_tx_msg failed
E/QC-QMI  (  360): qmi_ctl_handle_request: qmi_ctl_tx_msg call failed
E/QC-QMI  (  360): qmi_qmux_open_connection: connection is disabled for conn_id=29
E/QC-QMI  (  360): qmi_qmux_tx_msg: failed to open inactive connd_id=29
E/QC-QMI  (  360): qmi_qmux: TX failed, connection inactive or in reset, conn_id=29, status_flags=4
E/QC-QMI  (  360): qmi_ctl_tx_msg: qmi_qmux_tx_msg failed
E/QC-QMI  (  360): qmi_ctl_handle_request: qmi_ctl_tx_msg call failed
E/QC-QMI  (  360): qmi_qmux_open_connection: connection is disabled for conn_id=29
E/QC-QMI  (  360): qmi_qmux_tx_msg: failed to open inactive connd_id=29
E/QC-QMI  (  360): qmi_qmux: TX failed, connection inactive or in reset, conn_id=29, status_flags=4
E/QC-QMI  (  360): qmi_ctl_tx_msg: qmi_qmux_tx_msg failed
E/QC-QMI  (  360): qmi_ctl_handle_request: qmi_ctl_tx_msg call failed
E/QC-QMI  (  360): qmi_qmux_open_connection: connection is disabled for conn_id=48
E/QC-QMI  (  360): qmi_qmux_tx_msg: failed to open inactive connd_id=48
E/QC-QMI  (  360): qmi_qmux: TX failed, connection inactive or in reset, conn_id=48, status_flags=4
E/QC-QMI  (  360): qmi_ctl_tx_msg: qmi_qmux_tx_msg failed
E/QC-QMI  (  360): qmi_ctl_handle_request: qmi_ctl_tx_msg call failed
E/QC-QMI  (  360): qmi_qmux_open_connection: connection is disabled for conn_id=48
E/QC-QMI  (  360): qmi_qmux_tx_msg: failed to open inactive connd_id=48
E/QC-QMI  (  360): qmi_qmux: TX failed, connection inactive or in reset, conn_id=48, status_flags=4
E/QC-QMI  (  360): qmi_ctl_tx_msg: qmi_qmux_tx_msg failed
E/QC-QMI  (  360): qmi_ctl_handle_request: qmi_ctl_tx_msg call failed
E/QC-QMI  (  360): qmi_qmux_open_connection: connection is disabled for conn_id=57
E/QC-QMI  (  360): qmi_qmux_tx_msg: failed to open inactive connd_id=57
E/QC-QMI  (  360): qmi_qmux: TX failed, connection inactive or in reset, conn_id=57, status_flags=4
E/QC-QMI  (  360): qmi_ctl_tx_msg: qmi_qmux_tx_msg failed
E/QC-QMI  (  360): qmi_ctl_handle_request: qmi_ctl_tx_msg call failed
E/QC-QMI  (  360): qmi_qmux_open_connection: connection is disabled for conn_id=57
E/QC-QMI  (  360): qmi_qmux_tx_msg: failed to open inactive connd_id=57
E/QC-QMI  (  360): qmi_qmux: TX failed, connection inactive or in reset, conn_id=57, status_flags=4
E/QC-QMI  (  360): qmi_ctl_tx_msg: qmi_qmux_tx_msg failed
E/QC-QMI  (  360): qmi_ctl_handle_request: qmi_ctl_tx_msg call failed
E/QC-QMI  (  360): qmi_qmux_open_connection: connection is disabled for conn_id=29
E/QC-QMI  (  360): qmi_qmux_tx_msg: failed to open inactive connd_id=29
E/QC-QMI  (  360): qmi_qmux: TX failed, connection inactive or in reset, conn_id=29, status_flags=4
E/QC-QMI  (  360): qmi_ctl_tx_msg: qmi_qmux_tx_msg failed
E/QC-QMI  (  360): qmi_ctl_handle_request: qmi_ctl_tx_msg call failed
E/QC-QMI  (  360): qmi_qmux_open_connection: connection is disabled for conn_id=29
E/QC-QMI  (  360): qmi_qmux_tx_msg: failed to open inactive connd_id=29
E/QC-QMI  (  360): qmi_qmux: TX failed, connection inactive or in reset, conn_id=29, status_flags=4
E/QC-QMI  (  360): qmi_ctl_tx_msg: qmi_qmux_tx_msg failed
E/QC-QMI  (  360): qmi_ctl_handle_request: qmi_ctl_tx_msg call failed
E/QC-QMI  (  360): qmi_qmux_open_connection: connection is disabled for conn_id=48
E/QC-QMI  (  360): qmi_qmux_tx_msg: failed to open inactive connd_id=48
E/QC-QMI  (  360): qmi_qmux: TX failed, connection inactive or in reset, conn_id=48, status_flags=4
E/QC-QMI  (  360): qmi_ctl_tx_msg: qmi_qmux_tx_msg failed
E/QC-QMI  (  360): qmi_ctl_handle_request: qmi_ctl_tx_msg call failed
W/EventHub(  755): Unable to disable kernel key repeat for /dev/input/event2: Function not implemented
I/EventHub(  755): New device: id=4, fd=101, path='/dev/input/event2', name='gpio-keys', classes=0x1, configuration='', keyLayout='/system/usr/keylayout/gpio-keys.kl', keyCharacterMap='/system/usr/keychars/Generic.kcm', builtinKeyboard=false, usingSuspendBlockIoctl=true, usingClockIoctl=true
E/QC-QMI  (  360): qmi_qmux_open_connection: connection is disabled for conn_id=48
E/QC-QMI  (  360): qmi_qmux_tx_msg: failed to open inactive connd_id=48
E/QC-QMI  (  360): qmi_qmux: TX failed, connection inactive or in reset, conn_id=48, status_flags=4
E/QC-QMI  (  360): qmi_ctl_tx_msg: qmi_qmux_tx_msg failed
E/QC-QMI  (  360): qmi_ctl_handle_request: qmi_ctl_tx_msg call failed
D/EventHub(  755): No input device configuration file found for device 'matrix_keypad.69'.
E/QC-QMI  (  360): qmi_qmux_open_connection: connection is disabled for conn_id=57
E/QC-QMI  (  360): qmi_qmux_tx_msg: failed to open inactive connd_id=57
E/QC-QMI  (  360): qmi_qmux: TX failed, connection inactive or in reset, conn_id=57, status_flags=4
E/QC-QMI  (  360): qmi_ctl_tx_msg: qmi_qmux_tx_msg failed
E/QC-QMI  (  360): qmi_ctl_handle_request: qmi_ctl_tx_msg call failed
E/QC-QMI  (  360): qmi_qmux_open_connection: connection is disabled for conn_id=57
E/QC-QMI  (  360): qmi_qmux_tx_msg: failed to open inactive connd_id=57
E/QC-QMI  (  360): qmi_qmux: TX failed, connection inactive or in reset, conn_id=57, status_flags=4
E/QC-QMI  (  360): qmi_ctl_tx_msg: qmi_qmux_tx_msg failed
E/QC-QMI  (  360): qmi_ctl_handle_request: qmi_ctl_tx_msg call failed
E/QC-QMI  (  360): qmi_qmux_open_connection: connection is disabled for conn_id=29
E/QC-QMI  (  360): qmi_qmux_tx_msg: failed to open inactive connd_id=29
E/QC-QMI  (  360): qmi_qmux: TX failed, connection inactive or in reset, conn_id=29, status_flags=4
E/QC-QMI  (  360): qmi_ctl_tx_msg: qmi_qmux_tx_msg failed
E/QC-QMI  (  360): qmi_ctl_handle_request: qmi_ctl_tx_msg call failed
E/QC-QMI  (  360): qmi_qmux_open_connection: connection is disabled for conn_id=29
E/QC-QMI  (  360): qmi_qmux_tx_msg: failed to open inactive connd_id=29
E/QC-QMI  (  360): qmi_qmux: TX failed, connection inactive or in reset, conn_id=29, status_flags=4
E/QC-QMI  (  360): qmi_ctl_tx_msg: qmi_qmux_tx_msg failed
E/QC-QMI  (  360): qmi_ctl_handle_request: qmi_ctl_tx_msg call failed
E/QC-QMI  (  360): qmi_qmux_open_connection: connection is disabled for conn_id=48
