E/QC-QMI  (  360): qmi_qmux: TX failed, connection inactive or in reset, conn_id=57, status_flags=4
E/QC-QMI  (  360): qmi_ctl_tx_msg: qmi_qmux_tx_msg failed
E/QC-QMI  (  360): qmi_ctl_handle_request: qmi_ctl_tx_msg call failed
E/QC-QMI  (  360): qmi_qmux_open_connection: connection is disabled for conn_id=48
E/QC-QMI  (  360): qmi_qmux_tx_msg: failed to open inactive connd_id=48
E/QC-QMI  (  360): qmi_qmux: TX failed, connection inactive or in reset, conn_id=48, status_flags=4
E/QC-QMI  (  360): qmi_ctl_tx_msg: qmi_qmux_tx_msg failed
E/QC-QMI  (  360): qmi_ctl_handle_request: qmi_ctl_tx_msg call failed
E/QC-QMI  (  360): qmi_qmux_open_connection: connection is disabled for conn_id=57
E/QC-QMI  (  360): qmi_qmux_tx_msg: failed to open inactive connd_id=57
E/QC-QMI  (  360): qmi_qmux: TX failed, connection inactive or in reset, conn_id=57, status_flags=4
E/QC-QMI  (  360): qmi_ctl_tx_msg: qmi_qmux_tx_msg failed
E/QC-QMI  (  360): qmi_ctl_handle_request: qmi_ctl_tx_msg call failed
E/QC-QMI  (  360): qmi_qmux_open_connection: connection is disabled for conn_id=48
E/QC-QMI  (  360): qmi_qmux_tx_msg: failed to open inactive connd_id=48
E/QC-QMI  (  360): qmi_qmux: TX failed, connection inactive or in reset, conn_id=48, status_flags=4
E/QC-QMI  (  360): qmi_ctl_tx_msg: qmi_qmux_tx_msg failed
E/QC-QMI  (  360): qmi_ctl_handle_request: qmi_ctl_tx_msg call failed
E/QC-QMI  (  360): qmi_qmux_open_connection: connection is disabled for conn_id=57
E/QC-QMI  (  360): qmi_qmux_tx_msg: failed to open inactive connd_id=57
E/QC-QMI  (  360): qmi_qmux: TX failed, connection inactive or in reset, conn_id=57, status_flags=4
E/QC-QMI  (  360): qmi_ctl_tx_msg: qmi_qmux_tx_msg failed
E/QC-QMI  (  360): qmi_ctl_handle_request: qmi_ctl_tx_msg call failed
E/QC-QMI  (  428): qmi_client [428] 14: failed to locate client data
E/QC-QMI  (  360): qmi_qmux_open_connection: connection is disabled for conn_id=57
E/QC-QMI  (  360): qmi_qmux_tx_msg: failed to open inactive connd_id=57
E/QC-QMI  (  360): qmi_qmux: TX failed, connection inactive or in reset, conn_id=57, status_flags=4
E/QC-QMI  (  360): qmi_ctl_tx_msg: qmi_qmux_tx_msg failed
E/QC-QMI  (  360): qmi_ctl_handle_request: qmi_ctl_tx_msg call failed
I/libmdmdetect(  428): ESOC framework not supported
E/QC-QMI  (  360): qmuxd: RX on fd=27 returned error=0 errno[2:No such file or directory]
E/QC-QMI  (  360): QMUX qmux_client_id=14 not found in qmux client list, unable to remove
I/libmdmdetect(  428): Found internal modem: modem
E/QC-QMI  (  428): qmi_client [428] 15: failed to locate client data
I/libmdmdetect(  428): ESOC framework not supported
E/QC-QMI  (  360): qmuxd: RX on fd=27 returned error=0 errno[2:No such file or directory]
E/QC-QMI  (  360): QMUX qmux_client_id=15 not found in qmux client list, unable to remove
I/libmdmdetect(  428): Found internal modem: modem
E/QC-QMI  (  360): qmi_qmux_open_connection: connection is disabled for conn_id=29
E/QC-QMI  (  360): qmi_qmux_tx_msg: failed to open inactive connd_id=29
E/QC-QMI  (  360): qmi_qmux: TX failed, connection inactive or in reset, conn_id=29, status_flags=4
E/QC-QMI  (  360): qmi_ctl_tx_msg: qmi_qmux_tx_msg failed
E/QC-QMI  (  360): qmi_ctl_handle_request: qmi_ctl_tx_msg call failed
E/QC-QMI  (  360): qmi_qmux_open_connection: connection is disabled for conn_id=29
E/QC-QMI  (  360): qmi_qmux_tx_msg: failed to open inactive connd_id=29
E/QC-QMI  (  360): qmi_qmux: TX failed, connection inactive or in reset, conn_id=29, status_flags=4
E/QC-QMI  (  360): qmi_ctl_tx_msg: qmi_qmux_tx_msg failed
E/QC-QMI  (  360): qmi_ctl_handle_request: qmi_ctl_tx_msg call failed
E/QC-QMI  (  428): qmi_client [428] 16: failed to locate client data
E/QC-QMI  (  360): qmuxd: RX on fd=27 returned error=0 errno[2:No such file or directory]
E/QC-QMI  (  360): QMUX qmux_client_id=16 not found in qmux client list, unable to remove
I/libmdmdetect(  428): ESOC framework not supported
I/libmdmdetect(  428): Found internal modem: modem
E/QC-QMI  (  360): qmi_qmux_open_connection: connection is disabled for conn_id=48
E/QC-QMI  (  360): qmi_qmux_tx_msg: failed to open inactive connd_id=48
E/QC-QMI  (  360): qmi_qmux: TX failed, connection inactive or in reset, conn_id=48, status_flags=4
E/QC-QMI  (  360): qmi_ctl_tx_msg: qmi_qmux_tx_msg failed
E/QC-QMI  (  360): qmi_ctl_handle_request: qmi_ctl_tx_msg call failed
E/QC-QMI  (  360): qmi_qmux_open_connection: connection is disabled for conn_id=48
E/QC-QMI  (  360): qmi_qmux_tx_msg: failed to open inactive connd_id=48
E/QC-QMI  (  360): qmi_qmux: TX failed, connection inactive or in reset, conn_id=48, status_flags=4
E/QC-QMI  (  360): qmi_ctl_tx_msg: qmi_qmux_tx_msg failed
E/QC-QMI  (  360): qmi_ctl_handle_request: qmi_ctl_tx_msg call failed
E/QC-QMI  (  428): qmi_client [428] 17: failed to locate client data
E/QC-QMI  (  360): qmuxd: RX on fd=27 returned error=0 errno[2:No such file or directory]
E/QC-QMI  (  360): QMUX qmux_client_id=17 not found in qmux client list, unable to remove
I/libmdmdetect(  428): ESOC framework not supported
I/libmdmdetect(  428): Found internal modem: modem
E/QC-QMI  (  360): qmi_qmux_open_connection: connection is disabled for conn_id=57
E/QC-QMI  (  360): qmi_qmux_tx_msg: failed to open inactive connd_id=57
E/QC-QMI  (  360): qmi_qmux: TX failed, connection inactive or in reset, conn_id=57, status_flags=4
E/QC-QMI  (  360): qmi_ctl_tx_msg: qmi_qmux_tx_msg failed
E/QC-QMI  (  360): qmi_ctl_handle_request: qmi_ctl_tx_msg call failed
E/QC-QMI  (  360): qmi_qmux_open_connection: connection is disabled for conn_id=57
E/QC-QMI  (  360): qmi_qmux_tx_msg: failed to open inactive connd_id=57
E/QC-QMI  (  360): qmi_qmux: TX failed, connection inactive or in reset, conn_id=57, status_flags=4
E/QC-QMI  (  360): qmi_ctl_tx_msg: qmi_qmux_tx_msg failed
E/QC-QMI  (  360): qmi_ctl_handle_request: qmi_ctl_tx_msg call failed
E/QC-QMI  (  428): qmi_client [428] 18: failed to locate client data
E/QC-QMI  (  360): qmuxd: RX on fd=27 returned error=0 errno[2:No such file or directory]
E/QC-QMI  (  360): QMUX qmux_client_id=18 not found in qmux client list, unable to remove
I/libmdmdetect(  428): ESOC framework not supported
I/libmdmdetect(  428): Found internal modem: modem
I/SystemServer(  755): Wi-Fi Service
E/QC-QMI  (  360): qmi_qmux_open_connection: connection is disabled for conn_id=29
E/QC-QMI  (  360): qmi_qmux_tx_msg: failed to open inactive connd_id=29
E/QC-QMI  (  360): qmi_qmux: TX failed, connection inactive or in reset, conn_id=29, status_flags=4
E/QC-QMI  (  360): qmi_ctl_tx_msg: qmi_qmux_tx_msg failed
E/QC-QMI  (  360): qmi_ctl_handle_request: qmi_ctl_tx_msg call failed
E/QC-QMI  (  360): qmi_qmux_open_connection: connection is disabled for conn_id=29
E/QC-QMI  (  360): qmi_qmux_tx_msg: failed to open inactive connd_id=29
E/QC-QMI  (  360): qmi_qmux: TX failed, connection inactive or in reset, conn_id=29, status_flags=4
E/QC-QMI  (  360): qmi_ctl_tx_msg: qmi_qmux_tx_msg failed
E/QC-QMI  (  360): qmi_ctl_handle_request: qmi_ctl_tx_msg call failed
E/QC-QMI  (  360): qmi_qmux_open_connection: connection is disabled for conn_id=48
E/QC-QMI  (  360): qmi_qmux_tx_msg: failed to open inactive connd_id=48
E/QC-QMI  (  360): qmi_qmux: TX failed, connection inactive or in reset, conn_id=48, status_flags=4
E/QC-QMI  (  360): qmi_ctl_tx_msg: qmi_qmux_tx_msg failed
E/QC-QMI  (  360): qmi_ctl_handle_request: qmi_ctl_tx_msg call failed
E/QC-QMI  (  360): qmi_qmux_open_connection: connection is disabled for conn_id=48
E/QC-QMI  (  360): qmi_qmux_tx_msg: failed to open inactive connd_id=48
E/QC-QMI  (  360): qmi_qmux: TX failed, connection inactive or in reset, conn_id=48, status_flags=4
E/QC-QMI  (  360): qmi_ctl_tx_msg: qmi_qmux_tx_msg failed
E/QC-QMI  (  360): qmi_ctl_handle_request: qmi_ctl_tx_msg call failed
E/QC-QMI  (  360): qmi_qmux_open_connection: connection is disabled for conn_id=57
E/QC-QMI  (  360): qmi_qmux_tx_msg: failed to open inactive connd_id=57
E/QC-QMI  (  360): qmi_qmux: TX failed, connection inactive or in reset, conn_id=57, status_flags=4
E/QC-QMI  (  360): qmi_ctl_tx_msg: qmi_qmux_tx_msg failed
E/QC-QMI  (  360): qmi_ctl_handle_request: qmi_ctl_tx_msg call failed
E/QC-QMI  (  360): qmi_qmux_open_connection: connection is disabled for conn_id=57
E/QC-QMI  (  360): qmi_qmux_tx_msg: failed to open inactive connd_id=57
E/QC-QMI  (  360): qmi_qmux: TX failed, connection inactive or in reset, conn_id=57, status_flags=4
E/QC-QMI  (  360): qmi_ctl_tx_msg: qmi_qmux_tx_msg failed
E/QC-QMI  (  360): qmi_ctl_handle_request: qmi_ctl_tx_msg call failed
E/QC-QMI  (  360): qmi_qmux_open_connection: connection is disabled for conn_id=29
E/QC-QMI  (  360): qmi_qmux_tx_msg: failed to open inactive connd_id=29
E/QC-QMI  (  360): qmi_qmux: TX failed, connection inactive or in reset, conn_id=29, status_flags=4
E/QC-QMI  (  360): qmi_ctl_tx_msg: qmi_qmux_tx_msg failed
E/QC-QMI  (  360): qmi_ctl_handle_request: qmi_ctl_tx_msg call failed
E/QC-QMI  (  360): qmi_qmux_open_connection: connection is disabled for conn_id=29
E/QC-QMI  (  360): qmi_qmux_tx_msg: failed to open inactive connd_id=29
E/QC-QMI  (  360): qmi_qmux: TX failed, connection inactive or in reset, conn_id=29, status_flags=4
E/QC-QMI  (  360): qmi_ctl_tx_msg: qmi_qmux_tx_msg failed
E/QC-QMI  (  360): qmi_ctl_handle_request: qmi_ctl_tx_msg call failed
E/QC-QMI  (  360): qmi_qmux_open_connection: connection is disabled for conn_id=48
E/QC-QMI  (  360): qmi_qmux_tx_msg: failed to open inactive connd_id=48
E/QC-QMI  (  360): qmi_qmux: TX failed, connection inactive or in reset, conn_id=48, status_flags=4
E/QC-QMI  (  360): qmi_ctl_tx_msg: qmi_qmux_tx_msg failed
E/QC-QMI  (  360): qmi_ctl_handle_request: qmi_ctl_tx_msg call failed
E/QC-QMI  (  360): qmi_qmux_open_connection: connection is disabled for conn_id=48
E/QC-QMI  (  360): qmi_qmux_tx_msg: failed to open inactive connd_id=48
E/QC-QMI  (  360): qmi_qmux: TX failed, connection inactive or in reset, conn_id=48, status_flags=4
E/QC-QMI  (  360): qmi_ctl_tx_msg: qmi_qmux_tx_msg failed
E/QC-QMI  (  360): qmi_ctl_handle_request: qmi_ctl_tx_msg call failed
E/QC-QMI  (  360): qmi_qmux_open_connection: connection is disabled for conn_id=57
E/QC-QMI  (  360): qmi_qmux_tx_msg: failed to open inactive connd_id=57
E/QC-QMI  (  360): qmi_qmux: TX failed, connection inactive or in reset, conn_id=57, status_flags=4
E/QC-QMI  (  360): qmi_ctl_tx_msg: qmi_qmux_tx_msg failed
E/QC-QMI  (  360): qmi_ctl_handle_request: qmi_ctl_tx_msg call failed
E/QC-QMI  (  360): qmi_qmux_open_connection: connection is disabled for conn_id=57
E/QC-QMI  (  360): qmi_qmux_tx_msg: failed to open inactive connd_id=57
E/QC-QMI  (  360): qmi_qmux: TX failed, connection inactive or in reset, conn_id=57, status_flags=4
E/QC-QMI  (  360): qmi_ctl_tx_msg: qmi_qmux_tx_msg failed
E/QC-QMI  (  360): qmi_ctl_handle_request: qmi_ctl_tx_msg call failed
E/QC-QMI  (  360): qmi_qmux_open_connection: connection is disabled for conn_id=29
E/QC-QMI  (  360): qmi_qmux_tx_msg: failed to open inactive connd_id=29
E/QC-QMI  (  360): qmi_qmux: TX failed, connection inactive or in reset, conn_id=29, status_flags=4
E/QC-QMI  (  360): qmi_ctl_tx_msg: qmi_qmux_tx_msg failed
E/QC-QMI  (  360): qmi_ctl_handle_request: qmi_ctl_tx_msg call failed
E/QC-QMI  (  360): qmi_qmux_open_connection: connection is disabled for conn_id=29
E/QC-QMI  (  360): qmi_qmux_tx_msg: failed to open inactive connd_id=29
E/QC-QMI  (  360): qmi_qmux: TX failed, connection inactive or in reset, conn_id=29, status_flags=4
E/QC-QMI  (  360): qmi_ctl_tx_msg: qmi_qmux_tx_msg failed
E/QC-QMI  (  360): qmi_ctl_handle_request: qmi_ctl_tx_msg call failed
E/QC-QMI  (  360): qmi_qmux_open_connection: connection is disabled for conn_id=48
E/QC-QMI  (  360): qmi_qmux_tx_msg: failed to open inactive connd_id=48
E/QC-QMI  (  360): qmi_qmux: TX failed, connection inactive or in reset, conn_id=48, status_flags=4
E/QC-QMI  (  360): qmi_ctl_tx_msg: qmi_qmux_tx_msg failed
E/QC-QMI  (  360): qmi_ctl_handle_request: qmi_ctl_tx_msg call failed
E/QC-QMI  (  360): qmi_qmux_open_connection: connection is disabled for conn_id=48
E/QC-QMI  (  360): qmi_qmux_tx_msg: failed to open inactive connd_id=48
E/QC-QMI  (  360): qmi_qmux: TX failed, connection inactive or in reset, conn_id=48, status_flags=4
E/QC-QMI  (  360): qmi_ctl_tx_msg: qmi_qmux_tx_msg failed
E/QC-QMI  (  360): qmi_ctl_handle_request: qmi_ctl_tx_msg call failed
E/QC-QMI  (  360): qmi_qmux_open_connection: connection is disabled for conn_id=57
E/QC-QMI  (  360): qmi_qmux_tx_msg: failed to open inactive connd_id=57
E/QC-QMI  (  360): qmi_qmux: TX failed, connection inactive or in reset, conn_id=57, status_flags=4
E/QC-QMI  (  360): qmi_ctl_tx_msg: qmi_qmux_tx_msg failed
E/QC-QMI  (  360): qmi_ctl_handle_request: qmi_ctl_tx_msg call failed
E/QC-QMI  (  360): qmi_qmux_open_connection: connection is disabled for conn_id=57
E/QC-QMI  (  360): qmi_qmux_tx_msg: failed to open inactive connd_id=57
E/QC-QMI  (  360): qmi_qmux: TX failed, connection inactive or in reset, conn_id=57, status_flags=4
E/QC-QMI  (  360): qmi_ctl_tx_msg: qmi_qmux_tx_msg failed
E/QC-QMI  (  360): qmi_ctl_handle_request: qmi_ctl_tx_msg call failed
E/QC-QMI  (  360): qmi_qmux_open_connection: connection is disabled for conn_id=29
E/QC-QMI  (  360): qmi_qmux_tx_msg: failed to open inactive connd_id=29
E/QC-QMI  (  360): qmi_qmux: TX failed, connection inactive or in reset, conn_id=29, status_flags=4
E/QC-QMI  (  360): qmi_ctl_tx_msg: qmi_qmux_tx_msg failed
E/QC-QMI  (  360): qmi_ctl_handle_request: qmi_ctl_tx_msg call failed
E/wcnss_qmi(  310): dms_find_modem_port: Baseband property value read: msm
E/wcnss_qmi(  310): dms_find_modem_port: QMI port found for modem: rmnet0
E/QC-QMI  (  360): qmi_qmux_open_connection: connection is disabled for conn_id=29
E/QC-QMI  (  360): qmi_qmux_tx_msg: failed to open inactive connd_id=29
E/QC-QMI  (  360): qmi_qmux: TX failed, connection inactive or in reset, conn_id=29, status_flags=4
E/QC-QMI  (  360): qmi_ctl_tx_msg: qmi_qmux_tx_msg failed
E/QC-QMI  (  360): qmi_ctl_handle_request: qmi_ctl_tx_msg call failed
E/QC-QMI  (  360): qmi_qmux_open_connection: connection is disabled for conn_id=48
E/QC-QMI  (  360): qmi_qmux_tx_msg: failed to open inactive connd_id=48
E/QC-QMI  (  360): qmi_qmux: TX failed, connection inactive or in reset, conn_id=48, status_flags=4
E/QC-QMI  (  360): qmi_ctl_tx_msg: qmi_qmux_tx_msg failed
E/QC-QMI  (  360): qmi_ctl_handle_request: qmi_ctl_tx_msg call failed
E/QC-QMI  (  360): qmi_qmux_open_connection: connection is disabled for conn_id=48
E/QC-QMI  (  360): qmi_qmux_tx_msg: failed to open inactive connd_id=48
E/QC-QMI  (  360): qmi_qmux: TX failed, connection inactive or in reset, conn_id=48, status_flags=4
E/QC-QMI  (  360): qmi_ctl_tx_msg: qmi_qmux_tx_msg failed
E/QC-QMI  (  360): qmi_ctl_handle_request: qmi_ctl_tx_msg call failed
E/QC-QMI  (  360): qmi_qmux_open_connection: connection is disabled for conn_id=57
E/QC-QMI  (  360): qmi_qmux_tx_msg: failed to open inactive connd_id=57
E/QC-QMI  (  360): qmi_qmux: TX failed, connection inactive or in reset, conn_id=57, status_flags=4
E/QC-QMI  (  360): qmi_ctl_tx_msg: qmi_qmux_tx_msg failed
E/QC-QMI  (  360): qmi_ctl_handle_request: qmi_ctl_tx_msg call failed
E/wcnss_qmi(  310): wcnss_qmi_get_wlan_address: Mac Address_valid: 1 Mac Address Len: 6
E/wcnss_qmi(  310): wcnss_qmi_get_wlan_address: Succesfully Read WLAN MAC Address
E/wcnss_service(  310): WLAN MAC Addr:b0:f3:fb:de:89:0b
E/wcnss_qmi(  310): wcnss_qmi_deinit: Deinitialize wcnss QMI Interface
E/QC-QMI  (  310): qmi_service_wait_for_sync_txn_completion : completing txn conn_id=0, service=2, client=2, txn=0x1
E/QC-QMI  (  360): qmi_qmux_open_connection: connection is disabled for conn_id=57
E/QC-QMI  (  360): qmi_qmux_tx_msg: failed to open inactive connd_id=57
E/QC-QMI  (  360): qmi_qmux: TX failed, connection inactive or in reset, conn_id=57, status_flags=4
E/QC-QMI  (  360): qmi_ctl_tx_msg: qmi_qmux_tx_msg failed
E/QC-QMI  (  360): qmi_ctl_handle_request: qmi_ctl_tx_msg call failed
E/QC-QMI  (  360): qmi_qmux_open_connection: connection is disabled for conn_id=29
E/QC-QMI  (  360): qmi_qmux_tx_msg: failed to open inactive connd_id=29
E/QC-QMI  (  360): qmi_qmux: TX failed, connection inactive or in reset, conn_id=29, status_flags=4
E/QC-QMI  (  360): qmi_ctl_tx_msg: qmi_qmux_tx_msg failed
E/QC-QMI  (  360): qmi_ctl_handle_request: qmi_ctl_tx_msg call failed
E/QC-QMI  (  360): qmi_qmux_open_connection: connection is disabled for conn_id=29
E/QC-QMI  (  360): qmi_qmux_tx_msg: failed to open inactive connd_id=29
E/QC-QMI  (  360): qmi_qmux: TX failed, connection inactive or in reset, conn_id=29, status_flags=4
E/QC-QMI  (  360): qmi_ctl_tx_msg: qmi_qmux_tx_msg failed
E/QC-QMI  (  360): qmi_ctl_handle_request: qmi_ctl_tx_msg call failed
E/QC-QMI  (  360): qmi_qmux_open_connection: connection is disabled for conn_id=48
E/QC-QMI  (  360): qmi_qmux_tx_msg: failed to open inactive connd_id=48
E/QC-QMI  (  360): qmi_qmux: TX failed, connection inactive or in reset, conn_id=48, status_flags=4
E/QC-QMI  (  360): qmi_ctl_tx_msg: qmi_qmux_tx_msg failed
E/QC-QMI  (  360): qmi_ctl_handle_request: qmi_ctl_tx_msg call failed
E/QC-QMI  (  360): qmi_qmux_open_connection: connection is disabled for conn_id=48
E/QC-QMI  (  360): qmi_qmux_tx_msg: failed to open inactive connd_id=48
E/QC-QMI  (  360): qmi_qmux: TX failed, connection inactive or in reset, conn_id=48, status_flags=4
E/QC-QMI  (  360): qmi_ctl_tx_msg: qmi_qmux_tx_msg failed
E/QC-QMI  (  360): qmi_ctl_handle_request: qmi_ctl_tx_msg call failed
E/QC-QMI  (  360): qmi_qmux_open_connection: connection is disabled for conn_id=29
E/QC-QMI  (  360): qmi_qmux_tx_msg: failed to open inactive connd_id=29
E/QC-QMI  (  360): qmi_qmux: TX failed, connection inactive or in reset, conn_id=29, status_flags=4
E/QC-QMI  (  360): qmi_ctl_tx_msg: qmi_qmux_tx_msg failed
E/QC-QMI  (  360): qmi_ctl_handle_request: qmi_ctl_tx_msg call failed
E/QC-QMI  (  442): qmi_client [442] 10: failed to locate client data
I/libmdmdetect(  442): ESOC framework not supported
I/libmdmdetect(  442): Found internal modem: modem
I/libmdmdetect(  442): ESOC framework not supported
I/libmdmdetect(  442): Found internal modem: modem
E/QC-QMI  (  360): qmi_qmux_open_connection: connection is disabled for conn_id=57
E/QC-QMI  (  360): qmi_qmux_tx_msg: failed to open inactive connd_id=57
E/QC-QMI  (  360): qmi_qmux: TX failed, connection inactive or in reset, conn_id=57, status_flags=4
E/QC-QMI  (  360): qmi_ctl_tx_msg: qmi_qmux_tx_msg failed
E/QC-QMI  (  360): qmi_ctl_handle_request: qmi_ctl_tx_msg call failed
E/QC-QMI  (  360): qmi_qmux_open_connection: connection is disabled for conn_id=29
E/QC-QMI  (  360): qmi_qmux_tx_msg: failed to open inactive connd_id=29
E/QC-QMI  (  360): qmi_qmux: TX failed, connection inactive or in reset, conn_id=29, status_flags=4
E/QC-QMI  (  360): qmi_ctl_tx_msg: qmi_qmux_tx_msg failed
E/QC-QMI  (  360): qmi_ctl_handle_request: qmi_ctl_tx_msg call failed
E/QC-QMI  (  360): qmuxd: RX on fd=25 returned error=0 errno[2:No such file or directory]
E/QC-QMI  (  360): QMUX qmux_client_id=10 not found in qmux client list, unable to remove
I/Atfwd_Daemon(  301): result : 255 	 ,Init step :0 	 ,qmiErrorCode: 0
I/libmdmdetect(  301): ESOC framework not supported
I/libmdmdetect(  301): Found internal modem: modem
I/Atfwd_Daemon(  301): result : 0 	 ,Init step :1 	 ,qmiErrorCode: 0
I/ServiceManager(  301): Waiting for service AtCmdFwd...
E/QC-QMI  (  360): qmi_qmux_open_connection: connection is disabled for conn_id=48
E/QC-QMI  (  360): qmi_qmux_tx_msg: failed to open inactive connd_id=48
E/QC-QMI  (  360): qmi_qmux: TX failed, connection inactive or in reset, conn_id=48, status_flags=4
E/QC-QMI  (  360): qmi_ctl_tx_msg: qmi_qmux_tx_msg failed
E/QC-QMI  (  360): qmi_ctl_handle_request: qmi_ctl_tx_msg call failed
E/QC-QMI  (  360): qmi_qmux_open_connection: connection is disabled for conn_id=57
E/QC-QMI  (  360): qmi_qmux_tx_msg: failed to open inactive connd_id=57
E/QC-QMI  (  360): qmi_qmux: TX failed, connection inactive or in reset, conn_id=57, status_flags=4
E/QC-QMI  (  360): qmi_ctl_tx_msg: qmi_qmux_tx_msg failed
E/QC-QMI  (  360): qmi_ctl_handle_request: qmi_ctl_tx_msg call failed
E/QC-QMI  (  360): qmi_qmux_open_connection: connection is disabled for conn_id=48
E/QC-QMI  (  360): qmi_qmux_tx_msg: failed to open inactive connd_id=48
E/QC-QMI  (  360): qmi_qmux: TX failed, connection inactive or in reset, conn_id=48, status_flags=4
E/QC-QMI  (  360): qmi_ctl_tx_msg: qmi_qmux_tx_msg failed
E/QC-QMI  (  360): qmi_ctl_handle_request: qmi_ctl_tx_msg call failed
E/QC-QMI  (  360): qmi_qmux_open_connection: connection is disabled for conn_id=29
E/QC-QMI  (  360): qmi_qmux_tx_msg: failed to open inactive connd_id=29
E/QC-QMI  (  360): qmi_qmux: TX failed, connection inactive or in reset, conn_id=29, status_flags=4
E/QC-QMI  (  360): qmi_ctl_tx_msg: qmi_qmux_tx_msg failed
E/QC-QMI  (  360): qmi_ctl_handle_request: qmi_ctl_tx_msg call failed
E/QC-QMI  (  360): qmi_qmux_open_connection: connection is disabled for conn_id=57
E/QC-QMI  (  360): qmi_qmux_tx_msg: failed to open inactive connd_id=57
E/QC-QMI  (  360): qmi_qmux: TX failed, connection inactive or in reset, conn_id=57, status_flags=4
E/QC-QMI  (  360): qmi_ctl_tx_msg: qmi_qmux_tx_msg failed
E/QC-QMI  (  360): qmi_ctl_handle_request: qmi_ctl_tx_msg call failed
E/QC-QMI  (  360): qmi_qmux_open_connection: connection is disabled for conn_id=29
E/QC-QMI  (  360): qmi_qmux_tx_msg: failed to open inactive connd_id=29
E/QC-QMI  (  360): qmi_qmux: TX failed, connection inactive or in reset, conn_id=29, status_flags=4
E/QC-QMI  (  360): qmi_ctl_tx_msg: qmi_qmux_tx_msg failed
E/QC-QMI  (  360): qmi_ctl_handle_request: qmi_ctl_tx_msg call failed
E/QC-QMI  (  310): qmi_client [310] 1b: failed to locate client data
I/wcnss_service(  310): WLAN MAC Addr:b0:f3:fb:de:89:0b
E/wcnss_service(  310): CAL file not found
E/QC-QMI  (  360): qmi_qmux_open_connection: connection is disabled for conn_id=57
E/QC-QMI  (  360): qmi_qmux_tx_msg: failed to open inactive connd_id=57
E/QC-QMI  (  360): qmi_qmux: TX failed, connection inactive or in reset, conn_id=57, status_flags=4
E/QC-QMI  (  360): qmi_ctl_tx_msg: qmi_qmux_tx_msg failed
E/QC-QMI  (  360): qmi_ctl_handle_request: qmi_ctl_tx_msg call failed
E/QC-QMI  (  360): qmi_qmux_open_connection: connection is disabled for conn_id=48
E/QC-QMI  (  360): qmi_qmux_tx_msg: failed to open inactive connd_id=48
E/QC-QMI  (  360): qmi_qmux: TX failed, connection inactive or in reset, conn_id=48, status_flags=4
E/QC-QMI  (  360): qmi_ctl_tx_msg: qmi_qmux_tx_msg failed
E/QC-QMI  (  360): qmi_ctl_handle_request: qmi_ctl_tx_msg call failed
E/QC-QMI  (  360): qmuxd: RX on fd=29 returned error=0 errno[2:No such file or directory]
E/QC-QMI  (  360): QMUX qmux_client_id=1b not found in qmux client list, unable to remove
E/QC-QMI  (  360): qmi_qmux_open_connection: connection is disabled for conn_id=29
E/QC-QMI  (  360): qmi_qmux_tx_msg: failed to open inactive connd_id=29
I/libmdmdetect(  442): ESOC framework not supported
I/libmdmdetect(  442): Found internal modem: modem
E/QC-QMI  (  360): qmi_qmux: TX failed, connection inactive or in reset, conn_id=29, status_flags=4
E/QC-QMI  (  360): qmi_ctl_tx_msg: qmi_qmux_tx_msg failed
E/QC-QMI  (  360): qmi_ctl_handle_request: qmi_ctl_tx_msg call failed
E/QC-QMI  (  360): qmi_qmux_open_connection: connection is disabled for conn_id=48
E/QC-QMI  (  360): qmi_qmux_tx_msg: failed to open inactive connd_id=48
E/QC-QMI  (  360): qmi_qmux: TX failed, connection inactive or in reset, conn_id=48, status_flags=4
E/QC-QMI  (  360): qmi_ctl_tx_msg: qmi_qmux_tx_msg failed
E/QC-QMI  (  360): qmi_ctl_handle_request: qmi_ctl_tx_msg call failed
E/QC-QMI  (  360): qmi_qmux_open_connection: connection is disabled for conn_id=29
E/QC-QMI  (  360): qmi_qmux_tx_msg: failed to open inactive connd_id=29
E/QC-QMI  (  360): qmi_qmux: TX failed, connection inactive or in reset, conn_id=29, status_flags=4
E/QC-QMI  (  360): qmi_ctl_tx_msg: qmi_qmux_tx_msg failed
E/QC-QMI  (  360): qmi_ctl_handle_request: qmi_ctl_tx_msg call failed
E/QC-QMI  (  360): qmi_qmux_open_connection: connection is disabled for conn_id=57
E/QC-QMI  (  360): qmi_qmux_tx_msg: failed to open inactive connd_id=57
E/QC-QMI  (  360): qmi_qmux: TX failed, connection inactive or in reset, conn_id=57, status_flags=4
E/QC-QMI  (  360): qmi_ctl_tx_msg: qmi_qmux_tx_msg failed
E/QC-QMI  (  360): qmi_ctl_handle_request: qmi_ctl_tx_msg call failed
E/QC-QMI  (  360): qmi_qmux_open_connection: connection is disabled for conn_id=48
E/QC-QMI  (  360): qmi_qmux_tx_msg: failed to open inactive connd_id=48
E/QC-QMI  (  360): qmi_qmux: TX failed, connection inactive or in reset, conn_id=48, status_flags=4
E/QC-QMI  (  360): qmi_ctl_tx_msg: qmi_qmux_tx_msg failed
E/QC-QMI  (  360): qmi_ctl_handle_request: qmi_ctl_tx_msg call failed
E/QC-QMI  (  360): qmi_qmux_open_connection: connection is disabled for conn_id=57
E/QC-QMI  (  360): qmi_qmux_tx_msg: failed to open inactive connd_id=57
E/QC-QMI  (  360): qmi_qmux: TX failed, connection inactive or in reset, conn_id=57, status_flags=4
E/QC-QMI  (  360): qmi_ctl_tx_msg: qmi_qmux_tx_msg failed
E/QC-QMI  (  360): qmi_ctl_handle_request: qmi_ctl_tx_msg call failed
E/QC-QMI  (  360): qmi_qmux_open_connection: connection is disabled for conn_id=48
E/QC-QMI  (  360): qmi_qmux_tx_msg: failed to open inactive connd_id=48
E/QC-QMI  (  360): qmi_qmux: TX failed, connection inactive or in reset, conn_id=48, status_flags=4
E/QC-QMI  (  360): qmi_ctl_tx_msg: qmi_qmux_tx_msg failed
E/QC-QMI  (  360): qmi_ctl_handle_request: qmi_ctl_tx_msg call failed
E/QC-QMI  (  360): qmi_qmux_open_connection: connection is disabled for conn_id=29
E/QC-QMI  (  360): qmi_qmux_tx_msg: failed to open inactive connd_id=29
E/QC-QMI  (  360): qmi_qmux: TX failed, connection inactive or in reset, conn_id=29, status_flags=4
E/QC-QMI  (  360): qmi_ctl_tx_msg: qmi_qmux_tx_msg failed
E/QC-QMI  (  360): qmi_ctl_handle_request: qmi_ctl_tx_msg call failed
E/QC-QMI  (  360): qmi_qmux_open_connection: connection is disabled for conn_id=57
E/QC-QMI  (  360): qmi_qmux_tx_msg: failed to open inactive connd_id=57
I/libmdmdetect(  442): ESOC framework not supported
I/libmdmdetect(  442): Found internal modem: modem
I/libmdmdetect(  409): ESOC framework not supported
I/libmdmdetect(  409): Found internal modem: modem
I/libmdmdetect(  409): ESOC framework not supported
I/libmdmdetect(  409): Found internal modem: modem
E/QC-QMI  (  360): qmi_qmux: TX failed, connection inactive or in reset, conn_id=57, status_flags=4
E/QC-QMI  (  360): qmi_ctl_tx_msg: qmi_qmux_tx_msg failed
E/QC-QMI  (  360): qmi_ctl_handle_request: qmi_ctl_tx_msg call failed
E/QC-QMI  (  360): qmi_qmux_open_connection: connection is disabled for conn_id=21
E/QC-QMI  (  360): qmi_qmux_tx_msg: failed to open inactive connd_id=21
E/QC-QMI  (  360): qmi_qmux: TX failed, connection inactive or in reset, conn_id=21, status_flags=4
E/QC-QMI  (  360): qmi_ctl_tx_msg: qmi_qmux_tx_msg failed
E/QC-QMI  (  360): qmi_ctl_handle_request: qmi_ctl_tx_msg call failed
E/QC-QMI  (  360): qmi_qmux_open_connection: connection is disabled for conn_id=29
E/QC-QMI  (  360): qmi_qmux_tx_msg: failed to open inactive connd_id=29
E/QC-QMI  (  360): qmi_qmux: TX failed, connection inactive or in reset, conn_id=29, status_flags=4
E/QC-QMI  (  360): qmi_ctl_tx_msg: qmi_qmux_tx_msg failed
E/QC-QMI  (  360): qmi_ctl_handle_request: qmi_ctl_tx_msg call failed
E/QC-QMI  (  360): qmi_qmux_open_connection: connection is disabled for conn_id=57
E/QC-QMI  (  360): qmi_qmux_tx_msg: failed to open inactive connd_id=57
E/QC-QMI  (  360): qmi_qmux: TX failed, connection inactive or in reset, conn_id=57, status_flags=4
E/QC-QMI  (  360): qmi_ctl_tx_msg: qmi_qmux_tx_msg failed
E/QC-QMI  (  360): qmi_ctl_handle_request: qmi_ctl_tx_msg call failed
I/libmdmdetect(  409): ESOC framework not supported
I/libmdmdetect(  409): Found internal modem: modem
E/QC-QMI  (  360): qmi_qmux_open_connection: connection is disabled for conn_id=48
E/QC-QMI  (  360): qmi_qmux_tx_msg: failed to open inactive connd_id=48
E/QC-QMI  (  360): qmi_qmux: TX failed, connection inactive or in reset, conn_id=48, status_flags=4
E/QC-QMI  (  360): qmi_ctl_tx_msg: qmi_qmux_tx_msg failed
E/QC-QMI  (  360): qmi_ctl_handle_request: qmi_ctl_tx_msg call failed
I/libmdmdetect(  409): ESOC framework not supported
I/libmdmdetect(  409): Found internal modem: modem
E/QC-QMI  (  360): qmi_qmux_open_connection: connection is disabled for conn_id=48
E/QC-QMI  (  360): qmi_qmux_tx_msg: failed to open inactive connd_id=48
E/QC-QMI  (  360): qmi_qmux: TX failed, connection inactive or in reset, conn_id=48, status_flags=4
E/QC-QMI  (  360): qmi_ctl_tx_msg: qmi_qmux_tx_msg failed
E/QC-QMI  (  360): qmi_ctl_handle_request: qmi_ctl_tx_msg call failed
E/QC-QMI  (  360): qmi_qmux_open_connection: connection is disabled for conn_id=29
E/QC-QMI  (  360): qmi_qmux_tx_msg: failed to open inactive connd_id=29
E/QC-QMI  (  360): qmi_qmux: TX failed, connection inactive or in reset, conn_id=29, status_flags=4
E/QC-QMI  (  360): qmi_ctl_tx_msg: qmi_qmux_tx_msg failed
E/QC-QMI  (  360): qmi_ctl_handle_request: qmi_ctl_tx_msg call failed
E/QC-QMI  (  360): qmi_qmux_open_connection: connection is disabled for conn_id=57
E/QC-QMI  (  360): qmi_qmux_tx_msg: failed to open inactive connd_id=57
E/QC-QMI  (  360): qmi_qmux: TX failed, connection inactive or in reset, conn_id=57, status_flags=4
E/QC-QMI  (  360): qmi_ctl_tx_msg: qmi_qmux_tx_msg failed
E/QC-QMI  (  360): qmi_ctl_handle_request: qmi_ctl_tx_msg call failed
E/QC-QMI  (  360): qmi_qmux_open_connection: connection is disabled for conn_id=29
E/QC-QMI  (  360): qmi_qmux_tx_msg: failed to open inactive connd_id=29
E/QC-QMI  (  360): qmi_qmux: TX failed, connection inactive or in reset, conn_id=29, status_flags=4
I/libmdmdetect(  442): ESOC framework not supported
I/libmdmdetect(  442): Found internal modem: modem
E/QC-QMI  (  360): qmi_ctl_tx_msg: qmi_qmux_tx_msg failed
E/QC-QMI  (  360): qmi_ctl_handle_request: qmi_ctl_tx_msg call failed
E/QC-QMI  (  360): qmi_qmux_open_connection: connection is disabled for conn_id=57
E/QC-QMI  (  360): qmi_qmux_tx_msg: failed to open inactive connd_id=57
E/Diag_Lib(  409): [IMS_DataD] qpDplConnectionManager.cpp | 1325 | | 409 |cs_get_handle : dsi_init success
E/Diag_Lib(  409): [IMS_DataD] qpDplConnectionManager.cpp | 1339 | | 409 |cs_get_handle : before calling dsi_get_data_srvc_hndl
E/Diag_Lib(  409): [IMS_DataD] qpDplConnectionManager.cpp | 884 | | 409 |apDsiNetCtrlGetHandle : Enter. pConnServDb [0xb6f6a01c]
E/Diag_Lib(  409): [IMS_DataD] qpDplConnectionManager.cpp | 892 | | 409 |apDsiNetCtrlGetHandle : calling dsi_get_data_srvc_hndl for ApnType [7], APN Name []
E/Diag_Lib(  409): [IMS_DataD] qpDplConnectionManager.cpp | 899 | | 409 |apDsiNetCtrlGetHandle : dsi_get_data_srvc_hndl Failed. Retry again : 0
E/QC-QMI  (  360): qmi_qmux: TX failed, connection inactive or in reset, conn_id=57, status_flags=4
E/QC-QMI  (  360): qmi_ctl_tx_msg: qmi_qmux_tx_msg failed
E/QC-QMI  (  360): qmi_ctl_handle_request: qmi_ctl_tx_msg call failed
E/QC-QMI  (  360): qmi_qmux_open_connection: connection is disabled for conn_id=48
E/QC-QMI  (  360): qmi_qmux_tx_msg: failed to open inactive connd_id=48
E/QC-QMI  (  360): qmi_qmux: TX failed, connection inactive or in reset, conn_id=48, status_flags=4
E/QC-QMI  (  360): qmi_ctl_tx_msg: qmi_qmux_tx_msg failed
E/QC-QMI  (  360): qmi_ctl_handle_request: qmi_ctl_tx_msg call failed
E/QC-QMI  (  360): qmi_qmux_open_connection: connection is disabled for conn_id=29
E/QC-QMI  (  360): qmi_qmux_tx_msg: failed to open inactive connd_id=29
E/QC-QMI  (  360): qmi_qmux: TX failed, connection inactive or in reset, conn_id=29, status_flags=4
E/QC-QMI  (  360): qmi_ctl_tx_msg: qmi_qmux_tx_msg failed
E/QC-QMI  (  360): qmi_ctl_handle_request: qmi_ctl_tx_msg call failed
E/QC-QMI  (  360): qmi_qmux_open_connection: connection is disabled for conn_id=48
E/QC-QMI  (  360): qmi_qmux_tx_msg: failed to open inactive connd_id=48
E/QC-QMI  (  360): qmi_qmux: TX failed, connection inactive or in reset, conn_id=48, status_flags=4
E/QC-QMI  (  360): qmi_ctl_tx_msg: qmi_qmux_tx_msg failed
E/QC-QMI  (  360): qmi_ctl_handle_request: qmi_ctl_tx_msg call failed
E/QC-QMI  (  360): qmi_qmux_open_connection: connection is disabled for conn_id=29
E/QC-QMI  (  360): qmi_qmux_tx_msg: failed to open inactive connd_id=29
I/libmdmdetect(  442): ESOC framework not supported
I/libmdmdetect(  442): Found internal modem: modem
I/libmdmdetect(  442): ESOC framework not supported
I/libmdmdetect(  442): Found internal modem: modem
E/QC-QMI  (  360): qmi_qmux: TX failed, connection inactive or in reset, conn_id=29, status_flags=4
E/QC-QMI  (  360): qmi_ctl_tx_msg: qmi_qmux_tx_msg failed
E/QC-QMI  (  360): qmi_ctl_handle_request: qmi_ctl_tx_msg call failed
E/QC-QMI  (  360): qmi_qmux_open_connection: connection is disabled for conn_id=57
E/QC-QMI  (  360): qmi_qmux_tx_msg: failed to open inactive connd_id=57
E/QC-QMI  (  360): qmi_qmux: TX failed, connection inactive or in reset, conn_id=57, status_flags=4
E/QC-QMI  (  360): qmi_ctl_tx_msg: qmi_qmux_tx_msg failed
E/QC-QMI  (  360): qmi_ctl_handle_request: qmi_ctl_tx_msg call failed
E/QC-QMI  (  360): qmi_qmux_open_connection: connection is disabled for conn_id=57
E/QC-QMI  (  360): qmi_qmux_tx_msg: failed to open inactive connd_id=57
E/QC-QMI  (  360): qmi_qmux: TX failed, connection inactive or in reset, conn_id=57, status_flags=4
E/QC-QMI  (  360): qmi_ctl_tx_msg: qmi_qmux_tx_msg failed
E/QC-QMI  (  360): qmi_ctl_handle_request: qmi_ctl_tx_msg call failed
E/QC-QMI  (  360): qmi_qmux_open_connection: connection is disabled for conn_id=48
E/QC-QMI  (  360): qmi_qmux_tx_msg: failed to open inactive connd_id=48
E/QC-QMI  (  360): qmi_qmux: TX failed, connection inactive or in reset, conn_id=48, status_flags=4
E/QC-QMI  (  360): qmi_ctl_tx_msg: qmi_qmux_tx_msg failed
E/QC-QMI  (  360): qmi_ctl_handle_request: qmi_ctl_tx_msg call failed
E/QC-QMI  (  360): qmi_qmux_open_connection: connection is disabled for conn_id=29
E/QC-QMI  (  360): qmi_qmux_tx_msg: failed to open inactive connd_id=29
E/QC-QMI  (  360): qmi_qmux: TX failed, connection inactive or in reset, conn_id=29, status_flags=4
E/QC-QMI  (  360): qmi_ctl_tx_msg: qmi_qmux_tx_msg failed
E/QC-QMI  (  360): qmi_ctl_handle_request: qmi_ctl_tx_msg call failed
E/QC-QMI  (  360): qmi_qmux_open_connection: connection is disabled for conn_id=48
E/QC-QMI  (  360): qmi_qmux_tx_msg: failed to open inactive connd_id=48
E/QC-QMI  (  360): qmi_qmux: TX failed, connection inactive or in reset, conn_id=48, status_flags=4
E/QC-QMI  (  360): qmi_ctl_tx_msg: qmi_qmux_tx_msg failed
E/QC-QMI  (  360): qmi_ctl_handle_request: qmi_ctl_tx_msg call failed
E/QC-QMI  (  360): qmi_qmux_open_connection: connection is disabled for conn_id=29
E/QC-QMI  (  360): qmi_qmux_tx_msg: failed to open inactive connd_id=29
E/QC-QMI  (  360): qmi_qmux: TX failed, connection inactive or in reset, conn_id=29, status_flags=4
E/QC-QMI  (  360): qmi_ctl_tx_msg: qmi_qmux_tx_msg failed
E/QC-QMI  (  360): qmi_ctl_handle_request: qmi_ctl_tx_msg call failed
E/QC-QMI  (  360): qmi_qmux_open_connection: connection is disabled for conn_id=57
E/QC-QMI  (  360): qmi_qmux_tx_msg: failed to open inactive connd_id=57
E/QC-QMI  (  360): qmi_qmux: TX failed, connection inactive or in reset, conn_id=57, status_flags=4
E/QC-QMI  (  360): qmi_ctl_tx_msg: qmi_qmux_tx_msg failed
E/QC-QMI  (  360): qmi_ctl_handle_request: qmi_ctl_tx_msg call failed
E/QC-QMI  (  360): qmi_qmux_open_connection: connection is disabled for conn_id=48
E/QC-QMI  (  360): qmi_qmux_tx_msg: failed to open inactive connd_id=48
E/QC-QMI  (  360): qmi_qmux: TX failed, connection inactive or in reset, conn_id=48, status_flags=4
E/QC-QMI  (  360): qmi_ctl_tx_msg: qmi_qmux_tx_msg failed
E/QC-QMI  (  360): qmi_ctl_handle_request: qmi_ctl_tx_msg call failed
E/QC-QMI  (  360): qmi_qmux_open_connection: connection is disabled for conn_id=57
E/QC-QMI  (  360): qmi_qmux_tx_msg: failed to open inactive connd_id=57
E/QC-QMI  (  360): qmi_qmux: TX failed, connection inactive or in reset, conn_id=57, status_flags=4
E/QC-QMI  (  360): qmi_ctl_tx_msg: qmi_qmux_tx_msg failed
E/QC-QMI  (  360): qmi_ctl_handle_request: qmi_ctl_tx_msg call failed
E/QC-QMI  (  360): qmi_qmux_open_connection: connection is disabled for conn_id=48
E/QC-QMI  (  360): qmi_qmux_tx_msg: failed to open inactive connd_id=48
E/QC-QMI  (  360): qmi_qmux: TX failed, connection inactive or in reset, conn_id=48, status_flags=4
E/QC-QMI  (  360): qmi_ctl_tx_msg: qmi_qmux_tx_msg failed
E/QC-QMI  (  360): qmi_ctl_handle_request: qmi_ctl_tx_msg call failed
E/QC-QMI  (  360): linux_qmi_qmux_io_start_watchdog_timer(): failed to create timer for conn_id=60
E/QC-QMI  (  360): linux_qmi_qmux_io_stop_watchdog_timer(): invalid timer_id for conn_id=60
E/QC-QMI  (  360): linux_qmi_qmux_io_start_watchdog_timer(): failed to create timer for conn_id=60
E/QC-QMI  (  360): qmi_qmux_open_connection: connection is disabled for conn_id=57
E/QC-QMI  (  360): linux_qmi_qmux_io_start_watchdog_timer(): failed to create timer for conn_id=0
E/QC-QMI  (  360): linux_qmi_qmux_io_rx_msg(): Failed to start watchdog timer for conn_id=0
E/QC-QMI  (  360): linux_qmi_qmux_io_stop_watchdog_timer(): invalid timer_id for conn_id=0
E/QC-QMI  (  360): qmi_qmux_tx_msg: failed to open inactive connd_id=57
E/QC-QMI  (  360): qmi_qmux: TX failed, connection inactive or in reset, conn_id=57, status_flags=4
E/QC-QMI  (  360): qmi_ctl_tx_msg: qmi_qmux_tx_msg failed
E/QC-QMI  (  360): qmi_ctl_handle_request: qmi_ctl_tx_msg call failed
E/QC-QMI  (  360): linux_qmi_qmux_io_stop_watchdog_timer(): invalid timer_id for conn_id=60
E/QC-QMI  (  360): qmi_qmux_open_connection: connection is disabled for conn_id=29
E/QC-QMI  (  360): qmi_qmux_tx_msg: failed to open inactive connd_id=29
E/QC-QMI  (  360): qmi_qmux: TX failed, connection inactive or in reset, conn_id=29, status_flags=4
E/QC-QMI  (  360): qmi_ctl_tx_msg: qmi_qmux_tx_msg failed
E/QC-QMI  (  360): qmi_ctl_handle_request: qmi_ctl_tx_msg call failed
E/QC-QMI  (  360): qmi_qmux_open_connection: connection is disabled for conn_id=29
E/QC-QMI  (  360): qmi_qmux_tx_msg: failed to open inactive connd_id=29
E/QC-QMI  (  360): qmi_qmux: TX failed, connection inactive or in reset, conn_id=29, status_flags=4
E/QC-QMI  (  360): qmi_ctl_tx_msg: qmi_qmux_tx_msg failed
E/QC-QMI  (  360): qmi_ctl_handle_request: qmi_ctl_tx_msg call failed
E/QC-QMI  (  360): qmi_qmux_open_connection: connection is disabled for conn_id=57
E/QC-QMI  (  360): qmi_qmux_tx_msg: failed to open inactive connd_id=57
E/QC-QMI  (  360): qmi_qmux: TX failed, connection inactive or in reset, conn_id=57, status_flags=4
E/QC-QMI  (  360): qmi_ctl_tx_msg: qmi_qmux_tx_msg failed
E/QC-QMI  (  360): qmi_ctl_handle_request: qmi_ctl_tx_msg call failed
E/QC-QMI  (  360): qmi_qmux_open_connection: connection is disabled for conn_id=29
E/QC-QMI  (  360): qmi_qmux_tx_msg: failed to open inactive connd_id=29
E/QC-QMI  (  360): qmi_qmux: TX failed, connection inactive or in reset, conn_id=29, status_flags=4
E/QC-QMI  (  360): qmi_ctl_tx_msg: qmi_qmux_tx_msg failed
E/QC-QMI  (  360): qmi_ctl_handle_request: qmi_ctl_tx_msg call failed
E/QC-QMI  (  360): qmi_qmux_open_connection: connection is disabled for conn_id=29
E/QC-QMI  (  360): qmi_qmux_tx_msg: failed to open inactive connd_id=29
E/QC-QMI  (  360): qmi_qmux: TX failed, connection inactive or in reset, conn_id=29, status_flags=4
E/QC-QMI  (  360): qmi_ctl_tx_msg: qmi_qmux_tx_msg failed
E/QC-QMI  (  360): qmi_ctl_handle_request: qmi_ctl_tx_msg call failed
E/QC-QMI  (  360): qmi_qmux_open_connection: connection is disabled for conn_id=48
E/QC-QMI  (  360): qmi_qmux_tx_msg: failed to open inactive connd_id=48
E/QC-QMI  (  360): qmi_qmux: TX failed, connection inactive or in reset, conn_id=48, status_flags=4
E/QC-QMI  (  360): qmi_ctl_tx_msg: qmi_qmux_tx_msg failed
E/QC-QMI  (  360): qmi_ctl_handle_request: qmi_ctl_tx_msg call failed
E/QC-QMI  (  360): qmi_qmux_open_connection: connection is disabled for conn_id=29
E/QC-QMI  (  360): qmi_qmux_tx_msg: failed to open inactive connd_id=29
E/QC-QMI  (  360): qmi_qmux: TX failed, connection inactive or in reset, conn_id=29, status_flags=4
E/QC-QMI  (  360): qmi_ctl_tx_msg: qmi_qmux_tx_msg failed
E/QC-QMI  (  360): qmi_ctl_handle_request: qmi_ctl_tx_msg call failed
E/QC-QMI  (  360): qmi_qmux_open_connection: connection is disabled for conn_id=29
E/QC-QMI  (  360): qmi_qmux_tx_msg: failed to open inactive connd_id=29
E/QC-QMI  (  360): qmi_qmux: TX failed, connection inactive or in reset, conn_id=29, status_flags=4
E/QC-QMI  (  360): qmi_ctl_tx_msg: qmi_qmux_tx_msg failed
E/QC-QMI  (  360): qmi_ctl_handle_request: qmi_ctl_tx_msg call failed
E/QC-QMI  (  360): qmi_qmux_open_connection: connection is disabled for conn_id=48
E/QC-QMI  (  360): qmi_qmux_tx_msg: failed to open inactive connd_id=48
E/QC-QMI  (  360): qmi_qmux: TX failed, connection inactive or in reset, conn_id=48, status_flags=4
E/QC-QMI  (  360): qmi_ctl_tx_msg: qmi_qmux_tx_msg failed
E/QC-QMI  (  360): qmi_ctl_handle_request: qmi_ctl_tx_msg call failed
E/QC-QMI  (  360): qmi_qmux_open_connection: connection is disabled for conn_id=48
E/QC-QMI  (  360): qmi_qmux_tx_msg: failed to open inactive connd_id=48
E/QC-QMI  (  360): qmi_qmux: TX failed, connection inactive or in reset, conn_id=48, status_flags=4
E/QC-QMI  (  360): qmi_ctl_tx_msg: qmi_qmux_tx_msg failed
E/QC-QMI  (  360): qmi_ctl_handle_request: qmi_ctl_tx_msg call failed
E/QC-QMI  (  360): qmi_qmux_open_connection: connection is disabled for conn_id=48
E/QC-QMI  (  360): qmi_qmux_tx_msg: failed to open inactive connd_id=48
E/QC-QMI  (  360): qmi_qmux: TX failed, connection inactive or in reset, conn_id=48, status_flags=4
E/QC-QMI  (  360): qmi_ctl_tx_msg: qmi_qmux_tx_msg failed
E/QC-QMI  (  360): qmi_ctl_handle_request: qmi_ctl_tx_msg call failed
E/QC-QMI  (  360): qmi_qmux_open_connection: connection is disabled for conn_id=48
E/QC-QMI  (  360): qmi_qmux_tx_msg: failed to open inactive connd_id=48
E/QC-QMI  (  360): qmi_qmux: TX failed, connection inactive or in reset, conn_id=48, status_flags=4
E/QC-QMI  (  360): qmi_ctl_tx_msg: qmi_qmux_tx_msg failed
E/QC-QMI  (  360): qmi_ctl_handle_request: qmi_ctl_tx_msg call failed
E/QC-QMI  (  360): qmi_qmux_open_connection: connection is disabled for conn_id=57
E/QC-QMI  (  360): qmi_qmux_tx_msg: failed to open inactive connd_id=57
E/QC-QMI  (  360): qmi_qmux: TX failed, connection inactive or in reset, conn_id=57, status_flags=4
E/QC-QMI  (  360): qmi_ctl_tx_msg: qmi_qmux_tx_msg failed
E/QC-QMI  (  360): qmi_ctl_handle_request: qmi_ctl_tx_msg call failed
E/QC-QMI  (  360): qmi_qmux_open_connection: connection is disabled for conn_id=48
E/QC-QMI  (  360): qmi_qmux_tx_msg: failed to open inactive connd_id=48
E/QC-QMI  (  360): qmi_qmux: TX failed, connection inactive or in reset, conn_id=48, status_flags=4
E/QC-QMI  (  360): qmi_ctl_tx_msg: qmi_qmux_tx_msg failed
E/QC-QMI  (  360): qmi_ctl_handle_request: qmi_ctl_tx_msg call failed
E/QC-QMI  (  360): qmi_qmux_open_connection: connection is disabled for conn_id=57
E/QC-QMI  (  360): qmi_qmux_tx_msg: failed to open inactive connd_id=57
E/QC-QMI  (  360): qmi_qmux: TX failed, connection inactive or in reset, conn_id=57, status_flags=4
E/QC-QMI  (  360): qmi_ctl_tx_msg: qmi_qmux_tx_msg failed
E/QC-QMI  (  360): qmi_ctl_handle_request: qmi_ctl_tx_msg call failed
E/QC-QMI  (  360): qmi_qmux_open_connection: connection is disabled for conn_id=57
E/QC-QMI  (  360): qmi_qmux_tx_msg: failed to open inactive connd_id=57
E/QC-QMI  (  360): qmi_qmux: TX failed, connection inactive or in reset, conn_id=57, status_flags=4
E/QC-QMI  (  360): qmi_ctl_tx_msg: qmi_qmux_tx_msg failed
E/QC-QMI  (  360): qmi_ctl_handle_request: qmi_ctl_tx_msg call failed
E/QC-QMI  (  360): qmi_qmux_open_connection: connection is disabled for conn_id=57
E/QC-QMI  (  360): qmi_qmux_tx_msg: failed to open inactive connd_id=57
E/QC-QMI  (  360): qmi_qmux: TX failed, connection inactive or in reset, conn_id=57, status_flags=4
E/QC-QMI  (  360): qmi_ctl_tx_msg: qmi_qmux_tx_msg failed
E/QC-QMI  (  360): qmi_ctl_handle_request: qmi_ctl_tx_msg call failed
E/QC-QMI  (  360): qmi_qmux_open_connection: connection is disabled for conn_id=57
E/QC-QMI  (  360): qmi_qmux_tx_msg: failed to open inactive connd_id=57
E/QC-QMI  (  360): qmi_qmux: TX failed, connection inactive or in reset, conn_id=57, status_flags=4
E/QC-QMI  (  360): qmi_ctl_tx_msg: qmi_qmux_tx_msg failed
E/QC-QMI  (  360): qmi_ctl_handle_request: qmi_ctl_tx_msg call failed
E/QC-QMI  (  360): qmi_qmux_open_connection: connection is disabled for conn_id=29
E/QC-QMI  (  360): qmi_qmux_tx_msg: failed to open inactive connd_id=29
E/QC-QMI  (  360): qmi_qmux: TX failed, connection inactive or in reset, conn_id=29, status_flags=4
E/QC-QMI  (  360): qmi_ctl_tx_msg: qmi_qmux_tx_msg failed
E/QC-QMI  (  360): qmi_ctl_handle_request: qmi_ctl_tx_msg call failed
E/QC-QMI  (  360): qmi_qmux_open_connection: connection is disabled for conn_id=57
E/QC-QMI  (  360): qmi_qmux_tx_msg: failed to open inactive connd_id=57
E/QC-QMI  (  360): qmi_qmux: TX failed, connection inactive or in reset, conn_id=57, status_flags=4
E/QC-QMI  (  360): qmi_ctl_tx_msg: qmi_qmux_tx_msg failed
E/QC-QMI  (  360): qmi_ctl_handle_request: qmi_ctl_tx_msg call failed
E/QC-QMI  (  360): qmi_qmux_open_connection: connection is disabled for conn_id=29
E/QC-QMI  (  360): qmi_qmux_tx_msg: failed to open inactive connd_id=29
E/QC-QMI  (  360): qmi_qmux: TX failed, connection inactive or in reset, conn_id=29, status_flags=4
E/QC-QMI  (  360): qmi_ctl_tx_msg: qmi_qmux_tx_msg failed
E/QC-QMI  (  360): qmi_ctl_handle_request: qmi_ctl_tx_msg call failed
E/QC-QMI  (  360): qmi_qmux_open_connection: connection is disabled for conn_id=29
E/QC-QMI  (  360): qmi_qmux_tx_msg: failed to open inactive connd_id=29
E/QC-QMI  (  360): qmi_qmux: TX failed, connection inactive or in reset, conn_id=29, status_flags=4
E/QC-QMI  (  360): qmi_ctl_tx_msg: qmi_qmux_tx_msg failed
E/QC-QMI  (  360): qmi_ctl_handle_request: qmi_ctl_tx_msg call failed
E/QC-QMI  (  360): qmi_qmux_open_connection: connection is disabled for conn_id=29
E/QC-QMI  (  360): qmi_qmux_tx_msg: failed to open inactive connd_id=29
E/QC-QMI  (  360): qmi_qmux: TX failed, connection inactive or in reset, conn_id=29, status_flags=4
E/QC-QMI  (  360): qmi_ctl_tx_msg: qmi_qmux_tx_msg failed
E/QC-QMI  (  360): qmi_ctl_handle_request: qmi_ctl_tx_msg call failed
E/QC-QMI  (  360): qmi_qmux_open_connection: connection is disabled for conn_id=29
E/QC-QMI  (  360): qmi_qmux_tx_msg: failed to open inactive connd_id=29
E/QC-QMI  (  360): qmi_qmux: TX failed, connection inactive or in reset, conn_id=29, status_flags=4
E/QC-QMI  (  360): qmi_ctl_tx_msg: qmi_qmux_tx_msg failed
E/QC-QMI  (  360): qmi_ctl_handle_request: qmi_ctl_tx_msg call failed
E/QC-QMI  (  360): qmi_qmux_open_connection: connection is disabled for conn_id=48
E/QC-QMI  (  360): qmi_qmux_tx_msg: failed to open inactive connd_id=48
E/QC-QMI  (  360): qmi_qmux: TX failed, connection inactive or in reset, conn_id=48, status_flags=4
E/QC-QMI  (  360): qmi_ctl_tx_msg: qmi_qmux_tx_msg failed
E/QC-QMI  (  360): qmi_ctl_handle_request: qmi_ctl_tx_msg call failed
E/QC-QMI  (  360): qmi_qmux_open_connection: connection is disabled for conn_id=48
E/QC-QMI  (  360): qmi_qmux_tx_msg: failed to open inactive connd_id=48
E/QC-QMI  (  360): qmi_qmux: TX failed, connection inactive or in reset, conn_id=48, status_flags=4
E/QC-QMI  (  360): qmi_ctl_tx_msg: qmi_qmux_tx_msg failed
E/QC-QMI  (  360): qmi_ctl_handle_request: qmi_ctl_tx_msg call failed
E/QC-QMI  (  360): qmi_qmux_open_connection: connection is disabled for conn_id=29
E/QC-QMI  (  360): qmi_qmux_tx_msg: failed to open inactive connd_id=29
E/QC-QMI  (  360): qmi_qmux: TX failed, connection inactive or in reset, conn_id=29, status_flags=4
E/QC-QMI  (  360): qmi_ctl_tx_msg: qmi_qmux_tx_msg failed
E/QC-QMI  (  360): qmi_ctl_handle_request: qmi_ctl_tx_msg call failed
E/QC-QMI  (  360): qmi_qmux_open_connection: connection is disabled for conn_id=48
E/QC-QMI  (  360): qmi_qmux_tx_msg: failed to open inactive connd_id=48
E/QC-QMI  (  360): qmi_qmux: TX failed, connection inactive or in reset, conn_id=48, status_flags=4
E/QC-QMI  (  360): qmi_ctl_tx_msg: qmi_qmux_tx_msg failed
E/QC-QMI  (  360): qmi_ctl_handle_request: qmi_ctl_tx_msg call failed
E/QC-QMI  (  360): qmi_qmux_open_connection: connection is disabled for conn_id=48
E/QC-QMI  (  360): qmi_qmux_tx_msg: failed to open inactive connd_id=48
E/QC-QMI  (  360): qmi_qmux: TX failed, connection inactive or in reset, conn_id=48, status_flags=4
E/QC-QMI  (  360): qmi_ctl_tx_msg: qmi_qmux_tx_msg failed
E/QC-QMI  (  360): qmi_ctl_handle_request: qmi_ctl_tx_msg call failed
E/QC-QMI  (  360): qmi_qmux_open_connection: connection is disabled for conn_id=57
E/QC-QMI  (  360): qmi_qmux_tx_msg: failed to open inactive connd_id=57
E/QC-QMI  (  360): qmi_qmux: TX failed, connection inactive or in reset, conn_id=57, status_flags=4
E/QC-QMI  (  360): qmi_ctl_tx_msg: qmi_qmux_tx_msg failed
E/QC-QMI  (  360): qmi_ctl_handle_request: qmi_ctl_tx_msg call failed
E/QC-QMI  (  360): qmi_qmux_open_connection: connection is disabled for conn_id=48
E/QC-QMI  (  360): qmi_qmux_tx_msg: failed to open inactive connd_id=48
E/QC-QMI  (  360): qmi_qmux: TX failed, connection inactive or in reset, conn_id=48, status_flags=4
E/QC-QMI  (  360): qmi_ctl_tx_msg: qmi_qmux_tx_msg failed
E/QC-QMI  (  360): qmi_ctl_handle_request: qmi_ctl_tx_msg call failed
E/QC-QMI  (  360): qmi_qmux_open_connection: connection is disabled for conn_id=57
E/QC-QMI  (  360): qmi_qmux_tx_msg: failed to open inactive connd_id=57
E/QC-QMI  (  360): qmi_qmux: TX failed, connection inactive or in reset, conn_id=57, status_flags=4
E/QC-QMI  (  360): qmi_ctl_tx_msg: qmi_qmux_tx_msg failed
E/QC-QMI  (  360): qmi_ctl_handle_request: qmi_ctl_tx_msg call failed
