W/PackageManager(  756): Unknown permission com.android.firewall.WRITE_GRAVITY in package com.android.dialer
W/PackageManager(  756): Unknown permission com.android.email.permission.READ_ATTACHMENT in package com.borqs.gif
W/PackageManager(  756): Unknown permission android.permission.WRITE_INTERNAL_STORAGE in package com.android.soundrecorder
W/PackageManager(  756): Unknown permission android.permission.MMS_PUSH in package org.codeaurora.bluetooth
W/PackageManager(  756): Unknown permission com.android.email.permission.ACCESS_PROVIDER in package org.codeaurora.bluetooth
W/PackageManager(  756): Unknown permission com.android.email.permission.READ_ATTACHMENT in package org.codeaurora.bluetooth
W/PackageManager(  756): Unknown permission android.permission.USB_PERMISSION in package com.featurephone.quicksettings
W/PackageManager(  756): Unknown permission com.qualcomm.permission.ACCESS_LOCATION_API in package com.qualcomm.location
W/PackageManager(  756): Unknown permission com.oma.drm.permission.ACCESS_OMA_DRM in package com.oma.drm
W/PackageManager(  756): Not granting permission android.permission.DEVICE_POWER to package com.android.deskclock (protectionLevel=2 flags=0x48be45)
W/PackageManager(  756): Not granting permission android.permission.NOTIFICATION_LED to package com.android.deskclock (protectionLevel=2 flags=0x48be45)
I/SystemServer(  756): NetworkPolicy Service
I/SystemServer(  756): Wi-Fi P2pService
I/SystemServer(  756): Wi-Fi Service
I/SystemServer(  756): Connectivity Service
D/ConnectivityService(  756): ConnectivityService starting up
D/ConnectivityService(  756): wifiOnly=false
E/ConnectivityService(  756): Ignoring protectedNetwork 14
W/ContextImpl(  756): Calling a method in the system process without a qualified user: android.app.ContextImpl.bindService:1566 android.bluetooth.BluetoothPan.doBind:148 android.bluetooth.BluetoothPan.<init>:141 android.bluetooth.BluetoothAdapter.getProfileProxy:1373 android.bluetooth.BluetoothTetheringDataTracker.startMonitoring:116 
D/MobileDataStateTracker(  756): default: Register contentobserver
D/MobileDataStateTracker(  756): default: reconnect on Mobile data state, sub0: DISCONNECTED
D/MobileDataStateTracker(  756): Data enabled sub0: user=true, policy, sub0= true
D/MobileDataStateTracker(  756): Mobile data state, sub1: DISCONNECTED
D/MobileDataStateTracker(  756): Data enabled sub1: user=true, policy, sub1= true
E/MobileDataStateTracker(  756): default: Ignoring feature request because could not acquire MSim Phone Service
E/MobileDataStateTracker(  756): default: Could not enable APN type "default"
I/WifiService(  756): WifiService starting up with Wi-Fi disabled
E/WifiService(  756): PPPOEService connection success
D/WifiP2pService(  756): Initialising NetworkManagement Service
I/SystemServer(  756): Network Service Discovery Service
D/NsdService(  756): Network service discovery enabled true
I/SystemServer(  756): DPM Service
I/SystemServer(  756): DPM configuration set to 3
I/SystemServer(  756): UpdateLock Service
I/SystemServer(  756): Notification Manager
V/NotificationService(  756): enabling notification listener for user 0: ComponentInfo{com.easervice/com.easervice.NLService}
I/SystemServer(  756): Device Storage Monitor
I/SystemServer(  756): Location Manager
I/SystemServer(  756): Country Detector
I/SystemServer(  756): Search Service
I/SystemServer(  756): DropBox Service
I/SystemServer(  756): Wallpaper Service
I/SystemServer(  756): Profile Manager
I/SystemServer(  756): Audio Service
I/SystemServer(  756): Dock Observer
W/DockObserver(  756): This kernel does not have dock station support
I/SystemServer(  756): Wired Accessory Manager
W/WiredAccessoryManager(  756): This kernel does not have usb audio support
W/WiredAccessoryManager(  756): This kernel does not have HDMI audio support
I/SystemServer(  756): USB Service
I/SystemServer(  756): Serial Service
I/SystemServer(  756): Twilight Service
I/SystemServer(  756): UI Mode Manager Service
I/SystemServer(  756): Backup Service
V/BackupManagerService(  756): Initializing package tracking
V/BackupManagerService(  756): No ancestral data
V/BackupManagerService(  756): addPackageParticipantsLocked: all
I/BackupManagerService(  756): Scheduling backup for new app com.android.calendar
D/BackupManagerService(  756): Now staging backup of com.android.calendar
I/BackupManagerService(  756): Scheduling backup for new app com.android.browser
D/BackupManagerService(  756): Now staging backup of com.android.browser
I/BackupManagerService(  756): Scheduling backup for new app com.android.sharedstoragebackup
D/BackupManagerService(  756): Now staging backup of com.android.sharedstoragebackup
I/BackupManagerService(  756): Scheduling backup for new app com.android.mms
D/BackupManagerService(  756): Now staging backup of com.android.mms
I/BackupManagerService(  756): Scheduling backup for new app com.android.dialer
D/BackupManagerService(  756): Now staging backup of com.android.dialer
I/BackupManagerService(  756): Scheduling backup for new app com.qti.backupagent
D/BackupManagerService(  756): Now staging backup of com.qti.backupagent
I/BackupManagerService(  756): Scheduling backup for new app com.android.providers.settings
D/BackupManagerService(  756): Now staging backup of com.android.providers.settings
I/BackupManagerService(  756): Scheduling backup for new app com.android.providers.userdictionary
D/BackupManagerService(  756): Now staging backup of com.android.providers.userdictionary
I/BackupManagerService(  756): Scheduling backup for new app android
D/BackupManagerService(  756): Now staging backup of android
V/BackupManagerService(  756): Starting with transport android/com.android.internal.backup.LocalTransport
V/BackupManagerService(  756): Found transports: 1
I/BackupManagerService(  756): Binding to transport host ComponentInfo{android/com.android.internal.backup.LocalTransportService}
I/BackupManagerService(  756): Found stale backup journal, scheduling
I/BackupManagerService(  756):   com.android.calendar
I/BackupManagerService(  756):   com.android.browser
I/BackupManagerService(  756):   com.android.sharedstoragebackup
I/BackupManagerService(  756):   com.android.mms
I/BackupManagerService(  756):   com.android.dialer
I/BackupManagerService(  756):   com.qti.backupagent
I/BackupManagerService(  756):   com.android.providers.settings
I/BackupManagerService(  756):   com.android.providers.userdictionary
I/BackupManagerService(  756):   android
I/BackupManagerService(  756): Backup enabled => false
I/BackupManagerService(  756): Opting out of backup
I/SystemServer(  756): AppWidget Service
I/SystemServer(  756): Recognition Service
I/SystemServer(  756): DiskStats Service
I/SystemServer(  756): SamplingProfiler Service
I/SystemServer(  756): NetworkTimeUpdateService
I/SystemServer(  756): CommonTimeManagementService
I/SystemServer(  756): CertBlacklister
I/SystemServer(  756): Dreams Service
I/SystemServer(  756): IdleMaintenanceService
I/SystemServer(  756): Print Service
I/SystemServer(  756): Media Router Service
I/SystemServer(  756): Digital Pen Service
W/SystemServer(  756): ***********************************************
V/NotificationService(  756): enabling notification listener for user 0: ComponentInfo{com.easervice/com.easervice.NLService}
I/ActivityManager(  756): Start proc com.android.systemui for service com.android.keyguard/.KeyguardService: pid=2375 uid=10009 gids={50009, 1028, 1015, 1035, 3002, 3001}
W/SystemServer(  756): ***********************************************
I/DigitalPenOffScreenDisplayAdapter(  756): About to sendDisplayDeviceEventLocked()
I/DigitalPenOffScreenDisplayAdapter(  756): displayToken != NULL
I/AppOps  (  756): Pruning old package media/1013: new uid=-1
I/ActivityManager(  756): System now ready
I/SystemServer(  756): Making services ready
I/DigitalPenOffScreenDisplayAdapter(  756): mInfo is null, getting a new one
I/DisplayManagerService(  756): Display device added: DisplayDeviceInfo{"Digital Pen off-screen display": 480 x 640, 60.0 fps, density 160, 160.0 x 160.0 dpi, touch EXTERNAL, rotation 0, type BUILT_IN}
D/NetworkManagementService(  756): enabling bandwidth control
W/MountService(  756): Duplicate state transition (mounted -> mounted) for /storage/emulated/0
I/StatusBarManagerService(  756): registerStatusBar bar=com.android.internal.statusbar.IStatusBar$Stub$Proxy@41b27670
I/ActivityManager(  756): Start proc android.process.media for broadcast com.android.providers.media/.MtpReceiver: pid=2537 uid=10006 gids={50006, 1028, 1015, 1023, 1024, 2001, 3003, 3007}
I/ActivityManager(  756): Config changes=200 {1.0 ?mcc?mnc en_US ldltr sw240dp w240dp h295dp 160dpi smll port -touch 12key/v/v -nav/h s.4}
W/RecognitionManagerService(  756): no available voice recognition services found for user 0
W/InputMethodManagerService(  756): Ignoring setImeWindowStatus of uid 1000 token: null
I/ActivityManager(  756): Start proc com.borqs.ime for service com.borqs.ime/.IME: pid=2556 uid=10023 gids={50023}
V/InputMethodManagerService(  756): Adding window token: android.os.Binder@41b9dff8
I/ActivityManager(  756): Start proc android.process.acore for content provider com.android.providers.contacts/.ContactsProvider2: pid=2570 uid=10004 gids={50004, 3003, 1028, 1015, 1023}
E/LocationManagerService(  756): no geocoder provider found
E/LocationManagerService(  756): No FusedProvider found.
E/LocationManagerService(  756): no geofence provider found
W/ContextImpl(  756): Calling a method in the system process without a qualified user: android.app.ContextImpl.bindService:1566 com.android.server.location.GeoFencerProxy.<init>:85 com.android.server.location.GeoFencerProxy.getGeoFencerProxy:77 com.android.server.LocationManagerService.loadProvidersLocked:465 com.android.server.LocationManagerService.systemRunning:252 
I/ActivityManager(  756): Start proc com.android.phone for added application com.android.phone: pid=2595 uid=1001 gids={41001, 3004, 3009, 3005, 1006, 3002, 3001, 3003, 1028, 1015, 1023}
I/ActivityManager(  756): Start proc com.oma.drm.server for added application com.oma.drm.server: pid=2622 uid=10054 gids={50054, 3003}
I/ActivityManager(  756): START u0 {act=android.intent.action.MAIN cat=[android.intent.category.HOME] flg=0x10000000 cmp=com.featurephone.launcher/.LauncherActivity} from pid 0
I/ActivityManager(  756): Start proc com.featurephone.launcher for activity com.featurephone.launcher/.LauncherActivity: pid=2649 uid=1000 gids={41000, 3003, 1028, 1015, 1023, 3002, 3001, 1021, 3004, 3005, 1000, 3009, 1010}
I/SystemServer(  756): Enabled StrictMode for system server main thread.
W/InputMethodManagerService(  756): Focus gain on non-focused client android.view.inputmethod.InputMethodManager$1@41becfb0 (uid=1000 pid=756)
W/ContextImpl(  756): Calling a method in the system process without a qualified user: android.app.ContextImpl.bindService:1566 android.content.ContextWrapper.bindService:517 com.qualcomm.location.nlp.NlpProxyProvider.bindPackage:556 com.qualcomm.location.nlp.NlpProxyProvider.bind:525 com.qualcomm.location.nlp.NlpProxyProvider.<init>:335 
I/ActivityManager(  756): Start proc com.android.printspooler for service com.android.printspooler/.PrintSpoolerService: pid=2700 uid=10058 gids={50058}
W/ContextImpl(  756): Calling a method in the system process without a qualified user: android.app.ContextImpl.startService:1502 android.content.ContextWrapper.startService:494 com.qualcomm.location.ulp.UlpService.startAdditionalServices:56 com.qualcomm.location.ulp.UlpService.onBind:29 android.app.ActivityThread.handleBindService:2587 
W/ContextImpl(  756): Calling a method in the system process without a qualified user: android.app.ContextImpl.startService:1502 android.content.ContextWrapper.startService:494 com.qualcomm.location.ulp.UlpService.startAdditionalServices:60 com.qualcomm.location.ulp.UlpService.onBind:29 android.app.ActivityThread.handleBindService:2587 
W/ContextImpl(  756): Calling a method in the system process without a qualified user: android.app.ContextImpl.startService:1502 android.content.ContextWrapper.startService:494 com.qualcomm.location.ulp.UlpService.startAdditionalServices:64 com.qualcomm.location.ulp.UlpService.onBind:29 android.app.ActivityThread.handleBindService:2587 
I/ActivityManager(  756): Start proc com.qualcomm.location.XT for service com.qualcomm.location.XT/.XTSrv: pid=2704 uid=1000 gids={41000, 3003, 1028, 1015, 1023, 3002, 3001, 1021, 3004, 3005, 1000, 3009, 1010}
W/ContextImpl(  756): Calling a method in the system process without a qualified user: android.app.ContextImpl.startService:1502 android.content.ContextWrapper.startService:494 com.qualcomm.location.ulp.UlpService.startAdditionalServices:68 com.qualcomm.location.ulp.UlpService.onBind:29 android.app.ActivityThread.handleBindService:2587 
W/ContextImpl(  756): Calling a method in the system process without a qualified user: android.app.ContextImpl.startService:1502 android.content.ContextWrapper.startService:494 com.qualcomm.location.ulp.UlpService.startAdditionalServices:72 com.qualcomm.location.ulp.UlpService.onBind:29 android.app.ActivityThread.handleBindService:2587 
W/ActivityManager(  756): Unable to start service Intent { act=com.qualcomm.services.location.LocationAlarmService } U=0: not found
W/ContextImpl( 2649): Calling a method in the system process without a qualified user: android.app.ContextImpl.bindService:1566 android.content.ContextWrapper.bindService:517 com.eventnotifier.EventNotifier.connectToEAService:97 com.eventnotifier.EventNotifier.getInstance:70 com.featurephone.launcher.NotificationHelper.<init>:89 
D/MobileDataStateTracker(  756): default: MDST AsyncChannel=com.android.internal.util.AsyncChannel@41afe5b8
D/MobileDataStateTracker(  756): default: This tracker is connected to sub=0
D/MobileDataStateTracker(  756): mms: MDST AsyncChannel=com.android.internal.util.AsyncChannel@41bd4288
D/MobileDataStateTracker(  756): mms: This tracker is connected to sub=0
D/MobileDataStateTracker(  756): supl: MDST AsyncChannel=com.android.internal.util.AsyncChannel@41b89f38
D/MobileDataStateTracker(  756): supl: This tracker is connected to sub=0
D/MobileDataStateTracker(  756): dun: MDST AsyncChannel=com.android.internal.util.AsyncChannel@41b50380
D/MobileDataStateTracker(  756): dun: This tracker is connected to sub=0
D/MobileDataStateTracker(  756): hipri: MDST AsyncChannel=com.android.internal.util.AsyncChannel@41bd7548
D/MobileDataStateTracker(  756): hipri: This tracker is connected to sub=0
D/MobileDataStateTracker(  756): fota: MDST AsyncChannel=com.android.internal.util.AsyncChannel@41baa238
D/MobileDataStateTracker(  756): fota: This tracker is connected to sub=0
D/MobileDataStateTracker(  756): ims: MDST AsyncChannel=com.android.internal.util.AsyncChannel@41b40350
D/MobileDataStateTracker(  756): ims: This tracker is connected to sub=0
D/MobileDataStateTracker(  756): cbs: MDST AsyncChannel=com.android.internal.util.AsyncChannel@41b2c340
D/MobileDataStateTracker(  756): cbs: This tracker is connected to sub=0
I/ActivityManager(  756): Start proc com.qualcomm.qti.mousepointer for service com.qualcomm.qti.mousepointer/.KeyEventProcessService: pid=2781 uid=10040 gids={50040}
V/NotificationService(  756): enabling notification listener for user 0: ComponentInfo{com.easervice/com.easervice.NLService}
I/ActivityManager(  756): Start proc com.android.smspush for service com.android.smspush/.WapPushManager: pid=2796 uid=10069 gids={50069}
V/BackupManagerService(  756): Connected to transport ComponentInfo{android/com.android.internal.backup.LocalTransportService}
V/BackupManagerService(  756): Registering transport android/com.android.internal.backup.LocalTransportService::android/com.android.internal.backup.LocalTransport = com.android.internal.backup.LocalTransport@41c50738
D/StatusBar.MSimNetworkController( 2375): updateDataIcon dataSub =0
D/StatusBar.MSimNetworkController( 2375): updateDataIcon dataSub =0
D/StatusBar.MSimNetworkController( 2375): updateDataIcon dataSub =0
D/MobileDataStateTracker(  756): default: MDST AsyncChannel=com.android.internal.util.AsyncChannel@41aa2ad0
D/MobileDataStateTracker(  756): default: This tracker is connected to sub=1
D/MobileDataStateTracker(  756): mms: MDST AsyncChannel=com.android.internal.util.AsyncChannel@41c569c8
D/MobileDataStateTracker(  756): mms: This tracker is connected to sub=1
D/MobileDataStateTracker(  756): supl: MDST AsyncChannel=com.android.internal.util.AsyncChannel@41c3f4a8
D/MobileDataStateTracker(  756): supl: This tracker is connected to sub=1
D/MobileDataStateTracker(  756): dun: MDST AsyncChannel=com.android.internal.util.AsyncChannel@41c08070
D/MobileDataStateTracker(  756): dun: This tracker is connected to sub=1
D/MobileDataStateTracker(  756): hipri: MDST AsyncChannel=com.android.internal.util.AsyncChannel@41c597e0
D/MobileDataStateTracker(  756): hipri: This tracker is connected to sub=1
D/MobileDataStateTracker(  756): fota: MDST AsyncChannel=com.android.internal.util.AsyncChannel@41c947a8
D/MobileDataStateTracker(  756): fota: This tracker is connected to sub=1
D/MobileDataStateTracker(  756): ims: MDST AsyncChannel=com.android.internal.util.AsyncChannel@41c97190
D/MobileDataStateTracker(  756): ims: This tracker is connected to sub=1
D/MobileDataStateTracker(  756): cbs: MDST AsyncChannel=com.android.internal.util.AsyncChannel@41c97838
D/MobileDataStateTracker(  756): cbs: This tracker is connected to sub=1
D/StatusBar.MSimNetworkController( 2375): updateDataIcon dataSub =0
D/StatusBar.MSimNetworkController( 2375): updateDataIcon dataSub =0
D/StatusBar.MSimNetworkController( 2375): updateDataIcon dataSub =0
I/PackageManager(  756): Adding preferred activity ComponentInfo{com.android.mms/com.android.mms.ui.ComposeMessageActivity} for user 0 :
I/PackageManager(  756): Adding preferred activity ComponentInfo{com.android.mms/com.android.mms.ui.ComposeMessageActivity} for user 0 :
I/PackageManager(  756): Adding preferred activity ComponentInfo{com.android.mms/com.android.mms.ui.ComposeMessageActivity} for user 0 :
I/PackageManager(  756): Adding preferred activity ComponentInfo{com.android.mms/com.android.mms.ui.ComposeMessageActivity} for user 0 :
I/ActivityManager(  756): Start proc com.easervice for on-hold: pid=2865 uid=10007 gids={50007}
I/ActivityManager(  756): Start proc com.android.settings for broadcast com.android.settings/.UsbSecurityReceiver: pid=2902 uid=1000 gids={41000, 3003, 1028, 1015, 1023, 3002, 3001, 1021, 3004, 3005, 1000, 3009, 1010}
D/MSimTelephonyRegistry(  756): MSG_USER_SWITCHED userId=0
W/ContextImpl(  756): Calling a method in the system process without a qualified user: android.app.ContextImpl.bindService:1566 android.content.ContextWrapper.bindService:517 com.qualcomm.location.nlp.NlpProxyProvider.bindPackage:556 com.qualcomm.location.nlp.NlpProxyProvider.bind:525 com.qualcomm.location.nlp.NlpProxyProvider.<init>:335 
I/MSimTelephonyRegistry(  756): notifyServiceState: 1 1 home null null null  Unknown Unknown CSS not supported -1 -1 RoamInd=-1 DefRoamInd=-1 EmergOnly=false
W/ContextImpl(  756): Calling a method in the system process without a qualified user: android.app.ContextImpl.startService:1502 android.content.ContextWrapper.startService:494 com.qualcomm.location.ulp.UlpService.startAdditionalServices:56 com.qualcomm.location.ulp.UlpService.onBind:29 android.app.ActivityThread.handleBindService:2587 
W/ContextImpl(  756): Calling a method in the system process without a qualified user: android.app.ContextImpl.startService:1502 android.content.ContextWrapper.startService:494 com.qualcomm.location.ulp.UlpService.startAdditionalServices:60 com.qualcomm.location.ulp.UlpService.onBind:29 android.app.ActivityThread.handleBindService:2587 
W/ContextImpl(  756): Calling a method in the system process without a qualified user: android.app.ContextImpl.startService:1502 android.content.ContextWrapper.startService:494 com.qualcomm.location.ulp.UlpService.startAdditionalServices:64 com.qualcomm.location.ulp.UlpService.onBind:29 android.app.ActivityThread.handleBindService:2587 
W/ContextImpl(  756): Calling a method in the system process without a qualified user: android.app.ContextImpl.startService:1502 android.content.ContextWrapper.startService:494 com.qualcomm.location.ulp.UlpService.startAdditionalServices:68 com.qualcomm.location.ulp.UlpService.onBind:29 android.app.ActivityThread.handleBindService:2587 
W/ContextImpl(  756): Calling a method in the system process without a qualified user: android.app.ContextImpl.startService:1502 android.content.ContextWrapper.startService:494 com.qualcomm.location.ulp.UlpService.startAdditionalServices:72 com.qualcomm.location.ulp.UlpService.onBind:29 android.app.ActivityThread.handleBindService:2587 
W/ActivityManager(  756): Unable to start service Intent { act=com.qualcomm.services.location.LocationAlarmService } U=0: not found
D/MobileDataStateTracker(  756): fota: Broadcast received: android.intent.action.ANY_DATA_STATE apnType=fota
D/StatusBar.MSimNetworkController( 2375): updateTelephonySignalStrength: subscription =0
D/MobileDataStateTracker(  756): dun: Broadcast received: android.intent.action.ANY_DATA_STATE apnType=dun
D/StatusBar.MSimNetworkController( 2375): updateDataIcon dataSub =0
D/MobileDataStateTracker(  756): supl: Broadcast received: android.intent.action.ANY_DATA_STATE apnType=supl
W/ContextImpl( 2902): Calling a method in the system process without a qualified user: android.app.ContextImpl.bindService:1566 android.content.ContextWrapper.bindService:517 android.bluetooth.BluetoothInputDevice.doBind:256 android.bluetooth.BluetoothInputDevice.<init>:249 android.bluetooth.BluetoothAdapter.getProfileProxy:1370 
D/MobileDataStateTracker(  756): hipri: Broadcast received: android.intent.action.ANY_DATA_STATE apnType=hipri
W/ContextImpl( 2902): Calling a method in the system process without a qualified user: android.app.ContextImpl.bindService:1566 android.content.ContextWrapper.bindService:517 android.bluetooth.BluetoothPan.doBind:148 android.bluetooth.BluetoothPan.<init>:141 android.bluetooth.BluetoothAdapter.getProfileProxy:1373 
W/ContextImpl( 2902): Calling a method in the system process without a qualified user: android.app.ContextImpl.bindService:1566 android.content.ContextWrapper.bindService:517 android.bluetooth.BluetoothMap.doBind:109 android.bluetooth.BluetoothMap.<init>:102 android.bluetooth.BluetoothAdapter.getProfileProxy:1385 
D/MobileDataStateTracker(  756): ims: Broadcast received: android.intent.action.ANY_DATA_STATE apnType=ims
W/ContextImpl( 2902): Calling a method in the system process without a qualified user: android.app.ContextImpl.bindService:1566 android.content.ContextWrapper.bindService:517 android.bluetooth.BluetoothSap.doBind:108 android.bluetooth.BluetoothSap.<init>:101 android.bluetooth.BluetoothAdapter.getProfileProxy:1376 
W/ContextImpl( 2902): Calling a method in the system process without a qualified user: android.app.ContextImpl.bindService:1566 android.content.ContextWrapper.bindService:517 android.bluetooth.BluetoothDun.doBind:108 android.bluetooth.BluetoothDun.<init>:101 android.bluetooth.BluetoothAdapter.getProfileProxy:1379 
W/ContextImpl( 2902): Calling a method in the system process without a qualified user: android.app.ContextImpl.bindService:1566 android.content.ContextWrapper.bindService:517 android.bluetooth.BluetoothPbap.doBind:164 android.bluetooth.BluetoothPbap.<init>:157 com.android.settings.bluetooth.PbapServerProfile.<init>:68 
D/MobileDataStateTracker(  756): default: Broadcast received: android.intent.action.ANY_DATA_STATE apnType=default
D/MobileDataStateTracker(  756): mms: Broadcast received: android.intent.action.ANY_DATA_STATE apnType=mms
D/MobileDataStateTracker(  756): cbs: Broadcast received: android.intent.action.ANY_DATA_STATE apnType=cbs
D/MobileDataStateTracker(  756): fota: Broadcast received: android.intent.action.ANY_DATA_STATE apnType=fota
D/MobileDataStateTracker(  756): dun: Broadcast received: android.intent.action.ANY_DATA_STATE apnType=dun
D/MobileDataStateTracker(  756): supl: Broadcast received: android.intent.action.ANY_DATA_STATE apnType=supl
D/MobileDataStateTracker(  756): hipri: Broadcast received: android.intent.action.ANY_DATA_STATE apnType=hipri
D/MobileDataStateTracker(  756): ims: Broadcast received: android.intent.action.ANY_DATA_STATE apnType=ims
I/MSimTelephonyRegistry(  756): notifyServiceState: 1 1 home null null null  Unknown Unknown CSS not supported -1 -1 RoamInd=-1 DefRoamInd=-1 EmergOnly=false
D/StatusBar.MSimNetworkController( 2375): updateTelephonySignalStrength: subscription =1
D/MobileDataStateTracker(  756): default: Broadcast received: android.intent.action.ANY_DATA_STATE apnType=default
D/MobileDataStateTracker(  756): mms: Broadcast received: android.intent.action.ANY_DATA_STATE apnType=mms
D/MobileDataStateTracker(  756): cbs: Broadcast received: android.intent.action.ANY_DATA_STATE apnType=cbs
D/MobileDataStateTracker(  756): fota: Broadcast received: android.intent.action.ANY_DATA_STATE apnType=fota
D/MobileDataStateTracker(  756): dun: Broadcast received: android.intent.action.ANY_DATA_STATE apnType=dun
D/StatusBar.MSimNetworkController( 2375): updateDataIcon dataSub =0
D/MobileDataStateTracker(  756): supl: Broadcast received: android.intent.action.ANY_DATA_STATE apnType=supl
D/MobileDataStateTracker(  756): hipri: Broadcast received: android.intent.action.ANY_DATA_STATE apnType=hipri
D/MobileDataStateTracker(  756): ims: Broadcast received: android.intent.action.ANY_DATA_STATE apnType=ims
D/MobileDataStateTracker(  756): default: Broadcast received: android.intent.action.ANY_DATA_STATE apnType=default
D/MobileDataStateTracker(  756): mms: Broadcast received: android.intent.action.ANY_DATA_STATE apnType=mms
D/MobileDataStateTracker(  756): cbs: Broadcast received: android.intent.action.ANY_DATA_STATE apnType=cbs
D/MobileDataStateTracker(  756): fota: Broadcast received: android.intent.action.ANY_DATA_STATE apnType=fota
D/MobileDataStateTracker(  756): dun: Broadcast received: android.intent.action.ANY_DATA_STATE apnType=dun
D/MobileDataStateTracker(  756): supl: Broadcast received: android.intent.action.ANY_DATA_STATE apnType=supl
D/MobileDataStateTracker(  756): hipri: Broadcast received: android.intent.action.ANY_DATA_STATE apnType=hipri
D/MobileDataStateTracker(  756): ims: Broadcast received: android.intent.action.ANY_DATA_STATE apnType=ims
D/MobileDataStateTracker(  756): default: Broadcast received: android.intent.action.ANY_DATA_STATE apnType=default
D/MobileDataStateTracker(  756): mms: Broadcast received: android.intent.action.ANY_DATA_STATE apnType=mms
D/MobileDataStateTracker(  756): cbs: Broadcast received: android.intent.action.ANY_DATA_STATE apnType=cbs
D/MobileDataStateTracker(  756): fota: Broadcast received: android.intent.action.ANY_DATA_STATE apnType=fota
W/ActivityManager(  756): Unable to start service Intent { act=org.codeaurora.btmultisim.IBluetoothDsdaService } U=0: not found
D/MobileDataStateTracker(  756): dun: Broadcast received: android.intent.action.ANY_DATA_STATE apnType=dun
D/MobileDataStateTracker(  756): supl: Broadcast received: android.intent.action.ANY_DATA_STATE apnType=supl
D/MobileDataStateTracker(  756): hipri: Broadcast received: android.intent.action.ANY_DATA_STATE apnType=hipri
D/MobileDataStateTracker(  756): ims: Broadcast received: android.intent.action.ANY_DATA_STATE apnType=ims
I/ActivityManager(  756): Start proc com.qualcomm.qcrilmsgtunnel for service com.qualcomm.qcrilmsgtunnel/.QcrilMsgTunnelService: pid=3009 uid=1001 gids={41001, 3004, 3009, 3005, 1006, 3002, 3001, 3003, 1028, 1015, 1023}
D/MobileDataStateTracker(  756): default: Broadcast received: android.intent.action.ANY_DATA_STATE apnType=default
D/MobileDataStateTracker(  756): mms: Broadcast received: android.intent.action.ANY_DATA_STATE apnType=mms
D/MobileDataStateTracker(  756): cbs: Broadcast received: android.intent.action.ANY_DATA_STATE apnType=cbs
D/MobileDataStateTracker(  756): fota: Broadcast received: android.intent.action.ANY_DATA_STATE apnType=fota
D/MobileDataStateTracker(  756): dun: Broadcast received: android.intent.action.ANY_DATA_STATE apnType=dun
D/MobileDataStateTracker(  756): supl: Broadcast received: android.intent.action.ANY_DATA_STATE apnType=supl
D/MobileDataStateTracker(  756): hipri: Broadcast received: android.intent.action.ANY_DATA_STATE apnType=hipri
D/MobileDataStateTracker(  756): ims: Broadcast received: android.intent.action.ANY_DATA_STATE apnType=ims
D/MobileDataStateTracker(  756): default: Broadcast received: android.intent.action.ANY_DATA_STATE apnType=default
D/MobileDataStateTracker(  756): mms: Broadcast received: android.intent.action.ANY_DATA_STATE apnType=mms
D/MobileDataStateTracker(  756): cbs: Broadcast received: android.intent.action.ANY_DATA_STATE apnType=cbs
D/MobileDataStateTracker(  756): fota: Broadcast received: android.intent.action.ANY_DATA_STATE apnType=fota
D/MobileDataStateTracker(  756): dun: Broadcast received: android.intent.action.ANY_DATA_STATE apnType=dun
D/MobileDataStateTracker(  756): supl: Broadcast received: android.intent.action.ANY_DATA_STATE apnType=supl
D/MobileDataStateTracker(  756): hipri: Broadcast received: android.intent.action.ANY_DATA_STATE apnType=hipri
D/MobileDataStateTracker(  756): ims: Broadcast received: android.intent.action.ANY_DATA_STATE apnType=ims
D/MobileDataStateTracker(  756): default: Broadcast received: android.intent.action.ANY_DATA_STATE apnType=default
D/MobileDataStateTracker(  756): mms: Broadcast received: android.intent.action.ANY_DATA_STATE apnType=mms
D/MobileDataStateTracker(  756): cbs: Broadcast received: android.intent.action.ANY_DATA_STATE apnType=cbs
I/ActivityManager(  756): Start proc com.android.music for broadcast com.android.music/.MediaButtonIntentReceiver: pid=3029 uid=10049 gids={50049, 3003, 1028, 1015, 3002, 3001, 1023}
I/ActivityManager(  756): Start proc com.qualcomm.telephony for broadcast com.qualcomm.simcontacts/.SimStateReceiver: pid=3043 uid=1000 gids={41000, 3003, 1028, 1015, 1023, 3002, 3001, 1021, 3004, 3005, 1000, 3009, 1010}
W/ContextImpl( 3043): Calling a method in the system process without a qualified user: android.app.ContextImpl.startService:1502 android.content.ContextWrapper.startService:494 android.content.ContextWrapper.startService:494 com.qualcomm.simcontacts.SimStateReceiver.sendSimState:78 com.qualcomm.simcontacts.SimStateReceiver.onReceive:54 
I/ActivityManager(  756): Start proc com.android.mms for broadcast com.android.mms/.rcs.RcsMessageStatusReceiver: pid=3058 uid=10012 gids={50012, 3003, 1028, 1015}
D/CountryDetector(  756): The first listener is added
W/ContextImpl( 3043): Calling a method in the system process without a qualified user: android.app.ContextImpl.startService:1502 android.content.ContextWrapper.startService:494 android.content.ContextWrapper.startService:494 com.qualcomm.simcontacts.SimStateReceiver.sendSimState:78 com.qualcomm.simcontacts.SimStateReceiver.onReceive:54 
W/ContextImpl( 3043): Calling a method in the system process without a qualified user: android.app.ContextImpl.startService:1502 android.content.ContextWrapper.startService:494 android.content.ContextWrapper.startService:494 com.qualcomm.simcontacts.SimStateReceiver.sendPhoneBoot:69 com.qualcomm.simcontacts.SimStateReceiver.onReceive:56 
I/ActivityManager(  756): Start proc com.android.dialer for broadcast com.android.dialer/.calllog.CallLogReceiver: pid=3085 uid=10011 gids={50011, 3003, 1028, 1015, 3009, 3010}
W/ContextImpl(  756): Calling a method in the system process without a qualified user: android.app.ContextImpl.bindService:1566 android.bluetooth.BluetoothHeadset.doBind:283 android.bluetooth.BluetoothHeadset.<init>:276 android.bluetooth.BluetoothAdapter.getProfileProxy:1364 android.media.AudioService.getBluetoothHeadset:2271 
W/ContextImpl(  756): Calling a method in the system process without a qualified user: android.app.ContextImpl.bindService:1566 android.bluetooth.BluetoothA2dp.doBind:165 android.bluetooth.BluetoothA2dp.<init>:158 android.bluetooth.BluetoothAdapter.getProfileProxy:1367 android.media.AudioService$AudioServiceBroadcastReceiver.onReceive:4197 
V/WiredAccessoryManager(  756): notifyWiredAccessoryChanged: when=0 bits= mask=14
V/WiredAccessoryManager(  756): newName=h2w newState=0 headsetState=0 prev headsetState=0
V/WiredAccessoryManager(  756): init()
I/BootReceiver(  756): Copying audit failures to DropBox
I/BootReceiver(  756): Checking for fsck errors
I/ActivityManager(  756): Start proc com.android.providers.calendar for broadcast com.android.providers.calendar/.CalendarReceiver: pid=3110 uid=10001 gids={50001, 3003, 1028, 1015}
I/ActivityManager(  756): Start proc com.android.onetimeinitializer for broadcast com.android.onetimeinitializer/.OneTimeInitializerReceiver: pid=3160 uid=10013 gids={50013}
I/ActivityManager(  756): Start proc com.android.voicedialer for broadcast com.android.voicedialer/.VoiceDialerReceiver: pid=3174 uid=10017 gids={50017, 3002}
W/ContextImpl(  756): Calling a method in the system process without a qualified user: android.app.ContextImpl.startService:1502 android.content.ContextWrapper.startService:494 android.content.ContextWrapper.startService:494 com.qualcomm.location.LocationServiceReceiver.onReceive:40 android.app.ActivityThread.handleReceiver:2410 
W/ContextImpl(  756): Calling a method in the system process without a qualified user: android.app.ContextImpl.startService:1502 android.content.ContextWrapper.startService:494 android.content.ContextWrapper.startService:494 com.qualcomm.location.LocationServiceReceiver.onReceive:44 android.app.ActivityThread.handleReceiver:2410 
W/ContextImpl(  756): Calling a method in the system process without a qualified user: android.app.ContextImpl.startService:1502 android.content.ContextWrapper.startService:494 android.content.ContextWrapper.startService:494 com.qualcomm.location.LocationServiceReceiver.onReceive:46 android.app.ActivityThread.handleReceiver:2410 
W/ContextImpl(  756): Calling a method in the system process without a qualified user: android.app.ContextImpl.startService:1502 android.content.ContextWrapper.startService:494 android.content.ContextWrapper.startService:494 com.dsi.ant.server.AntService.startService:125 com.dsi.ant.server.startup.BootCompletedReceiver.onReceive:41 
I/ActivityManager(  756): Start proc com.qualcomm.display for broadcast com.qualcomm.cabl/.CABLReceiver: pid=3190 uid=1000 gids={41000, 3003, 1028, 1015, 1023, 3002, 3001, 1021, 3004, 3005, 1000, 3009, 1010}
W/ContextImpl( 3190): Calling a method in the system process without a qualified user: android.app.ContextImpl.startService:1502 android.content.ContextWrapper.startService:494 android.content.ContextWrapper.startService:494 com.qualcomm.cabl.CABLReceiver.onReceive:30 android.app.ActivityThread.handleReceiver:2410 
I/ActivityManager(  756): Start proc com.qualcomm.qti.calendarlocalaccount for broadcast com.qualcomm.qti.calendarlocalaccount/.LocalAccountManager: pid=3206 uid=10026 gids={50026}
I/ActivityManager(  756): Start proc com.android.cellbroadcastreceiver for broadcast com.android.cellbroadcastreceiver/.CellBroadcastReceiver: pid=3220 uid=10027 gids={50027}
I/ActivityManager(  756): Start proc com.qualcomm.qti.carrierconfigure for broadcast com.qualcomm.qti.carrierconfigure/.StartActivityReceiver: pid=3234 uid=1000 gids={41000, 3003, 1028, 1015, 1023, 3002, 3001, 1021, 3004, 3005, 1000, 3009, 1010}
I/ActivityManager(  756): Start proc com.qualcomm.qti.modemtestmode for broadcast com.qualcomm.qti.modemtestmode/.DefaultReceiver: pid=3247 uid=1000 gids={41000, 3003, 1028, 1015, 1023, 3002, 3001, 1021, 3004, 3005, 1000, 3009, 1010}
W/ContextImpl( 3247): Calling a method in the system process without a qualified user: android.app.ContextImpl.startService:1502 android.content.ContextWrapper.startService:494 com.qualcomm.qcrilhook.QcRilHook.<init>:98 com.qualcomm.qcrilhook.QcRilHook.<init>:84 com.qualcomm.qti.modemtestmode.MbnAppGlobals.onCreate:29 
W/ContextImpl( 3247): Calling a method in the system process without a qualified user: android.app.ContextImpl.bindService:1566 android.content.ContextWrapper.bindService:517 com.qualcomm.qcrilhook.QcRilHook.<init>:100 com.qualcomm.qcrilhook.QcRilHook.<init>:84 com.qualcomm.qti.modemtestmode.MbnAppGlobals.onCreate:29 
W/ContextImpl( 3247): Calling a method in the system process without a qualified user: android.app.ContextImpl.startService:1502 android.content.ContextWrapper.startService:494 android.content.ContextWrapper.startService:494 com.qualcomm.qti.modemtestmode.DefaultReceiver.onReceive:33 android.app.ActivityThread.handleReceiver:2410 
I/ActivityManager(  756): Start proc com.android.calendar for broadcast com.android.calendar/.alerts.AlertReceiver: pid=3263 uid=10044 gids={50044, 3003, 1028}
W/ContextImpl( 3247): Calling a method in the system process without a qualified user: android.app.ContextImpl.bindService:1566 android.content.ContextWrapper.bindService:517 com.qualcomm.qti.modemtestmode.MbnSystemService.onCreate:101 android.app.ActivityThread.handleCreateService:2561 android.app.ActivityThread.access$1800:138 
I/ActivityManager(  756): Delay finish: com.android.calendar/.alerts.AlertReceiver
I/ActivityManager(  756): Resuming delayed broadcast
I/ActivityManager(  756): Killing 2902:com.android.settings/1000 (adj 15): empty #9
I/ActivityManager(  756): Start proc com.android.deskclock for broadcast com.android.deskclock/.AlarmInitReceiver: pid=3285 uid=10045 gids={50045, 1028}
D/ActivityManager(  756): cleanUpApplicationRecordLocked -- 2902
I/ActivityManager(  756): Start proc com.qualcomm.qct.dlt for broadcast com.qualcomm.qct.dlt/.proximity.ProximityBroadcastReceiver: pid=3301 uid=10052 gids={50052, 1028, 1015, 3003, 1021, 3004, 3005, 1000, 3009, 1023, 1010}
I/ActivityManager(  756): Killing 2570:android.process.acore/u0a4 (adj 15): empty #9
D/ActivityManager(  756): cleanUpApplicationRecordLocked -- 2570
I/ActivityManager(  756): Killing 3085:com.android.dialer/u0a11 (adj 15): empty #9
D/ActivityManager(  756): cleanUpApplicationRecordLocked -- 3085
I/ActivityManager(  756): Killing 3029:com.android.music/u0a49 (adj 15): empty #9
D/ActivityManager(  756): cleanUpApplicationRecordLocked -- 3029
I/PowerManagerService(  756): Boot animation finished.
W/ContextImpl( 3190): Calling a method in the system process without a qualified user: android.app.ContextImpl.startService:1502 android.content.ContextWrapper.startService:494 android.content.ContextWrapper.startService:494 com.qualcomm.display.PPReceiver.onReceive:33 android.app.ActivityThread.handleReceiver:2410 
W/ContextImpl( 3190): Calling a method in the system process without a qualified user: android.app.ContextImpl.startService:1502 android.content.ContextWrapper.startService:494 android.content.ContextWrapper.startService:494 com.qualcomm.svi.SVIReceiver.onReceive:30 android.app.ActivityThread.handleReceiver:2410 
I/ActivityManager(  756): Delay finish: com.qualcomm.svi/.SVIReceiver
I/ActivityManager(  756): Waited long enough for: ServiceRecord{41cbe178 u0 com.qualcomm.simcontacts/.SimContactsService}
I/ActivityManager(  756): Resuming delayed broadcast
W/ContextImpl( 3043): Calling a method in the system process without a qualified user: android.app.ContextImpl.startService:1502 android.content.ContextWrapper.startService:494 android.content.ContextWrapper.startService:494 com.qualcomm.atfwd.AtFwdAutoboot.onReceive:24 android.app.ActivityThread.handleReceiver:2410 
I/ActivityManager(  756): Delay finish: com.qualcomm.atfwd/.AtFwdAutoboot
I/ActivityManager(  756): Waited long enough for: ServiceRecord{41d055a8 u0 com.android.mms/.ui.SelectMmsSubscription}
I/ActivityManager(  756): Resuming delayed broadcast
I/ActivityManager(  756): Start proc com.qualcomm.atuner for broadcast com.qualcomm.atuner/.ATunerAutoboot: pid=3332 uid=10070 gids={50070}
I/ActivityManager(  756): Start proc com.quicinc.wipoweragent for broadcast com.quicinc.wipoweragent/.WipowerAgentReceiver: pid=3345 uid=10072 gids={50072, 3002}
I/ActivityManager(  756): Killing 3160:com.android.onetimeinitializer/u0a13 (adj 15): empty #9
I/ActivityManager(  756): Start proc com.qualcomm.embms for broadcast com.qualcomm.embms/.EmbmsBootReceiver: pid=3358 uid=10073 gids={50073, 3003}
I/ActivityManager(  756): Killing 3174:com.android.voicedialer/u0a17 (adj 15): empty #9
D/ActivityManager(  756): cleanUpApplicationRecordLocked -- 3160
I/ActivityManager(  756): Start proc com.qualcomm.embms:remote for service com.qualcomm.embms/.EmbmsService: pid=3371 uid=10073 gids={50073, 3003}
D/ActivityManager(  756): cleanUpApplicationRecordLocked -- 3174
I/ActivityManager(  756): Delay finish: com.qualcomm.embms/.EmbmsBootReceiver
I/ActivityManager(  756): Killing 3206:com.qualcomm.qti.calendarlocalaccount/u0a26 (adj 15): empty #9
D/ActivityManager(  756): cleanUpApplicationRecordLocked -- 3206
I/ActivityManager(  756): Waited long enough for: ServiceRecord{41ce4210 u0 com.qualcomm.cabl/.CABLService}
I/ActivityManager(  756): Resuming delayed broadcast
I/ActivityManager(  756): Start proc com.qti.antitheftdemo for broadcast com.qti.antitheftdemo/.AntiTheftReceiver: pid=3384 uid=10020 gids={50020}
I/ActivityManager(  756): Start proc com.qti.cbwidget for broadcast com.qti.cbwidget/.CBWidgetProvider: pid=3397 uid=10028 gids={50028}
I/ActivityManager(  756): Killing 3220:com.android.cellbroadcastreceiver/u0a27 (adj 15): empty #9
I/ActivityManager(  756): Killing 3234:com.qualcomm.qti.carrierconfigure/1000 (adj 15): empty #9
I/ActivityManager(  756): Start proc com.android.settings for broadcast com.android.settings/.widget.SettingsAppWidgetProvider: pid=3410 uid=1000 gids={41000, 3003, 1028, 1015, 1023, 3002, 3001, 1021, 3004, 3005, 1000, 3009, 1010}
D/ActivityManager(  756): cleanUpApplicationRecordLocked -- 3220
D/ActivityManager(  756): cleanUpApplicationRecordLocked -- 3234
W/ContextImpl( 3410): Calling a method in the system process without a qualified user: android.app.ContextImpl.bindService:1566 android.content.ContextWrapper.bindService:517 android.bluetooth.BluetoothInputDevice.doBind:256 android.bluetooth.BluetoothInputDevice.<init>:249 android.bluetooth.BluetoothAdapter.getProfileProxy:1370 
W/ContextImpl( 3410): Calling a method in the system process without a qualified user: android.app.ContextImpl.bindService:1566 android.content.ContextWrapper.bindService:517 android.bluetooth.BluetoothPan.doBind:148 android.bluetooth.BluetoothPan.<init>:141 android.bluetooth.BluetoothAdapter.getProfileProxy:1373 
W/ContextImpl( 3410): Calling a method in the system process without a qualified user: android.app.ContextImpl.bindService:1566 android.content.ContextWrapper.bindService:517 android.bluetooth.BluetoothMap.doBind:109 android.bluetooth.BluetoothMap.<init>:102 android.bluetooth.BluetoothAdapter.getProfileProxy:1385 
W/ContextImpl( 3410): Calling a method in the system process without a qualified user: android.app.ContextImpl.bindService:1566 android.content.ContextWrapper.bindService:517 android.bluetooth.BluetoothSap.doBind:108 android.bluetooth.BluetoothSap.<init>:101 android.bluetooth.BluetoothAdapter.getProfileProxy:1376 
W/ContextImpl( 3410): Calling a method in the system process without a qualified user: android.app.ContextImpl.bindService:1566 android.content.ContextWrapper.bindService:517 android.bluetooth.BluetoothDun.doBind:108 android.bluetooth.BluetoothDun.<init>:101 android.bluetooth.BluetoothAdapter.getProfileProxy:1379 
W/ContextImpl( 3410): Calling a method in the system process without a qualified user: android.app.ContextImpl.bindService:1566 android.content.ContextWrapper.bindService:517 android.bluetooth.BluetoothPbap.doBind:164 android.bluetooth.BluetoothPbap.<init>:157 com.android.settings.bluetooth.PbapServerProfile.<init>:68 
I/ActivityManager(  756): Killing 3285:com.android.deskclock/u0a45 (adj 15): empty #9
D/ActivityManager(  756): cleanUpApplicationRecordLocked -- 3285
I/ActivityManager(  756): Waited long enough for: ServiceRecord{41d02fb0 u0 com.qualcomm.qti.modemtestmode/.MbnSystemService}
I/ActivityManager(  756): Waited long enough for: ServiceRecord{41cde508 u0 com.android.calendar/.alerts.InitAlarmsService}
I/ActivityManager(  756): Start proc com.android.deskclock for broadcast com.android.deskclock/com.android.alarmclock.DigitalAppWidgetProvider: pid=3432 uid=10045 gids={50045, 1028}
I/ActivityManager(  756): Start proc com.android.musicfx for broadcast com.android.musicfx/.ControlPanelReceiver: pid=3446 uid=10010 gids={50010, 3003, 3002}
I/ActivityManager(  756): Killing 3301:com.qualcomm.qct.dlt/u0a52 (adj 15): empty #9
I/ActivityManager(  756): Waited long enough for: ServiceRecord{41ca9870 u0 com.android.providers.calendar/.EmptyService}
D/ActivityManager(  756): cleanUpApplicationRecordLocked -- 3301
I/ActivityManager(  756): Killing 2700:com.android.printspooler/u0a58 (adj 15): empty #9
D/ActivityManager(  756): cleanUpApplicationRecordLocked -- 2700
I/ActivityManager(  756): Waited long enough for: ServiceRecord{41c9eae8 u0 com.qualcomm.display/.PPService}
I/ActivityManager(  756): Waited long enough for: ServiceRecord{41d48720 u0 com.qualcomm.svi/.SVIService}
I/EntropyMixer(  756): Writing entropy...
I/ActivityManager(  756): Waited long enough for: ServiceRecord{41d484e0 u0 com.qualcomm.atfwd/.AtFwdService}
I/ActivityManager(  756): Waited long enough for: ServiceRecord{41d483c0 u0 com.qualcomm.embms/.EmbmsService}
I/ActivityManager(  756): Killing 3332:com.qualcomm.atuner/u0a70 (adj 15): empty #9
D/ActivityManager(  756): cleanUpApplicationRecordLocked -- 3332
I/ActivityManager(  756): START u0 {act=android.intent.action.MAIN cat=[android.intent.category.LAUNCHER] flg=0x10200000 pkg=com.android.settings cmp=com.android.settings/.Settings} from pid 2649
W/ContextImpl( 3410): Calling a method in the system process without a qualified user: android.app.ContextImpl.bindService:1566 android.content.ContextWrapper.bindService:517 com.qualcomm.qti.phonefeature.PhoneServiceClient.<init>:29 java.lang.reflect.Constructor.constructNative:-2 java.lang.reflect.Constructor.newInstance:423 
D/MccTable( 2595): WIFI_COUNTRY_CODE set to 
I/WifiService(  756): WifiService trying to set country code to  with persist set to true
I/MSimTelephonyRegistry(  756): notifyServiceState: 3 3 home null null null  Unknown Unknown CSS not supported -1 -1 RoamInd=-1 DefRoamInd=-1 EmergOnly=false
D/StatusBar.MSimNetworkController( 2375): updateTelephonySignalStrength: subscription =1
D/StatusBar.MSimNetworkController( 2375): updateDataIcon dataSub =0
D/MccTable( 2595): WIFI_COUNTRY_CODE set to 
I/WifiService(  756): WifiService trying to set country code to  with persist set to true
I/MSimTelephonyRegistry(  756): notifyServiceState: 3 3 home null null null  Unknown Unknown CSS not supported -1 -1 RoamInd=-1 DefRoamInd=-1 EmergOnly=false
D/StatusBar.MSimNetworkController( 2375): updateTelephonySignalStrength: subscription =0
D/StatusBar.MSimNetworkController( 2375): updateDataIcon dataSub =0
W/ContextImpl( 3043): Calling a method in the system process without a qualified user: android.app.ContextImpl.startService:1502 android.content.ContextWrapper.startService:494 android.content.ContextWrapper.startService:494 com.qualcomm.simcontacts.SimStateReceiver.sendSimState:78 com.qualcomm.simcontacts.SimStateReceiver.onReceive:54 
D/StatusBar.MSimNetworkController( 2375): updateDataIcon dataSub =0
D/StatusBar.MSimNetworkController( 2375): updateDataIcon dataSub =0
D/StatusBar.MSimNetworkController( 2375): updateDataIcon dataSub =0
I/ActivityManager(  756): Start proc android.process.acore for content provider com.android.providers.contacts/.ContactsProvider2: pid=3794 uid=10004 gids={50004, 3003, 1028, 1015, 1023}
D/StatusBar.MSimNetworkController( 2375): updateDataIcon dataSub =0
D/StatusBar.MSimNetworkController( 2375): updateDataIcon dataSub =0
D/StatusBar.MSimNetworkController( 2375): updateDataIcon dataSub =0
W/ContextImpl( 3043): Calling a method in the system process without a qualified user: android.app.ContextImpl.startService:1502 android.content.ContextWrapper.startService:494 android.content.ContextWrapper.startService:494 com.qualcomm.simcontacts.SimStateReceiver.sendSimState:78 com.qualcomm.simcontacts.SimStateReceiver.onReceive:54 
D/StatusBar.MSimNetworkController( 2375): updateDataIcon dataSub =0
D/StatusBar.MSimNetworkController( 2375): updateDataIcon dataSub =0
D/StatusBar.MSimNetworkController( 2375): updateDataIcon dataSub =0
D/StatusBar.MSimNetworkController( 2375): updateDataIcon dataSub =0
D/StatusBar.MSimNetworkController( 2375): updateDataIcon dataSub =0
D/StatusBar.MSimNetworkController( 2375): updateDataIcon dataSub =0
W/ContextImpl( 3043): Calling a method in the system process without a qualified user: android.app.ContextImpl.startService:1502 android.content.ContextWrapper.startService:494 android.content.ContextWrapper.startService:494 com.qualcomm.simcontacts.SimStateReceiver.sendSimState:78 com.qualcomm.simcontacts.SimStateReceiver.onReceive:54 
W/ContextImpl( 3043): Calling a method in the system process without a qualified user: android.app.ContextImpl.startService:1502 android.content.ContextWrapper.startService:494 android.content.ContextWrapper.startService:494 com.qualcomm.simcontacts.SimStateReceiver.sendSimState:78 com.qualcomm.simcontacts.SimStateReceiver.onReceive:54 
I/ActivityManager(  756): Killing 3345:com.quicinc.wipoweragent/u0a72 (adj 15): empty #9
D/ActivityManager(  756): cleanUpApplicationRecordLocked -- 3345
I/ActivityManager(  756): START u0 {act=android.intent.action.MAIN cmp=com.android.settings/.SubSettings (has extras)} from pid 3410
E/Cryptfs (  211): not running with encryption, aborting
--------- beginning of /dev/log/main
D/ImsSenderRxr( 2595):  0 [SUB0]
D/ImsSenderRxr( 2595):  0 [SUB0]
