D/ImsPhone( 2595): Call Type 11has num updates = 1
D/ImsSenderRxr( 2595): [0023]> GET_CURRENT_CALLS [SUB0]
D/ImsSenderRxr( 2595):  0 [SUB0]
D/ImsSenderRxr( 2595):  0 [SUB0]
D/ImsSenderRxr( 2595):  0 [SUB0]
D/ImsSenderRxr( 2595):  12 [SUB0]
D/ImsSenderRxr( 2595):  11 [SUB0]
D/ImsSenderRxr( 2595):  13 [SUB0]
D/ImsSenderRxr( 2595):  23 [SUB0]
D/ImsSenderRxr( 2595):  0 [SUB0]
D/ImsSenderRxr( 2595):  0 [SUB0]
D/ImsSenderRxr( 2595):  0 [SUB0]
D/ImsSenderRxr( 2595):  16 [SUB0]
D/ImsSenderRxr( 2595):  1 [SUB0]
D/ImsSenderRxr( 2595):  24 [SUB0]
D/ImsSenderRxr( 2595):  6 [SUB0]
D/ImsSenderRxr( 2595):  32 [SUB0]
D/ImsSenderRxr( 2595):  0 [SUB0]
D/StatusBar.MSimNetworkController( 2375): updateDataIcon dataSub =0
D/StatusBar.MSimNetworkController( 2375): updateDataIcon dataSub =0
D/SimContactsService( 3043): service onStart!
D/SimContactsService( 3043): on sim state changed event, sub:0 state:3
D/SimContactsService( 3043): handle no sim on sub : 0
D/ImsPhone( 2595): Received event:36
D/ImsSenderRxr( 2595): [0024]> REQUEST_IMS_REGISTRATION_STATE [SUB0]
D/ImsSenderRxr( 2595):  0 [SUB0]
D/ImsSenderRxr( 2595):  0 [SUB0]
D/ImsSenderRxr( 2595):  0 [SUB0]
D/ImsSenderRxr( 2595):  12 [SUB0]
D/ImsSenderRxr( 2595):  11 [SUB0]
D/ImsSenderRxr( 2595):  13 [SUB0]
D/ImsSenderRxr( 2595):  24 [SUB0]
D/ImsSenderRxr( 2595):  0 [SUB0]
D/ImsSenderRxr( 2595):  0 [SUB0]
D/ImsSenderRxr( 2595):  0 [SUB0]
D/ImsSenderRxr( 2595):  16 [SUB0]
D/ImsSenderRxr( 2595):  1 [SUB0]
D/ImsSenderRxr( 2595):  24 [SUB0]
D/ImsSenderRxr( 2595):  1 [SUB0]
D/ImsSenderRxr( 2595):  32 [SUB0]
D/ImsSenderRxr( 2595):  0 [SUB0]
D/ImsSenderRxr( 2595): [0025]> REQUEST_IMS_REGISTRATION_STATE [SUB0]
D/ImsSenderRxr( 2595):  0 [SUB0]
D/ImsSenderRxr( 2595):  0 [SUB0]
D/ImsSenderRxr( 2595):  0 [SUB0]
D/ImsSenderRxr( 2595):  12 [SUB0]
D/ImsSenderRxr( 2595):  11 [SUB0]
D/ImsSenderRxr( 2595):  13 [SUB0]
D/ImsSenderRxr( 2595):  25 [SUB0]
D/ImsSenderRxr( 2595):  0 [SUB0]
D/ImsSenderRxr( 2595):  0 [SUB0]
D/ImsSenderRxr( 2595):  0 [SUB0]
D/ImsSenderRxr( 2595):  16 [SUB0]
D/ImsSenderRxr( 2595):  1 [SUB0]
D/ImsSenderRxr( 2595):  24 [SUB0]
D/ImsSenderRxr( 2595):  1 [SUB0]
D/ImsSenderRxr( 2595):  32 [SUB0]
D/ImsSenderRxr( 2595):  0 [SUB0]
D/ImsPhone( 2595): Received event:40
D/ImsPhone( 2595): Received event: EVENT_GET/SRV_STATUS_UPDATE
D/ImsPhone( 2595): type = 10 status = 0 isValid = true
D/ImsPhone( 2595): type = 0 status = 0 isValid = true
D/ImsPhone( 2595): Call Type 0has num updates = 1
D/ImsPhone( 2595): type = 3 status = 0 isValid = true
D/ImsPhone( 2595): Call Type 3has num updates = 1
D/ImsPhone( 2595): type = 1 status = 0 isValid = true
D/PhoneStatusBarPolicy( 2375): updateSimState for subscription :0
D/ImsPhone( 2595): Call Type 1has num updates = 1
D/ImsPhone( 2595): type = 2 status = 0 isValid = true
D/KeyguardUpdateMonitor( 2375): handleSimStateChange: intentValue = ABSENT state resolved to ABSENT subscription =0
D/ImsPhone( 2595): Call Type 2has num updates = 1
D/ImsPhone( 2595): type = 11 status = 0 isValid = true
D/ImsPhone( 2595): Call Type 11has num updates = 1
D/ImsPhone( 2595): Received event:37
D/ImsPhone( 2595): IMS registration state is: 2
D/ImsPhone( 2595): IMS registration imsRadioTech = 0
V/XDivertUtility( 2595): Action intent recieved:android.intent.action.SIM_STATE_CHANGED
D/XDivertUtility( 2595): ACTION_SIM_STATE_CHANGED intent received on sub = 0 SIM STATE IS ABSENT
D/MSimCallNotifier( 2595): getXDivertStatus status = false
V/MSimPhoneGlobals( 2595): Action intent recieved:android.intent.action.SIM_STATE_CHANGED
D/ImsPhone( 2595): Received event:37
D/ImsPhone( 2595): IMS registration state is: 2
D/ImsPhone( 2595): IMS registration imsRadioTech = 0
V/ImsSenderRxr( 2595): Read packet: 12 bytes
V/ImsSenderRxr( 2595): processResponse [SUB0]
D/ImsSenderRxr( 2595):  byte 0:11 [SUB0]
D/ImsSenderRxr( 2595):  byte 1:13 [SUB0]
D/ImsSenderRxr( 2595):  byte 2:23 [SUB0]
D/ImsSenderRxr( 2595):  byte 3:0 [SUB0]
D/ImsSenderRxr( 2595):  byte 4:0 [SUB0]
D/ImsSenderRxr( 2595):  byte 5:0 [SUB0]
D/ImsSenderRxr( 2595):  byte 6:16 [SUB0]
D/ImsSenderRxr( 2595):  byte 7:2 [SUB0]
D/ImsSenderRxr( 2595):  byte 8:24 [SUB0]
D/ImsSenderRxr( 2595):  byte 9:6 [SUB0]
D/ImsSenderRxr( 2595):  byte 10:32 [SUB0]
D/ImsSenderRxr( 2595):  byte 11:0 [SUB0]
D/StatusBar.MSimNetworkController( 2375): updateDataIcon dataSub =0
D/ImsSenderRxr( 2595):  Tag 23 2 6 0 [SUB0]
D/ImsSenderRxr( 2595): [0023]< GET_CURRENT_CALLS   [SUB0]
V/ImsSenderRxr( 2595): Read packet: 14 bytes
D/SimContactsService( 3043): deleteDatabaseSimContacts for sub:0
V/ImsSenderRxr( 2595): processResponse [SUB0]
D/dalvikvm( 2595): GC_FOR_ALLOC freed 547K, 31% free 3420K/4908K, paused 16ms, total 20ms
D/ImsSenderRxr( 2595):  byte 0:11 [SUB0]
D/ImsSenderRxr( 2595):  byte 1:13 [SUB0]
D/ImsSenderRxr( 2595):  byte 2:24 [SUB0]
D/ImsSenderRxr( 2595):  byte 3:0 [SUB0]
D/ImsSenderRxr( 2595):  byte 4:0 [SUB0]
D/ImsSenderRxr( 2595):  byte 5:0 [SUB0]
D/ImsSenderRxr( 2595):  byte 6:16 [SUB0]
D/ImsSenderRxr( 2595):  byte 7:2 [SUB0]
D/ImsSenderRxr( 2595):  byte 8:24 [SUB0]
D/ImsSenderRxr( 2595):  byte 9:1 [SUB0]
D/ImsSenderRxr( 2595):  byte 10:32 [SUB0]
D/ImsSenderRxr( 2595):  byte 11:0 [SUB0]
D/ImsSenderRxr( 2595):  byte 12:8 [SUB0]
D/ImsSenderRxr( 2595):  byte 13:2 [SUB0]
D/ImsSenderRxr( 2595):  Tag 24 2 1 0 [SUB0]
D/ImsSenderRxr( 2595): [0024]< REQUEST_IMS_REGISTRATION_STATE {2, 0} [SUB0]
V/ImsSenderRxr( 2595): Read packet: 14 bytes
V/ImsSenderRxr( 2595): processResponse [SUB0]
D/ImsSenderRxr( 2595):  byte 0:11 [SUB0]
D/ImsSenderRxr( 2595):  byte 1:13 [SUB0]
D/ImsSenderRxr( 2595):  byte 2:25 [SUB0]
D/ImsSenderRxr( 2595):  byte 3:0 [SUB0]
D/ImsSenderRxr( 2595):  byte 4:0 [SUB0]
D/ImsSenderRxr( 2595):  byte 5:0 [SUB0]
D/ImsSenderRxr( 2595):  byte 6:16 [SUB0]
D/ImsSenderRxr( 2595):  byte 7:2 [SUB0]
D/ImsSenderRxr( 2595):  byte 8:24 [SUB0]
D/ImsSenderRxr( 2595):  byte 9:1 [SUB0]
D/ImsSenderRxr( 2595):  byte 10:32 [SUB0]
D/ImsSenderRxr( 2595):  byte 11:0 [SUB0]
D/ImsSenderRxr( 2595):  byte 12:8 [SUB0]
D/ImsSenderRxr( 2595):  byte 13:2 [SUB0]
D/ImsSenderRxr( 2595):  Tag 25 2 1 0 [SUB0]
W/RCS_UI  ( 3058): onStartCommand: taskCount=1
D/ImsSenderRxr( 2595): [0025]< REQUEST_IMS_REGISTRATION_STATE {2, 0} [SUB0]
W/RCS_UI  ( 3058): runningId=8, countOfRunning=1, taskCount=1, Begin
D/RCS_UI  ( 3058): ============ onReceive ============
D/RCS_UI  ( 3058): action=android.intent.action.SIM_STATE_CHANGED
D/RCS_UI  ( 3058): phoneName=Phone
D/RCS_UI  ( 3058): reason=null
D/RCS_UI  ( 3058): ss=ABSENT
D/RCS_UI  ( 3058): subscription=0
D/hardware_info(  224): hw_info_append_hw_type : device_name = speaker
D/dalvikvm( 2595): GC_CONCURRENT freed 260K, 27% free 3617K/4908K, paused 2ms+2ms, total 20ms
D/dalvikvm( 2595): WAIT_FOR_CONCURRENT_GC blocked 15ms
D/dalvikvm( 2595): GC_FOR_ALLOC freed 328K, 26% free 3650K/4908K, paused 12ms, total 12ms
D/dalvikvm( 2595): GC_FOR_ALLOC freed 191K, 24% free 3761K/4908K, paused 11ms, total 11ms
V/PhoneApp( 2595): imsUpdateServiceStatus response service 0status = 0
D/NotificationMgr( 2595): updateHDIcon() showHDIcon = false, is showing HD icon = false
D/dalvikvm( 2595): GC_FOR_ALLOC freed 497K, 31% free 3425K/4908K, paused 12ms, total 12ms
D/dalvikvm( 2595): GC_CONCURRENT freed 255K, 27% free 3627K/4908K, paused 5ms+1ms, total 18ms
D/dalvikvm( 2595): WAIT_FOR_CONCURRENT_GC blocked 12ms
D/dalvikvm( 2595): GC_FOR_ALLOC freed 340K, 26% free 3661K/4908K, paused 11ms, total 11ms
D/dalvikvm( 2595): GC_FOR_ALLOC freed 199K, 24% free 3777K/4908K, paused 12ms, total 12ms
V/PhoneApp( 2595): imsUpdateServiceStatus response service 3status = 0
D/NotificationMgr( 2595): updateHDIcon() showHDIcon = false, is showing HD icon = false
V/PhoneApp( 2595): imsUpdateServiceStatus response service 0status = 0
D/NotificationMgr( 2595): updateHDIcon() showHDIcon = false, is showing HD icon = false
D/dalvikvm( 2595): GC_FOR_ALLOC freed 519K, 31% free 3425K/4908K, paused 11ms, total 11ms
D/dalvikvm( 2595): GC_CONCURRENT freed 265K, 26% free 3635K/4908K, paused 2ms+2ms, total 14ms
D/dalvikvm( 2595): WAIT_FOR_CONCURRENT_GC blocked 12ms
D/dalvikvm( 2595): GC_FOR_ALLOC freed 353K, 27% free 3611K/4908K, paused 12ms, total 12ms
D/dalvikvm( 2595): GC_FOR_ALLOC freed 206K, 26% free 3673K/4908K, paused 11ms, total 11ms
D/dalvikvm( 2595): GC_FOR_ALLOC freed 58K, 23% free 3820K/4908K, paused 11ms, total 11ms
I/dalvikvm-heap( 2595): Grow heap (frag case) to 4.641MB for 62484-byte allocation
V/PhoneApp( 2595): imsUpdateServiceStatus response service 3status = 0
D/NotificationMgr( 2595): updateHDIcon() showHDIcon = false, is showing HD icon = false
D/ImsPhone( 2595): Received event:37
D/ImsPhone( 2595): IMS registration state is: 2
D/ImsPhone( 2595): IMS registration imsRadioTech = 0
D/dalvikvm( 2595): GC_FOR_ALLOC freed 487K, 32% free 3422K/4972K, paused 11ms, total 11ms
D/dalvikvm( 2595): GC_CONCURRENT freed 275K, 27% free 3639K/4972K, paused 3ms+1ms, total 14ms
D/dalvikvm( 2595): WAIT_FOR_CONCURRENT_GC blocked 4ms
D/dalvikvm( 2595): GC_CONCURRENT freed 367K, 27% free 3675K/4972K, paused 6ms+1ms, total 18ms
D/dalvikvm( 2595): WAIT_FOR_CONCURRENT_GC blocked 13ms
D/dalvikvm( 2595): GC_FOR_ALLOC freed 214K, 25% free 3739K/4972K, paused 13ms, total 13ms
D/AudioPolicyManager(  224):  getOutput() device 2, stream 1, samplingRate 0, format 0, channelMask 3, flags 0 
D/AudioPolicyManager(  224): getOutput() returns output 2
D/AudioPolicyManager(  224):  getOutput() device 2, stream 1, samplingRate 0, format 0, channelMask 3, flags 0 
D/AudioPolicyManager(  224): getOutput() returns output 2
D/AudioPolicyManager(  224):  getOutput() device 2, stream 1, samplingRate 48000, format 1, channelMask 3, flags 4 
D/AudioPolicyManager(  224): getOutput() returns output 3
D/AudioFlinger(  224): start(4098), calling pid 756 session 87
D/AudioFlinger(  224): ? => ACTIVE (4098) on thread 0xb7fdfea0
D/AudioPolicyManagerBase(  224): startOutput() output 3, stream 1, session 87
D/audio_hw_primary(  224): start_output_stream: enter: stream(0xb7fa76a8)usecase(1: low-latency-playback) devices(0x2)
D/audio_hw_primary(  224): select_devices: out_snd_device(2: speaker) in_snd_device(0: )
D/hardware_info(  224): hw_info_append_hw_type : device_name = speaker
D/ACDB-LOADER(  224): ACDB -> send_audio_cal, acdb_id = 14, path =  0
D/ACDB-LOADER(  224): ACDB -> send_asm_topology
D/ACDB-LOADER(  224): ACDB -> ACDB_CMD_GET_AUDPROC_STREAM_TOPOLOGY_ID
D/ACDB-LOADER(  224): ACDB -> send_adm_topology
D/ACDB-LOADER(  224): ACDB -> ACDB_CMD_GET_AUDPROC_COMMON_TOPOLOGY_ID
D/ACDB-LOADER(  224): ACDB -> send_audtable
D/ACDB-LOADER(  224): ACDB -> ACDB_CMD_GET_AUDPROC_COMMON_TABLE
D/ACDB-LOADER(  224): ACDB -> AUDIO_SET_AUDPROC_CAL
D/ACDB-LOADER(  224): ACDB -> send_audvoltable
D/ACDB-LOADER(  224): ACDB -> ACDB_CMD_GET_AUDPROC_GAIN_DEP_STEP_TABLE
D/ACDB-LOADER(  224): ACDB -> AUDIO_SET_AUDPROC_VOL_CAL
D/ACDB-LOADER(  224): ACDB -> send_afe_cal
D/ACDB-LOADER(  224): ACDB -> ACDB_CMD_GET_AFE_COMMON_TABLE
D/ACDB-LOADER(  224): ACDB -> AUDIO_SET_AFE_CAL
D/ACDB-LOADER(  224): ACDB -> send_hw_delay : acdb_id = 14 path = 0
D/ACDB-LOADER(  224): ACDB -> ACDB_AVSYNC_INFO: ACDB_CMD_GET_DEVICE_PROPERTY
D/audio_hw_primary(  224): select_devices: done
D/ACDB-LOADER(  224): ACDB -> send_audio_cal, acdb_id = 14, path =  0
D/ACDB-LOADER(  224): ACDB -> send_asm_topology
D/ACDB-LOADER(  224): ACDB -> ACDB_CMD_GET_AUDPROC_STREAM_TOPOLOGY_ID
D/ACDB-LOADER(  224): ACDB -> send_adm_topology
D/ACDB-LOADER(  224): ACDB -> ACDB_CMD_GET_AUDPROC_COMMON_TOPOLOGY_ID
D/ACDB-LOADER(  224): ACDB -> send_audtable
D/ACDB-LOADER(  224): ACDB -> ACDB_CMD_GET_AUDPROC_COMMON_TABLE
D/ACDB-LOADER(  224): ACDB -> AUDIO_SET_AUDPROC_CAL
D/ACDB-LOADER(  224): ACDB -> send_audvoltable
D/ACDB-LOADER(  224): ACDB -> ACDB_CMD_GET_AUDPROC_GAIN_DEP_STEP_TABLE
D/ACDB-LOADER(  224): ACDB -> AUDIO_SET_AUDPROC_VOL_CAL
D/ACDB-LOADER(  224): ACDB -> send_afe_cal
D/ACDB-LOADER(  224): ACDB -> ACDB_CMD_GET_AFE_COMMON_TABLE
D/ACDB-LOADER(  224): ACDB -> AUDIO_SET_AFE_CAL
D/ACDB-LOADER(  224): ACDB -> send_hw_delay : acdb_id = 14 path = 0
D/ACDB-LOADER(  224): ACDB -> ACDB_AVSYNC_INFO: ACDB_CMD_GET_DEVICE_PROPERTY
D/Ulp_jni (  756): JNI:system_update. Event-3
D/LBSSystemMonitorService(  756): handleMessage what - 14
D/DeviceContext(  756): handleMessage what - 1
E/LocSvc_libulp(  756): I/===> int ulp_msg_process_system_update(UlpSystemEvent) line 1460 
E/LocSvc_libulp(  756): I/int ulp_msg_process_system_update(UlpSystemEvent): systemEvent:3 
E/LocSvc_libulp(  756): I/===> int ulp_brain_process_system_update(UlpSystemEvent) line 2345 
E/LocSvc_libulp(  756): I/===> int ulp_brain_select_providers() line 333 
E/LocSvc_libulp(  756): I/===> int ulp_brain_turn_onoff_quipc_provider() line 700 
E/LocSvc_libulp(  756): I/===> int ulp_quipc_stop_engine() line 238 
E/LocSvc_libulp(  756): I/===> bool ulp_quipc_engine_running() line 63 
E/LocSvc_libulp(  756): I/===> int ulp_brain_turn_onoff_gnss_provider() line 595 
E/LocSvc_libulp(  756): I/===> int ulp_gnss_stop_engine() line 262 
E/LocSvc_libulp(  756): I/===> bool ulp_quipc_engine_running() line 63 
E/LocSvc_libulp(  756): I/===> int ulp_brain_turn_onoff_gnp_provider() line 496 
E/LocSvc_libulp(  756): I/===> bool ulp_gnp_engine_running() line 59 
E/LocSvc_libulp(  756): I/===> int ulp_gnp_stop_engine() line 195 
E/LocSvc_libulp(  756): I/===> bool ulp_gnp_engine_running() line 59 
E/LocSvc_libulp(  756): I/===> bool ulp_gnp_engine_running() line 59 
E/LocSvc_libulp(  756): I/===> int ulp_brain_turn_onoff_zpp_provider() line 437 
E/LocSvc_libulp(  756): I/===> int ulp_zpp_stop_engine() line 174 
E/LocSvc_libulp(  756): I/===> bool ulp_zpp_engine_running() line 62 
E/LocSvc_api_v02(  756): I/---> locClientSendReq line 2426 QMI_LOC_SET_EXTERNAL_POWER_CONFIG_REQ_V02
E/LocSvc_libulp(  756): I/===> int ulp_msg_process_start_req() line 452 
E/LocSvc_libulp(  756): I/int ulp_msg_process_start_req(), at ulp state = 1
E/LocSvc_ApiV02(  756): I/<--- void globalRespCb(locClientHandleType, uint32_t, locClientRespIndUnionType, void*) line 106 QMI_LOC_SET_EXTERNAL_POWER_CONFIG_REQ_V02
I/EntropyMixer(  756): Writing entropy...
D/Ulp_jni (  756): JNI:system_update. Event-2
E/LocSvc_libulp(  756): I/===> int ulp_msg_process_system_update(UlpSystemEvent) line 1460 
E/LocSvc_libulp(  756): I/int ulp_msg_process_system_update(UlpSystemEvent): systemEvent:2 
E/LocSvc_libulp(  756): I/===> int ulp_brain_process_system_update(UlpSystemEvent) line 2345 
E/LocSvc_libulp(  756): I/===> int ulp_brain_select_providers() line 333 
E/LocSvc_libulp(  756): I/===> int ulp_brain_turn_onoff_quipc_provider() line 700 
E/LocSvc_libulp(  756): I/===> int ulp_quipc_stop_engine() line 238 
E/LocSvc_libulp(  756): I/===> bool ulp_quipc_engine_running() line 63 
E/LocSvc_libulp(  756): I/===> int ulp_brain_turn_onoff_gnss_provider() line 595 
E/LocSvc_libulp(  756): I/===> int ulp_gnss_stop_engine() line 262 
E/LocSvc_libulp(  756): I/===> bool ulp_quipc_engine_running() line 63 
E/LocSvc_libulp(  756): I/===> int ulp_brain_turn_onoff_gnp_provider() line 496 
E/LocSvc_libulp(  756): I/===> bool ulp_gnp_engine_running() line 59 
E/LocSvc_libulp(  756): I/===> int ulp_gnp_stop_engine() line 195 
E/LocSvc_libulp(  756): I/===> bool ulp_gnp_engine_running() line 59 
E/LocSvc_libulp(  756): I/===> bool ulp_gnp_engine_running() line 59 
E/LocSvc_libulp(  756): I/===> int ulp_brain_turn_onoff_zpp_provider() line 437 
E/LocSvc_libulp(  756): I/===> int ulp_zpp_start_engine() line 98 
E/LocSvc_libulp(  756): I/===> bool ulp_zpp_engine_running() line 62 
E/LocSvc_libulp(  756): I/===> int ulp_msg_process_start_req() line 452 
E/LocSvc_libulp(  756): I/int ulp_msg_process_start_req(), at ulp state = 1
E/LocSvc_api_v02(  756): I/---> locClientSendReq line 2426 QMI_LOC_GET_BEST_AVAILABLE_POSITION_REQ_V02
D/LBSSystemMonitorService(  756): handleMessage what - 14
D/DeviceContext(  756): handleMessage what - 1
E/LocSvc_ApiV02(  756): I/<--- void globalRespCb(locClientHandleType, uint32_t, locClientRespIndUnionType, void*) line 106 QMI_LOC_GET_BEST_AVAILABLE_POSITION_REQ_V02
E/LocSvc_api_v02(  756): I/---> locClientSendReq line 2426 QMI_LOC_SET_EXTERNAL_POWER_CONFIG_REQ_V02
E/LocSvc_libulp(  756): I/===> int ulp_brain_process_zpp_position_report(loc_sess_status, LocPosTechMask, const UlpLocation*) line 1458 
E/LocSvc_libulp(  756): I/int ulp_brain_process_zpp_position_report(loc_sess_status, LocPosTechMask, const UlpLocation*), report ZPP position to providers,report_position = 0
E/LocSvc_libulp(  756): I/===> int ulp_brain_select_providers() line 333 
E/LocSvc_libulp(  756): I/===> int ulp_brain_turn_onoff_quipc_provider() line 700 
E/LocSvc_libulp(  756): I/===> int ulp_quipc_stop_engine() line 238 
E/LocSvc_libulp(  756): I/===> bool ulp_quipc_engine_running() line 63 
E/LocSvc_libulp(  756): I/===> int ulp_brain_turn_onoff_gnss_provider() line 595 
E/LocSvc_libulp(  756): I/===> int ulp_gnss_stop_engine() line 262 
E/LocSvc_libulp(  756): I/===> bool ulp_quipc_engine_running() line 63 
E/LocSvc_libulp(  756): I/===> int ulp_brain_turn_onoff_gnp_provider() line 496 
E/LocSvc_libulp(  756): I/===> bool ulp_gnp_engine_running() line 59 
E/LocSvc_libulp(  756): I/===> int ulp_gnp_stop_engine() line 195 
E/LocSvc_libulp(  756): I/===> bool ulp_gnp_engine_running() line 59 
E/LocSvc_libulp(  756): I/===> bool ulp_gnp_engine_running() line 59 
E/LocSvc_libulp(  756): I/===> int ulp_brain_turn_onoff_zpp_provider() line 437 
E/LocSvc_libulp(  756): I/===> int ulp_zpp_stop_engine() line 174 
E/LocSvc_libulp(  756): I/===> bool ulp_zpp_engine_running() line 62 
E/LocSvc_ApiV02(  756): I/<--- void globalRespCb(locClientHandleType, uint32_t, locClientRespIndUnionType, void*) line 106 QMI_LOC_SET_EXTERNAL_POWER_CONFIG_REQ_V02
D/NLService( 2865): onNotificationPosted
D/EASUtils( 2865): getEventTypeForPackage: android : -1
E/UsbSettings( 3410): UsbAccessoryMode false
E/UsbSettings( 3410): USB Normal Mode
D/UsbSecurity( 3410): ACTION_USB_STATEfalsefalsetruetrue
E/UsbSettings( 3410): UsbAccessoryMode false
E/UsbSettings( 3410): USB Normal Mode
D/UsbSecurity( 3410): ACTION_USB_STATEfalsefalsetruetrue
E/UsbSettings( 3410): UsbAccessoryMode false
E/UsbSettings( 3410): USB Normal Mode
D/UsbSecurity( 3410): ACTION_USB_STATEfalsefalsetruetrue
D/MtpService( 2537): updating state; isCurrentUser=true, mMtpLocked=false
D/MtpService( 2537): addStorageLocked 65537 /storage/emulated/0
D/dalvikvm( 2375): GC_CONCURRENT freed 722K, 13% free 7306K/8320K, paused 1ms+6ms, total 42ms
D/MtpService( 2537): updating state; isCurrentUser=true, mMtpLocked=false
W/MediaPlayer-JNI( 2375): MediaPlayer finalized without being released
D/AudioPlayer(  224): reset: mPlaying=0 mReachedEOS=1 useOffload=0
D/MtpService( 2537): starting MTP server in MTP mode
D/MtpService( 2537): addStorageLocked 65537 /storage/emulated/0
E/CABL    ( 3190): Failed to connect to daemon socket
W/System.err( 3190): java.io.IOException: No such file or directory
W/System.err( 3190): 	at android.net.LocalSocketImpl.connectLocal(Native Method)
W/System.err( 3190): 	at android.net.LocalSocketImpl.connect(LocalSocketImpl.java:290)
W/System.err( 3190): 	at android.net.LocalSocket.connect(LocalSocket.java:130)
W/System.err( 3190): 	at com.qualcomm.cabl.CABLDaemonConnector.listenToSocket(CABLDaemonConnector.java:58)
W/System.err( 3190): 	at com.qualcomm.cabl.CABLDaemonConnector.run(CABLDaemonConnector.java:42)
W/System.err( 3190): 	at java.lang.Thread.run(Thread.java:841)
E/CABL    ( 3190): Closing the socket!
D/PPDaemon( 4049): CABL version 2.0.20140905
D/PPDaemon( 4049): isHDMIPrimary: HDMI is not primary display
E/PPDaemon( 4049): Unable to open fb type file  err:  No such file or directory
E/PPDaemon( 4049): Unable to open fb type file  err:  No such file or directory
E/PPDaemon( 4049): void openPrimaryFrameBuffer(DaemonContext&): Cannot locate the primary framebuffer
I/MSimTelephonyRegistry(  756): notifyServiceState: 1 1 home null null null  Unknown Unknown CSS not supported -1 -1 RoamInd=-1 DefRoamInd=-1 EmergOnly=true
D/TelephonyIcons( 2375): updateDataType sub=0, type=0, inetCondition=0 showAtLeast3G=false show4GforLte=true hspaDistinguishable=false
D/TelephonyIcons( 2375): data type item name: array/telephony_data_type_sim1
D/TelephonyIcons( 2375): data type item id: 2131099655
D/QTI-AntiTheft-Demo( 3384): Service state changed: 1
D/TelephonyIcons( 2375): updateDataType mSelectedDataTypeIcon[0]=0, mSelectedDataActivityIndex=0
D/TelephonyIcons( 2375): null signal icon name: drawable/stat_sys_signal_null
D/TelephonyIcons( 2375): getDataTypeIcon sub=0
D/StatusBar.MSimNetworkController( 2375): updateTelephonySignalStrength: subscription =0
D/StatusBar.MSimNetworkController( 2375): updateDataIcon dataSub =0
V/MSimPhoneGlobals( 2595): Action intent recieved:android.intent.action.SERVICE_STATE
D/NotificationMgr( 2595): updateNetworkSelection()...state = 1 new network 
D/KeyguardUpdateMonitor( 2375): ACTION_SERVICE_STATE_CHANGED on sub: 0 showSpn:false showPlmn:true mServiceState: 1 1 home null null null  Unknown Unknown CSS not supported -1 -1 RoamInd=-1 DefRoamInd=-1 EmergOnly=true
D/KeyguardUpdateMonitor( 2375): Received SPN update on sub :0
D/TelephonyIcons( 2375): updateDataType sub=0, type=0, inetCondition=0 showAtLeast3G=false show4GforLte=true hspaDistinguishable=false
D/TelephonyIcons( 2375): data type item name: array/telephony_data_type_sim1
D/TelephonyIcons( 2375): data type item id: 2131099655
D/TelephonyIcons( 2375): updateDataType mSelectedDataTypeIcon[0]=0, mSelectedDataActivityIndex=0
D/TelephonyIcons( 2375): null signal icon name: drawable/stat_sys_signal_null
D/StatusBar.MSimNetworkController( 2375): updateTelephonySignalStrength: subscription =0
D/audio_hw_primary(  224): out_standby: enter: stream (0xb7fa76a8) usecase(1: low-latency-playback)
D/hardware_info(  224): hw_info_append_hw_type : device_name = speaker
E/CABL    ( 3190): Failed to connect to daemon socket
W/System.err( 3190): java.io.IOException: No such file or directory
W/System.err( 3190): 	at android.net.LocalSocketImpl.connectLocal(Native Method)
W/System.err( 3190): 	at android.net.LocalSocketImpl.connect(LocalSocketImpl.java:290)
W/System.err( 3190): 	at android.net.LocalSocket.connect(LocalSocket.java:130)
W/System.err( 3190): 	at com.qualcomm.cabl.CABLDaemonConnector.listenToSocket(CABLDaemonConnector.java:58)
W/System.err( 3190): 	at com.qualcomm.cabl.CABLDaemonConnector.run(CABLDaemonConnector.java:42)
W/System.err( 3190): 	at java.lang.Thread.run(Thread.java:841)
E/CABL    ( 3190): Closing the socket!
D/PPDaemon( 4072): CABL version 2.0.20140905
D/PPDaemon( 4072): isHDMIPrimary: HDMI is not primary display
E/PPDaemon( 4072): Unable to open fb type file  err:  No such file or directory
E/PPDaemon( 4072): Unable to open fb type file  err:  No such file or directory
E/PPDaemon( 4072): void openPrimaryFrameBuffer(DaemonContext&): Cannot locate the primary framebuffer
D/VM_BMS  (  433): wake_lock acquired
D/VM_BMS  (  433): New BMS data - Size=56
D/VM_BMS  (  433): Start process_bms_data
D/VM_BMS  (  433): For batt_temp=296 fcc_mah=2015
D/VM_BMS  (  433): For ocv=3811222 batt_temp=296 soc=53
D/VM_BMS  (  433): fifo_count=5 acc_count=0
D/VM_BMS  (  433): INIT: ocv=3811222 last_ocv=3811222 batt_temp=296 soc=53
D/VM_BMS  (  433): For soc=53 batt_temp=296 slope=4000
D/VM_BMS  (  433): For soc=53 batt_temp=296 rbatt_sf=98
D/VM_BMS  (  433): rbatt_mohm_default=158, rbatt_mohm=154, sf=98 batt_temp=296
D/VM_BMS  (  433): For ocv=3811369 batt_temp=296 soc=53
D/VM_BMS  (  433): FIFO=0 fifo_avg=3.872137 rbatt=0.204000 slope=0.400000 ibatt=-0.298242 ocv=3.811369 soc=53 fcc_ah=2.015000 sample_count=128 sample_interval=70 seq_num=2
D/VM_BMS  (  433): For soc=53 batt_temp=296 slope=4000
D/VM_BMS  (  433): For soc=53 batt_temp=296 rbatt_sf=98
D/VM_BMS  (  433): rbatt_mohm_default=158, rbatt_mohm=154, sf=98 batt_temp=296
D/VM_BMS  (  433): For ocv=3811507 batt_temp=296 soc=53
D/VM_BMS  (  433): FIFO=1 fifo_avg=3.868621 rbatt=0.204000 slope=0.400000 ibatt=-0.280308 ocv=3.811507 soc=53 fcc_ah=2.015000 sample_count=128 sample_interval=70 seq_num=2
D/VM_BMS  (  433): For soc=53 batt_temp=296 slope=4000
D/VM_BMS  (  433): For soc=53 batt_temp=296 rbatt_sf=98
D/VM_BMS  (  433): rbatt_mohm_default=158, rbatt_mohm=154, sf=98 batt_temp=296
D/VM_BMS  (  433): For ocv=3811640 batt_temp=296 soc=53
D/VM_BMS  (  433): FIFO=2 fifo_avg=3.866844 rbatt=0.204000 slope=0.400000 ibatt=-0.270931 ocv=3.811641 soc=53 fcc_ah=2.015000 sample_count=128 sample_interval=70 seq_num=2
D/VM_BMS  (  433): For soc=53 batt_temp=296 slope=4000
D/VM_BMS  (  433): For soc=53 batt_temp=296 rbatt_sf=98
D/VM_BMS  (  433): rbatt_mohm_default=158, rbatt_mohm=154, sf=98 batt_temp=296
D/VM_BMS  (  433): For ocv=3811790 batt_temp=296 soc=53
D/VM_BMS  (  433): FIFO=3 fifo_avg=3.873629 rbatt=0.204000 slope=0.400000 ibatt=-0.303500 ocv=3.811790 soc=53 fcc_ah=2.015000 sample_count=128 sample_interval=70 seq_num=2
D/VM_BMS  (  433): For soc=53 batt_temp=296 slope=4000
D/VM_BMS  (  433): For soc=53 batt_temp=296 rbatt_sf=98
D/VM_BMS  (  433): rbatt_mohm_default=158, rbatt_mohm=154, sf=98 batt_temp=296
D/VM_BMS  (  433): For ocv=3811921 batt_temp=296 soc=53
D/VM_BMS  (  433): FIFO=4 fifo_avg=3.865968 rbatt=0.204000 slope=0.400000 ibatt=-0.265257 ocv=3.811921 soc=53 fcc_ah=2.015000 sample_count=128 sample_interval=70 seq_num=2
I/VM_BMS  (  433): power_supply_update: ocv_uv=3811921 ibatt=-265257 soc=53 seq_num=2
D/VM_BMS  (  433): End process_bms_data
D/VM_BMS  (  433): wake_lock released
E/LocSvc_libulp(  756): I/===> int ulp_msg_process_system_update(UlpSystemEvent) line 1460 
E/LocSvc_libulp(  756): I/int ulp_msg_process_system_update(UlpSystemEvent): systemEvent:5 
E/LocSvc_libulp(  756): I/===> int ulp_brain_process_system_update(UlpSystemEvent) line 2345 
E/LocSvc_libulp(  756): I/===> int ulp_brain_select_providers() line 333 
E/LocSvc_libulp(  756): I/===> int ulp_brain_turn_onoff_quipc_provider() line 700 
E/LocSvc_libulp(  756): I/===> int ulp_quipc_stop_engine() line 238 
E/LocSvc_libulp(  756): I/===> bool ulp_quipc_engine_running() line 63 
E/LocSvc_libulp(  756): I/===> int ulp_brain_turn_onoff_gnss_provider() line 595 
E/LocSvc_libulp(  756): I/===> int ulp_gnss_stop_engine() line 262 
E/LocSvc_libulp(  756): I/===> bool ulp_quipc_engine_running() line 63 
E/LocSvc_libulp(  756): I/===> int ulp_brain_turn_onoff_gnp_provider() line 496 
E/LocSvc_libulp(  756): I/===> bool ulp_gnp_engine_running() line 59 
E/LocSvc_libulp(  756): I/===> int ulp_gnp_stop_engine() line 195 
E/LocSvc_libulp(  756): I/===> bool ulp_gnp_engine_running() line 59 
E/LocSvc_libulp(  756): I/===> bool ulp_gnp_engine_running() line 59 
E/LocSvc_libulp(  756): I/===> int ulp_brain_turn_onoff_zpp_provider() line 437 
E/LocSvc_libulp(  756): I/===> int ulp_zpp_start_engine() line 98 
E/LocSvc_libulp(  756): I/===> bool ulp_zpp_engine_running() line 62 
E/LocSvc_libulp(  756): I/===> int ulp_msg_process_start_req() line 452 
E/LocSvc_libulp(  756): I/int ulp_msg_process_start_req(), at ulp state = 1
E/LocSvc_api_v02(  756): I/---> locClientSendReq line 2426 QMI_LOC_GET_BEST_AVAILABLE_POSITION_REQ_V02
E/LocSvc_ApiV02(  756): I/<--- void globalRespCb(locClientHandleType, uint32_t, locClientRespIndUnionType, void*) line 106 QMI_LOC_GET_BEST_AVAILABLE_POSITION_REQ_V02
E/LocSvc_libulp(  756): I/===> int ulp_brain_process_zpp_position_report(loc_sess_status, LocPosTechMask, const UlpLocation*) line 1458 
E/LocSvc_libulp(  756): I/===> int ulp_msg_send_generic_position_report(loc_sess_status, LocPosTechMask, const UlpLocation*, const GpsLocationExtended*, const void*) line 1016 
D/Ulp_jni (  756): Location CB invoked
E/LocSvc_libulp(  756): I/int ulp_brain_process_zpp_position_report(loc_sess_status, LocPosTechMask, const UlpLocation*), report ZPP position to providers,report_position = 1
E/LocSvc_libulp(  756): I/===> int ulp_brain_select_providers() line 333 
E/LocSvc_libulp(  756): I/===> int ulp_brain_turn_onoff_quipc_provider() line 700 
E/LocSvc_libulp(  756): I/===> int ulp_quipc_stop_engine() line 238 
E/LocSvc_libulp(  756): I/===> bool ulp_quipc_engine_running() line 63 
E/LocSvc_libulp(  756): I/===> int ulp_brain_turn_onoff_gnss_provider() line 595 
E/LocSvc_libulp(  756): I/===> int ulp_gnss_stop_engine() line 262 
E/LocSvc_libulp(  756): I/===> bool ulp_quipc_engine_running() line 63 
E/LocSvc_libulp(  756): I/===> int ulp_brain_turn_onoff_gnp_provider() line 496 
E/LocSvc_libulp(  756): I/===> bool ulp_gnp_engine_running() line 59 
E/LocSvc_libulp(  756): I/===> int ulp_gnp_stop_engine() line 195 
E/LocSvc_libulp(  756): I/===> bool ulp_gnp_engine_running() line 59 
E/LocSvc_libulp(  756): I/===> bool ulp_gnp_engine_running() line 59 
E/LocSvc_libulp(  756): I/===> int ulp_brain_turn_onoff_zpp_provider() line 437 
E/LocSvc_libulp(  756): I/===> int ulp_zpp_stop_engine() line 174 
E/LocSvc_libulp(  756): I/===> bool ulp_zpp_engine_running() line 62 
E/CABL    ( 3190): Failed to connect to daemon socket
W/System.err( 3190): java.io.IOException: No such file or directory
W/System.err( 3190): 	at android.net.LocalSocketImpl.connectLocal(Native Method)
W/System.err( 3190): 	at android.net.LocalSocketImpl.connect(LocalSocketImpl.java:290)
W/System.err( 3190): 	at android.net.LocalSocket.connect(LocalSocket.java:130)
W/System.err( 3190): 	at com.qualcomm.cabl.CABLDaemonConnector.listenToSocket(CABLDaemonConnector.java:58)
W/System.err( 3190): 	at com.qualcomm.cabl.CABLDaemonConnector.run(CABLDaemonConnector.java:42)
W/System.err( 3190): 	at java.lang.Thread.run(Thread.java:841)
E/CABL    ( 3190): Closing the socket!
D/PPDaemon( 4074): CABL version 2.0.20140905
D/PPDaemon( 4074): isHDMIPrimary: HDMI is not primary display
E/PPDaemon( 4074): Unable to open fb type file  err:  No such file or directory
E/PPDaemon( 4074): Unable to open fb type file  err:  No such file or directory
E/PPDaemon( 4074): void openPrimaryFrameBuffer(DaemonContext&): Cannot locate the primary framebuffer
D/StorageMeasurement( 3410): getDirectorySize(/storage/emulated/0/Android) returned 77824
D/StorageMeasurement( 3410): getDirectorySize(/storage/emulated/0/Podcasts) returned 8192
D/StorageMeasurement( 3410): getDirectorySize(/storage/emulated/0/DCIM) returned 20480
D/StorageMeasurement( 3410): getDirectorySize(/storage/emulated/0) returned 376832
D/StorageMeasurement( 3410): getDirectorySize(/storage/emulated/0/Ringtones) returned 8192
D/StorageMeasurement( 3410): getDirectorySize(/storage/emulated/0/Movies) returned 8192
D/StorageMeasurement( 3410): getDirectorySize(/storage/emulated/0/Alarms) returned 8192
D/StorageMeasurement( 3410): getDirectorySize(/storage/emulated/0/Music) returned 8192
D/StorageMeasurement( 3410): getDirectorySize(/storage/emulated/0/Notifications) returned 8192
D/StorageMeasurement( 3410): getDirectorySize(/storage/emulated/0/Pictures) returned 8192
D/StorageMeasurement( 3410): getDirectorySize(/storage/emulated/0/Download) returned 8192
D/StorageMeasurement( 3410): getDirectorySize(/data/media/0/dlt) returned 159744
D/StorageMeasurement( 3410): getDirectorySize(/storage/emulated/0) returned 376832
D/dalvikvm( 3410): GC_CONCURRENT freed 287K, 13% free 4318K/4920K, paused 2ms+3ms, total 32ms
D/MousePointer( 2781):  TYPE_WINDOW_STATE_CHANGED com.android.settings
D/dalvikvm( 3938): GC_CONCURRENT freed 403K, 22% free 2800K/3572K, paused 3ms+1ms, total 22ms
I/Timeline( 3410): Timeline: Activity_idle id: android.os.BinderProxy@419d4280 time:148609
I/Timeline(  756): Timeline: Activity_windows_visible id: ActivityRecord{41b6ed70 u0 com.android.settings/.SubSettings t4} time:148897
D/dalvikvm(  756): GC_CONCURRENT freed 1197K, 19% free 6598K/8100K, paused 4ms+4ms, total 52ms
D/dalvikvm( 3938): GC_CONCURRENT freed 405K, 22% free 2798K/3572K, paused 1ms+1ms, total 16ms
D/dalvikvm(  756): GC_CONCURRENT freed 891K, 19% free 6562K/8100K, paused 3ms+4ms, total 42ms
D/dalvikvm( 3938): GC_CONCURRENT freed 406K, 22% free 2798K/3572K, paused 1ms+1ms, total 11ms
W/Settings( 3410): Setting airplane_mode_on has moved from android.provider.Settings.System to android.provider.Settings.Global, returning read-only value.
D/BluetoothAdapter( 3410): 1099971136: getState() :  mService = null. Returning STATE_OFF
W/Settings( 3410): Setting airplane_mode_on has moved from android.provider.Settings.System to android.provider.Settings.Global, returning read-only value.
I/Lte4GEnabler( 3410): get preferred network type=0
W/Settings( 3410): Setting airplane_mode_on has moved from android.provider.Settings.System to android.provider.Settings.Global, returning read-only value.
W/ResourceType( 3410): No package identifier when getting value for resource number 0x00000000
I/Timeline( 3410): Timeline: Activity_idle id: android.os.BinderProxy@41a6f3c8 time:149850
D/MousePointer( 2781):  TYPE_WINDOW_STATE_CHANGED com.android.settings
D/dalvikvm(  756): GC_CONCURRENT freed 853K, 20% free 6553K/8100K, paused 3ms+4ms, total 48ms
I/Timeline(  756): Timeline: Activity_windows_visible id: ActivityRecord{41bdb540 u0 com.android.settings/.Settings t4} time:150246
D/dalvikvm( 3410): GC_EXPLICIT freed 518K, 20% free 4003K/4956K, paused 3ms+3ms, total 33ms
D/AudioPolicyManager(  224):  getOutput() device 2, stream 1, samplingRate 0, format 0, channelMask 3, flags 0 
D/AudioPolicyManager(  224): getOutput() returns output 2
D/AudioPolicyManager(  224):  getOutput() device 2, stream 1, samplingRate 0, format 0, channelMask 3, flags 0 
D/AudioPolicyManager(  224): getOutput() returns output 2
D/AudioPolicyManager(  224):  getOutput() device 2, stream 1, samplingRate 48000, format 1, channelMask 3, flags 4 
D/AudioPolicyManager(  224): getOutput() returns output 3
D/AudioFlinger(  224): start(4101), calling pid 756 session 88
D/AudioFlinger(  224): ? => ACTIVE (4101) on thread 0xb7fe0118
D/AudioPolicyManagerBase(  224): startOutput() output 3, stream 1, session 88
I/Timeline( 3410): Timeline: Activity_launch_request id:com.android.settings time:150705
I/ActivityManager(  756): START u0 {act=android.intent.action.MAIN cmp=com.android.settings/.SubSettings (has extras)} from pid 3410
D/audio_hw_primary(  224): start_output_stream: enter: stream(0xb7fa76a8)usecase(1: low-latency-playback) devices(0x2)
D/audio_hw_primary(  224): select_devices: out_snd_device(2: speaker) in_snd_device(0: )
D/hardware_info(  224): hw_info_append_hw_type : device_name = speaker
D/ACDB-LOADER(  224): ACDB -> send_audio_cal, acdb_id = 14, path =  0
D/ACDB-LOADER(  224): ACDB -> send_asm_topology
D/ACDB-LOADER(  224): ACDB -> ACDB_CMD_GET_AUDPROC_STREAM_TOPOLOGY_ID
D/ACDB-LOADER(  224): ACDB -> send_adm_topology
D/ACDB-LOADER(  224): ACDB -> ACDB_CMD_GET_AUDPROC_COMMON_TOPOLOGY_ID
D/ACDB-LOADER(  224): ACDB -> send_audtable
D/ACDB-LOADER(  224): ACDB -> ACDB_CMD_GET_AUDPROC_COMMON_TABLE
D/ACDB-LOADER(  224): ACDB -> AUDIO_SET_AUDPROC_CAL
D/ACDB-LOADER(  224): ACDB -> send_audvoltable
D/ACDB-LOADER(  224): ACDB -> ACDB_CMD_GET_AUDPROC_GAIN_DEP_STEP_TABLE
D/ACDB-LOADER(  224): ACDB -> AUDIO_SET_AUDPROC_VOL_CAL
D/ACDB-LOADER(  224): ACDB -> send_afe_cal
D/ACDB-LOADER(  224): ACDB -> ACDB_CMD_GET_AFE_COMMON_TABLE
D/ACDB-LOADER(  224): ACDB -> AUDIO_SET_AFE_CAL
D/ACDB-LOADER(  224): ACDB -> send_hw_delay : acdb_id = 14 path = 0
D/ACDB-LOADER(  224): ACDB -> ACDB_AVSYNC_INFO: ACDB_CMD_GET_DEVICE_PROPERTY
D/audio_hw_primary(  224): select_devices: done
D/ACDB-LOADER(  224): ACDB -> send_audio_cal, acdb_id = 14, path =  0
D/ACDB-LOADER(  224): ACDB -> send_asm_topology
D/ACDB-LOADER(  224): ACDB -> ACDB_CMD_GET_AUDPROC_STREAM_TOPOLOGY_ID
D/ACDB-LOADER(  224): ACDB -> send_adm_topology
D/ACDB-LOADER(  224): ACDB -> ACDB_CMD_GET_AUDPROC_COMMON_TOPOLOGY_ID
D/ACDB-LOADER(  224): ACDB -> send_audtable
D/ACDB-LOADER(  224): ACDB -> ACDB_CMD_GET_AUDPROC_COMMON_TABLE
D/ACDB-LOADER(  224): ACDB -> AUDIO_SET_AUDPROC_CAL
D/ACDB-LOADER(  224): ACDB -> send_audvoltable
D/ACDB-LOADER(  224): ACDB -> ACDB_CMD_GET_AUDPROC_GAIN_DEP_STEP_TABLE
D/ACDB-LOADER(  224): ACDB -> AUDIO_SET_AUDPROC_VOL_CAL
D/ACDB-LOADER(  224): ACDB -> send_afe_cal
D/ACDB-LOADER(  224): ACDB -> ACDB_CMD_GET_AFE_COMMON_TABLE
D/ACDB-LOADER(  224): ACDB -> AUDIO_SET_AFE_CAL
D/ACDB-LOADER(  224): ACDB -> send_hw_delay : acdb_id = 14 path = 0
D/ACDB-LOADER(  224): ACDB -> ACDB_AVSYNC_INFO: ACDB_CMD_GET_DEVICE_PROPERTY
D/SubSettings( 3410): Launching fragment com.android.settings.deviceinfo.Memory
I/MemorySettings( 3410): Hardware has UICC disabled
I/MemorySettings( 3410): Hardware has UICC disabled
W/MemorySettings( 3410): Hiding UICC volume on UI : /storage/uicc0
I/MemorySettings( 3410): Hardware has UICC disabled
W/MemorySettings( 3410): Hiding UICC volume on UI : /storage/uicc1
I/MemorySettings( 3410): Hardware has UICC disabled
W/MemorySettings( 3410): Hiding OTG volume on UI : /storage/usbotg
D/StorageMeasurement( 3410): getDirectorySize(/storage/emulated/0/Android) returned 77824
D/StorageMeasurement( 3410): getDirectorySize(/storage/emulated/0/Podcasts) returned 8192
D/StorageMeasurement( 3410): getDirectorySize(/storage/emulated/0/DCIM) returned 20480
D/StorageMeasurement( 3410): getDirectorySize(/storage/emulated/0/Ringtones) returned 8192
D/StorageMeasurement( 3410): getDirectorySize(/storage/emulated/0/Movies) returned 8192
D/StorageMeasurement( 3410): getDirectorySize(/storage/emulated/0/Alarms) returned 8192
D/StorageMeasurement( 3410): getDirectorySize(/storage/emulated/0/Music) returned 8192
D/StorageMeasurement( 3410): getDirectorySize(/storage/emulated/0/Notifications) returned 8192
D/StorageMeasurement( 3410): getDirectorySize(/storage/emulated/0/Pictures) returned 8192
D/StorageMeasurement( 3410): getDirectorySize(/storage/emulated/0/Download) returned 8192
D/StorageMeasurement( 3410): getDirectorySize(/data/media/0/dlt) returned 159744
D/StorageMeasurement( 3410): getDirectorySize(/storage/emulated/0) returned 376832
D/MenuInflater( 3410): changed itemShowAsAction = 5
D/dalvikvm( 3410): GC_CONCURRENT freed 170K, 15% free 4256K/4956K, paused 3ms+6ms, total 33ms
D/StorageMeasurement( 3410): getDirectorySize(/storage/emulated/0) returned 376832
D/ActionMenuView( 3410): onLayout::nonOverflowCount= 1
I/ActivityManager(  756): Displayed com.android.settings/.SubSettings: +241ms
D/ActionMenuView( 3410): onLayout::nonOverflowCount= 1
I/Timeline( 3410): Timeline: Activity_idle id: android.os.BinderProxy@419c3a20 time:151045
D/MousePointer( 2781):  TYPE_WINDOW_STATE_CHANGED com.android.settings
D/dalvikvm( 3938): GC_CONCURRENT freed 404K, 22% free 2800K/3572K, paused 2ms+1ms, total 13ms
I/Timeline(  756): Timeline: Activity_windows_visible id: ActivityRecord{41be87b8 u0 com.android.settings/.SubSettings t4} time:151339
D/dalvikvm(  756): GC_CONCURRENT freed 816K, 19% free 6587K/8100K, paused 3ms+5ms, total 49ms
D/dalvikvm( 3938): GC_CONCURRENT freed 404K, 22% free 2800K/3572K, paused 1ms+2ms, total 13ms
D/dalvikvm(  756): GC_CONCURRENT freed 887K, 20% free 6559K/8100K, paused 3ms+4ms, total 46ms
D/dalvikvm( 3938): GC_CONCURRENT freed 405K, 22% free 2799K/3572K, paused 1ms+1ms, total 12ms
E/CABL    ( 3190): Failed to connect to daemon socket
W/System.err( 3190): java.io.IOException: No such file or directory
W/System.err( 3190): 	at android.net.LocalSocketImpl.connectLocal(Native Method)
W/System.err( 3190): 	at android.net.LocalSocketImpl.connect(LocalSocketImpl.java:290)
W/System.err( 3190): 	at android.net.LocalSocket.connect(LocalSocket.java:130)
W/System.err( 3190): 	at com.qualcomm.cabl.CABLDaemonConnector.listenToSocket(CABLDaemonConnector.java:58)
W/System.err( 3190): 	at com.qualcomm.cabl.CABLDaemonConnector.run(CABLDaemonConnector.java:42)
W/System.err( 3190): 	at java.lang.Thread.run(Thread.java:841)
E/CABL    ( 3190): Closing the socket!
D/PPDaemon( 4087): CABL version 2.0.20140905
D/PPDaemon( 4087): isHDMIPrimary: HDMI is not primary display
E/PPDaemon( 4087): Unable to open fb type file  err:  No such file or directory
E/PPDaemon( 4087): Unable to open fb type file  err:  No such file or directory
E/PPDaemon( 4087): void openPrimaryFrameBuffer(DaemonContext&): Cannot locate the primary framebuffer
D/audio_hw_primary(  224): out_standby: enter: stream (0xb7fa76a8) usecase(1: low-latency-playback)
D/hardware_info(  224): hw_info_append_hw_type : device_name = speaker
I/Timeline( 3410): Timeline: Activity_launch_request id:com.android.settings time:154760
D/AudioPolicyManager(  224):  getOutput() device 2, stream 1, samplingRate 0, format 0, channelMask 3, flags 0 
D/AudioPolicyManager(  224): getOutput() returns output 2
D/AudioPolicyManager(  224):  getOutput() device 2, stream 1, samplingRate 0, format 0, channelMask 3, flags 0 
D/AudioPolicyManager(  224): getOutput() returns output 2
D/AudioPolicyManager(  224):  getOutput() device 2, stream 1, samplingRate 48000, format 1, channelMask 3, flags 4 
D/AudioPolicyManager(  224): getOutput() returns output 3
I/ActivityManager(  756): START u0 {act=android.intent.action.MAIN cmp=com.android.settings/.SubSettings (has extras)} from pid 3410
D/AudioFlinger(  224): start(4098), calling pid 756 session 89
D/AudioFlinger(  224): ? => ACTIVE (4098) on thread 0xb7fdfad0
D/AudioPolicyManagerBase(  224): startOutput() output 3, stream 1, session 89
D/ActionMenuView( 3410): onLayout::nonOverflowCount= 1
D/audio_hw_primary(  224): start_output_stream: enter: stream(0xb7fa76a8)usecase(1: low-latency-playback) devices(0x2)
D/audio_hw_primary(  224): select_devices: out_snd_device(2: speaker) in_snd_device(0: )
D/hardware_info(  224): hw_info_append_hw_type : device_name = speaker
D/ACDB-LOADER(  224): ACDB -> send_audio_cal, acdb_id = 14, path =  0
D/ACDB-LOADER(  224): ACDB -> send_asm_topology
D/ACDB-LOADER(  224): ACDB -> ACDB_CMD_GET_AUDPROC_STREAM_TOPOLOGY_ID
D/ACDB-LOADER(  224): ACDB -> send_adm_topology
D/ACDB-LOADER(  224): ACDB -> ACDB_CMD_GET_AUDPROC_COMMON_TOPOLOGY_ID
D/ACDB-LOADER(  224): ACDB -> send_audtable
D/ACDB-LOADER(  224): ACDB -> ACDB_CMD_GET_AUDPROC_COMMON_TABLE
D/ACDB-LOADER(  224): ACDB -> AUDIO_SET_AUDPROC_CAL
D/ACDB-LOADER(  224): ACDB -> send_audvoltable
D/ACDB-LOADER(  224): ACDB -> ACDB_CMD_GET_AUDPROC_GAIN_DEP_STEP_TABLE
D/ACDB-LOADER(  224): ACDB -> AUDIO_SET_AUDPROC_VOL_CAL
D/ACDB-LOADER(  224): ACDB -> send_afe_cal
D/ACDB-LOADER(  224): ACDB -> ACDB_CMD_GET_AFE_COMMON_TABLE
D/ACDB-LOADER(  224): ACDB -> AUDIO_SET_AFE_CAL
D/ACDB-LOADER(  224): ACDB -> send_hw_delay : acdb_id = 14 path = 0
D/ACDB-LOADER(  224): ACDB -> ACDB_AVSYNC_INFO: ACDB_CMD_GET_DEVICE_PROPERTY
D/audio_hw_primary(  224): select_devices: done
D/ACDB-LOADER(  224): ACDB -> send_audio_cal, acdb_id = 14, path =  0
D/ACDB-LOADER(  224): ACDB -> send_asm_topology
D/ACDB-LOADER(  224): ACDB -> ACDB_CMD_GET_AUDPROC_STREAM_TOPOLOGY_ID
D/ACDB-LOADER(  224): ACDB -> send_adm_topology
D/ACDB-LOADER(  224): ACDB -> ACDB_CMD_GET_AUDPROC_COMMON_TOPOLOGY_ID
D/ACDB-LOADER(  224): ACDB -> send_audtable
D/ACDB-LOADER(  224): ACDB -> ACDB_CMD_GET_AUDPROC_COMMON_TABLE
D/ACDB-LOADER(  224): ACDB -> AUDIO_SET_AUDPROC_CAL
D/ACDB-LOADER(  224): ACDB -> send_audvoltable
D/ACDB-LOADER(  224): ACDB -> ACDB_CMD_GET_AUDPROC_GAIN_DEP_STEP_TABLE
D/ACDB-LOADER(  224): ACDB -> AUDIO_SET_AUDPROC_VOL_CAL
D/ACDB-LOADER(  224): ACDB -> send_afe_cal
D/ACDB-LOADER(  224): ACDB -> ACDB_CMD_GET_AFE_COMMON_TABLE
D/ACDB-LOADER(  224): ACDB -> AUDIO_SET_AFE_CAL
D/ACDB-LOADER(  224): ACDB -> send_hw_delay : acdb_id = 14 path = 0
D/ACDB-LOADER(  224): ACDB -> ACDB_AVSYNC_INFO: ACDB_CMD_GET_DEVICE_PROPERTY
D/SubSettings( 3410): Launching fragment com.android.settings.deviceinfo.UsbSettings
E/UsbSettings( 3410): USB Normal Mode
E/UsbSettings( 3410): UsbAccessoryMode false
E/UsbSettings( 3410): USB Normal Mode
D/ActionMenuView( 3410): onLayout::nonOverflowCount= 1
I/ActivityManager(  756): Displayed com.android.settings/.SubSettings: +170ms
D/ActionMenuView( 3410): onLayout::nonOverflowCount= 1
I/Timeline( 3410): Timeline: Activity_idle id: android.os.BinderProxy@41a44308 time:155028
D/MousePointer( 2781):  TYPE_WINDOW_STATE_CHANGED com.android.settings
I/Timeline(  756): Timeline: Activity_windows_visible id: ActivityRecord{41c0f020 u0 com.android.settings/.SubSettings t4} time:155339
E/LocSvc_libulp(  756): I/===> int ulp_msg_process_system_update(UlpSystemEvent) line 1460 
E/LocSvc_libulp(  756): I/int ulp_msg_process_system_update(UlpSystemEvent): systemEvent:5 
E/LocSvc_libulp(  756): I/===> int ulp_brain_process_system_update(UlpSystemEvent) line 2345 
E/LocSvc_libulp(  756): I/===> int ulp_brain_select_providers() line 333 
E/LocSvc_libulp(  756): I/===> int ulp_brain_turn_onoff_quipc_provider() line 700 
E/LocSvc_libulp(  756): I/===> int ulp_quipc_stop_engine() line 238 
E/LocSvc_libulp(  756): I/===> bool ulp_quipc_engine_running() line 63 
E/LocSvc_libulp(  756): I/===> int ulp_brain_turn_onoff_gnss_provider() line 595 
E/LocSvc_libulp(  756): I/===> int ulp_gnss_stop_engine() line 262 
E/LocSvc_libulp(  756): I/===> bool ulp_quipc_engine_running() line 63 
E/LocSvc_libulp(  756): I/===> int ulp_brain_turn_onoff_gnp_provider() line 496 
E/LocSvc_libulp(  756): I/===> bool ulp_gnp_engine_running() line 59 
E/LocSvc_libulp(  756): I/===> int ulp_gnp_stop_engine() line 195 
E/LocSvc_libulp(  756): I/===> bool ulp_gnp_engine_running() line 59 
E/LocSvc_libulp(  756): I/===> bool ulp_gnp_engine_running() line 59 
E/LocSvc_libulp(  756): I/===> int ulp_brain_turn_onoff_zpp_provider() line 437 
E/LocSvc_libulp(  756): I/===> int ulp_zpp_start_engine() line 98 
E/LocSvc_libulp(  756): I/===> bool ulp_zpp_engine_running() line 62 
E/LocSvc_libulp(  756): I/===> int ulp_msg_process_start_req() line 452 
E/LocSvc_libulp(  756): I/int ulp_msg_process_start_req(), at ulp state = 1
E/LocSvc_api_v02(  756): I/---> locClientSendReq line 2426 QMI_LOC_GET_BEST_AVAILABLE_POSITION_REQ_V02
E/LocSvc_ApiV02(  756): I/<--- void globalRespCb(locClientHandleType, uint32_t, locClientRespIndUnionType, void*) line 106 QMI_LOC_GET_BEST_AVAILABLE_POSITION_REQ_V02
E/LocSvc_libulp(  756): I/===> int ulp_brain_process_zpp_position_report(loc_sess_status, LocPosTechMask, const UlpLocation*) line 1458 
E/LocSvc_libulp(  756): I/===> int ulp_msg_send_generic_position_report(loc_sess_status, LocPosTechMask, const UlpLocation*, const GpsLocationExtended*, const void*) line 1016 
D/Ulp_jni (  756): Location CB invoked
E/LocSvc_libulp(  756): I/int ulp_brain_process_zpp_position_report(loc_sess_status, LocPosTechMask, const UlpLocation*), report ZPP position to providers,report_position = 1
E/LocSvc_libulp(  756): I/===> int ulp_brain_select_providers() line 333 
E/LocSvc_libulp(  756): I/===> int ulp_brain_turn_onoff_quipc_provider() line 700 
E/LocSvc_libulp(  756): I/===> int ulp_quipc_stop_engine() line 238 
E/LocSvc_libulp(  756): I/===> bool ulp_quipc_engine_running() line 63 
E/LocSvc_libulp(  756): I/===> int ulp_brain_turn_onoff_gnss_provider() line 595 
E/LocSvc_libulp(  756): I/===> int ulp_gnss_stop_engine() line 262 
E/LocSvc_libulp(  756): I/===> bool ulp_quipc_engine_running() line 63 
E/LocSvc_libulp(  756): I/===> int ulp_brain_turn_onoff_gnp_provider() line 496 
E/LocSvc_libulp(  756): I/===> bool ulp_gnp_engine_running() line 59 
E/LocSvc_libulp(  756): I/===> int ulp_gnp_stop_engine() line 195 
E/LocSvc_libulp(  756): I/===> bool ulp_gnp_engine_running() line 59 
E/LocSvc_libulp(  756): I/===> bool ulp_gnp_engine_running() line 59 
E/LocSvc_libulp(  756): I/===> int ulp_brain_turn_onoff_zpp_provider() line 437 
E/LocSvc_libulp(  756): I/===> int ulp_zpp_stop_engine() line 174 
E/LocSvc_libulp(  756): I/===> bool ulp_zpp_engine_running() line 62 
D/audio_hw_primary(  224): out_standby: enter: stream (0xb7fa76a8) usecase(1: low-latency-playback)
D/hardware_info(  224): hw_info_append_hw_type : device_name = speaker
E/CABL    ( 3190): Failed to connect to daemon socket
W/System.err( 3190): java.io.IOException: No such file or directory
W/System.err( 3190): 	at android.net.LocalSocketImpl.connectLocal(Native Method)
W/System.err( 3190): 	at android.net.LocalSocketImpl.connect(LocalSocketImpl.java:290)
W/System.err( 3190): 	at android.net.LocalSocket.connect(LocalSocket.java:130)
W/System.err( 3190): 	at com.qualcomm.cabl.CABLDaemonConnector.listenToSocket(CABLDaemonConnector.java:58)
W/System.err( 3190): 	at com.qualcomm.cabl.CABLDaemonConnector.run(CABLDaemonConnector.java:42)
W/System.err( 3190): 	at java.lang.Thread.run(Thread.java:841)
E/CABL    ( 3190): Closing the socket!
D/PPDaemon( 4091): CABL version 2.0.20140905
D/PPDaemon( 4091): isHDMIPrimary: HDMI is not primary display
E/PPDaemon( 4091): Unable to open fb type file  err:  No such file or directory
E/PPDaemon( 4091): Unable to open fb type file  err:  No such file or directory
E/PPDaemon( 4091): void openPrimaryFrameBuffer(DaemonContext&): Cannot locate the primary framebuffer
D/dalvikvm( 3410): GC_CONCURRENT freed 334K, 14% free 4314K/5012K, paused 3ms+3ms, total 33ms
D/StorageMeasurement( 3410): getDirectorySize(/storage/emulated/0) returned 376832
D/StorageMeasurement( 3410): getDirectorySize(/storage/emulated/0/Android) returned 77824
D/StorageMeasurement( 3410): getDirectorySize(/storage/emulated/0/Podcasts) returned 8192
D/StorageMeasurement( 3410): getDirectorySize(/storage/emulated/0/DCIM) returned 20480
D/StorageMeasurement( 3410): getDirectorySize(/storage/emulated/0/Ringtones) returned 8192
D/StorageMeasurement( 3410): getDirectorySize(/storage/emulated/0/Movies) returned 8192
D/StorageMeasurement( 3410): getDirectorySize(/storage/emulated/0/Alarms) returned 8192
D/StorageMeasurement( 3410): getDirectorySize(/storage/emulated/0/Music) returned 8192
D/StorageMeasurement( 3410): getDirectorySize(/storage/emulated/0/Notifications) returned 8192
D/StorageMeasurement( 3410): getDirectorySize(/storage/emulated/0/Pictures) returned 8192
D/StorageMeasurement( 3410): getDirectorySize(/storage/emulated/0/Download) returned 8192
D/StorageMeasurement( 3410): getDirectorySize(/data/media/0/dlt) returned 159744
D/StorageMeasurement( 3410): getDirectorySize(/storage/emulated/0) returned 376832
D/MousePointer( 2781):  TYPE_WINDOW_STATE_CHANGED com.android.settings
