I/ActivityManager(  756): Start proc com.android.defcontainer for service com.android.defcontainer/.DefaultContainerService: pid=3938 uid=10005 gids={50005, 1028, 1015, 1023, 2001, 1035}
D/ActivityThread( 3938): handleBindApplication:com.android.defcontainer
D/ActivityThread( 3938): setTargetHeapUtilization:0.75
D/ActivityThread( 3938): setTargetHeapMinFree:524288
D/dalvikvm( 3410): GC_CONCURRENT freed 394K, 16% free 4086K/4832K, paused 7ms+3ms, total 25ms
D/MenuInflater( 3410): changed itemShowAsAction = 5
D/ActionMenuView( 3410): onLayout::nonOverflowCount= 1
I/ActivityManager(  756): Displayed com.android.settings/.SubSettings: +243ms
D/ActionMenuView( 3410): onLayout::nonOverflowCount= 1
D/StorageMeasurement( 3410): getDirectorySize(/storage/emulated/0) returned 376832
D/StorageMeasurement( 3410): getDirectorySize(/storage/emulated/0/Android) returned 77824
D/StorageMeasurement( 3410): getDirectorySize(/storage/emulated/0/Podcasts) returned 8192
D/StorageMeasurement( 3410): getDirectorySize(/storage/emulated/0/DCIM) returned 20480
D/StorageMeasurement( 3410): getDirectorySize(/storage/emulated/0/Ringtones) returned 8192
D/StorageMeasurement( 3410): getDirectorySize(/storage/emulated/0/Movies) returned 8192
D/StorageMeasurement( 3410): getDirectorySize(/storage/emulated/0/Alarms) returned 8192
D/StorageMeasurement( 3410): getDirectorySize(/storage/emulated/0/Music) returned 8192
D/StorageMeasurement( 3410): getDirectorySize(/storage/emulated/0/Notifications) returned 8192
D/StorageMeasurement( 3410): getDirectorySize(/storage/emulated/0/Pictures) returned 8192
D/StorageMeasurement( 3410): getDirectorySize(/storage/emulated/0/Download) returned 8192
D/StorageMeasurement( 3410): getDirectorySize(/data/media/0/dlt) returned 159744
D/StorageMeasurement( 3410): getDirectorySize(/storage/emulated/0) returned 376832
I/Timeline( 3410): Timeline: Activity_idle id: android.os.BinderProxy@419d4280 time:123037
D/PPDaemon( 3955): CABL version 2.0.20140905
E/CABL    ( 3190): Failed to connect to daemon socket
W/System.err( 3190): java.io.IOException: Connection refused
W/System.err( 3190): 	at android.net.LocalSocketImpl.connectLocal(Native Method)
W/System.err( 3190): 	at android.net.LocalSocketImpl.connect(LocalSocketImpl.java:290)
W/System.err( 3190): 	at android.net.LocalSocket.connect(LocalSocket.java:130)
W/System.err( 3190): 	at com.qualcomm.cabl.CABLDaemonConnector.listenToSocket(CABLDaemonConnector.java:58)
W/System.err( 3190): 	at com.qualcomm.cabl.CABLDaemonConnector.run(CABLDaemonConnector.java:42)
W/System.err( 3190): 	at java.lang.Thread.run(Thread.java:841)
E/CABL    ( 3190): Closing the socket!
D/PPDaemon( 3955): isHDMIPrimary: HDMI is not primary display
E/PPDaemon( 3955): Unable to open fb type file  err:  No such file or directory
E/PPDaemon( 3955): Unable to open fb type file  err:  No such file or directory
E/PPDaemon( 3955): void openPrimaryFrameBuffer(DaemonContext&): Cannot locate the primary framebuffer
D/MousePointer( 2781):  TYPE_WINDOW_STATE_CHANGED com.android.settings
I/Timeline(  756): Timeline: Activity_windows_visible id: ActivityRecord{41b6ed70 u0 com.android.settings/.SubSettings t4} time:123347
E/LocSvc_libulp(  756): I/===> int ulp_msg_process_system_update(UlpSystemEvent) line 1460 
E/LocSvc_libulp(  756): I/int ulp_msg_process_system_update(UlpSystemEvent): systemEvent:5 
E/LocSvc_libulp(  756): I/===> int ulp_brain_process_system_update(UlpSystemEvent) line 2345 
E/LocSvc_libulp(  756): I/===> int ulp_brain_select_providers() line 333 
E/LocSvc_libulp(  756): I/===> int ulp_brain_turn_onoff_quipc_provider() line 700 
E/LocSvc_libulp(  756): I/===> int ulp_quipc_stop_engine() line 238 
E/LocSvc_libulp(  756): I/===> bool ulp_quipc_engine_running() line 63 
E/LocSvc_libulp(  756): I/===> int ulp_brain_turn_onoff_gnss_provider() line 595 
E/LocSvc_libulp(  756): I/===> int ulp_gnss_stop_engine() line 262 
E/LocSvc_libulp(  756): I/===> bool ulp_quipc_engine_running() line 63 
E/LocSvc_libulp(  756): I/===> int ulp_brain_turn_onoff_gnp_provider() line 496 
E/LocSvc_libulp(  756): I/===> bool ulp_gnp_engine_running() line 59 
E/LocSvc_libulp(  756): I/===> int ulp_gnp_stop_engine() line 195 
E/LocSvc_libulp(  756): I/===> bool ulp_gnp_engine_running() line 59 
E/LocSvc_libulp(  756): I/===> bool ulp_gnp_engine_running() line 59 
E/LocSvc_libulp(  756): I/===> int ulp_brain_turn_onoff_zpp_provider() line 437 
E/LocSvc_libulp(  756): I/===> int ulp_zpp_start_engine() line 98 
E/LocSvc_libulp(  756): I/===> bool ulp_zpp_engine_running() line 62 
E/LocSvc_libulp(  756): I/===> int ulp_msg_process_start_req() line 452 
E/LocSvc_libulp(  756): I/int ulp_msg_process_start_req(), at ulp state = 1
E/LocSvc_api_v02(  756): I/---> locClientSendReq line 2426 QMI_LOC_GET_BEST_AVAILABLE_POSITION_REQ_V02
E/LocSvc_ApiV02(  756): I/<--- void globalRespCb(locClientHandleType, uint32_t, locClientRespIndUnionType, void*) line 106 QMI_LOC_GET_BEST_AVAILABLE_POSITION_REQ_V02
E/LocSvc_libulp(  756): I/===> int ulp_brain_process_zpp_position_report(loc_sess_status, LocPosTechMask, const UlpLocation*) line 1458 
E/LocSvc_libulp(  756): I/int ulp_brain_process_zpp_position_report(loc_sess_status, LocPosTechMask, const UlpLocation*), report ZPP position to providers,report_position = 0
E/LocSvc_libulp(  756): I/===> int ulp_brain_select_providers() line 333 
E/LocSvc_libulp(  756): I/===> int ulp_brain_turn_onoff_quipc_provider() line 700 
E/LocSvc_libulp(  756): I/===> int ulp_quipc_stop_engine() line 238 
E/LocSvc_libulp(  756): I/===> bool ulp_quipc_engine_running() line 63 
E/LocSvc_libulp(  756): I/===> int ulp_brain_turn_onoff_gnss_provider() line 595 
E/LocSvc_libulp(  756): I/===> int ulp_gnss_stop_engine() line 262 
E/LocSvc_libulp(  756): I/===> bool ulp_quipc_engine_running() line 63 
E/LocSvc_libulp(  756): I/===> int ulp_brain_turn_onoff_gnp_provider() line 496 
E/LocSvc_libulp(  756): I/===> bool ulp_gnp_engine_running() line 59 
E/LocSvc_libulp(  756): I/===> int ulp_gnp_stop_engine() line 195 
E/LocSvc_libulp(  756): I/===> bool ulp_gnp_engine_running() line 59 
E/LocSvc_libulp(  756): I/===> bool ulp_gnp_engine_running() line 59 
E/LocSvc_libulp(  756): I/===> int ulp_brain_turn_onoff_zpp_provider() line 437 
E/LocSvc_libulp(  756): I/===> int ulp_zpp_stop_engine() line 174 
E/LocSvc_libulp(  756): I/===> bool ulp_zpp_engine_running() line 62 
D/dalvikvm(  756): GC_CONCURRENT freed 870K, 18% free 6572K/7940K, paused 2ms+4ms, total 43ms
D/dalvikvm( 3938): GC_CONCURRENT freed 386K, 22% free 2798K/3572K, paused 1ms+1ms, total 14ms
D/AudioPolicyManager(  224):  getOutput() device 2, stream 1, samplingRate 0, format 0, channelMask 3, flags 0 
D/AudioPolicyManager(  224): getOutput() returns output 2
D/AudioPolicyManager(  224):  getOutput() device 2, stream 1, samplingRate 0, format 0, channelMask 3, flags 0 
D/AudioPolicyManager(  224): getOutput() returns output 2
D/AudioPolicyManager(  224):  getOutput() device 2, stream 1, samplingRate 48000, format 1, channelMask 3, flags 4 
D/AudioPolicyManager(  224): getOutput() returns output 3
D/AudioFlinger(  224): start(4100), calling pid 756 session 78
D/AudioFlinger(  224): ? => ACTIVE (4100) on thread 0xb7fdfbe8
D/AudioPolicyManagerBase(  224): startOutput() output 3, stream 1, session 78
D/dalvikvm(  756): GC_CONCURRENT freed 895K, 18% free 6541K/7940K, paused 3ms+4ms, total 48ms
D/dalvikvm( 3938): GC_CONCURRENT freed 407K, 22% free 2797K/3572K, paused 1ms+1ms, total 13ms
D/AudioPolicyManager(  224):  getOutput() device 2, stream 1, samplingRate 0, format 0, channelMask 3, flags 0 
D/AudioPolicyManager(  224): getOutput() returns output 2
D/AudioPolicyManager(  224):  getOutput() device 2, stream 1, samplingRate 0, format 0, channelMask 3, flags 0 
D/AudioPolicyManager(  224): getOutput() returns output 2
D/AudioPolicyManager(  224):  getOutput() device 2, stream 1, samplingRate 48000, format 1, channelMask 3, flags 4 
D/AudioPolicyManager(  224): getOutput() returns output 3
D/AudioFlinger(  224): start(4098), calling pid 756 session 79
D/AudioFlinger(  224): ? => ACTIVE (4098) on thread 0xb7fe03f8
D/AudioPolicyManagerBase(  224): startOutput() output 3, stream 1, session 79
I/Timeline( 3410): Timeline: Activity_launch_request id:com.android.settings time:125421
D/AudioPolicyManager(  224):  getOutput() device 2, stream 1, samplingRate 0, format 0, channelMask 3, flags 0 
D/AudioPolicyManager(  224): getOutput() returns output 2
D/AudioPolicyManager(  224):  getOutput() device 2, stream 1, samplingRate 0, format 0, channelMask 3, flags 0 
D/AudioPolicyManager(  224): getOutput() returns output 2
I/ActivityManager(  756): START u0 {act=android.intent.action.MAIN cmp=com.android.settings/.SubSettings (has extras)} from pid 3410
D/AudioPolicyManager(  224):  getOutput() device 2, stream 1, samplingRate 48000, format 1, channelMask 3, flags 4 
D/AudioPolicyManager(  224): getOutput() returns output 3
D/AudioFlinger(  224): start(4101), calling pid 756 session 80
D/AudioFlinger(  224): ? => ACTIVE (4101) on thread 0xb7fe0118
D/AudioPolicyManagerBase(  224): startOutput() output 3, stream 1, session 80
D/ActionMenuView( 3410): onLayout::nonOverflowCount= 1
D/dalvikvm( 3410): GC_CONCURRENT freed 387K, 15% free 4113K/4832K, paused 2ms+2ms, total 17ms
D/SubSettings( 3410): Launching fragment com.android.settings.deviceinfo.UsbSettings
E/UsbSettings( 3410): USB Normal Mode
D/dalvikvm(  756): GC_CONCURRENT freed 837K, 18% free 6527K/7940K, paused 4ms+4ms, total 50ms
E/UsbSettings( 3410): UsbAccessoryMode false
E/UsbSettings( 3410): USB Normal Mode
D/dalvikvm( 3410): GC_FOR_ALLOC freed 279K, 17% free 4101K/4920K, paused 16ms, total 16ms
D/ActionMenuView( 3410): onLayout::nonOverflowCount= 1
I/ActivityManager(  756): Displayed com.android.settings/.SubSettings: +298ms
D/ActionMenuView( 3410): onLayout::nonOverflowCount= 1
I/Timeline( 3410): Timeline: Activity_idle id: android.os.BinderProxy@419efeb8 time:125808
D/MousePointer( 2781):  TYPE_WINDOW_STATE_CHANGED com.android.settings
I/Timeline(  756): Timeline: Activity_windows_visible id: ActivityRecord{41c6e1a0 u0 com.android.settings/.SubSettings t4} time:126117
E/CABL    ( 3190): Failed to connect to daemon socket
W/System.err( 3190): java.io.IOException: No such file or directory
W/System.err( 3190): 	at android.net.LocalSocketImpl.connectLocal(Native Method)
W/System.err( 3190): 	at android.net.LocalSocketImpl.connect(LocalSocketImpl.java:290)
W/System.err( 3190): 	at android.net.LocalSocket.connect(LocalSocket.java:130)
W/System.err( 3190): 	at com.qualcomm.cabl.CABLDaemonConnector.listenToSocket(CABLDaemonConnector.java:58)
W/System.err( 3190): 	at com.qualcomm.cabl.CABLDaemonConnector.run(CABLDaemonConnector.java:42)
W/System.err( 3190): 	at java.lang.Thread.run(Thread.java:841)
E/CABL    ( 3190): Closing the socket!
D/PPDaemon( 3962): CABL version 2.0.20140905
D/PPDaemon( 3962): isHDMIPrimary: HDMI is not primary display
E/PPDaemon( 3962): Unable to open fb type file  err:  No such file or directory
E/PPDaemon( 3962): Unable to open fb type file  err:  No such file or directory
E/PPDaemon( 3962): void openPrimaryFrameBuffer(DaemonContext&): Cannot locate the primary framebuffer
D/ImsSenderRxr( 2595): NOTE: mReqWaiting is NOT 0 but1 at TIMEOUT, reset! There still msg waitng for response
D/ImsSenderRxr( 2595): WAKE_LOCK_TIMEOUT  mRequestList=1
D/ImsSenderRxr( 2595): 0: [0] REQUEST_IMS_REGISTRATION_STATE
D/audio_hw_primary(  224): out_standby: enter: stream (0xb7fa76a8) usecase(1: low-latency-playback)
D/AudioPolicyManager(  224):  getOutput() device 2, stream 1, samplingRate 0, format 0, channelMask 3, flags 0 
D/AudioPolicyManager(  224): getOutput() returns output 2
D/AudioPolicyManager(  224):  getOutput() device 2, stream 1, samplingRate 0, format 0, channelMask 3, flags 0 
D/AudioPolicyManager(  224): getOutput() returns output 2
D/AudioPolicyManager(  224):  getOutput() device 2, stream 1, samplingRate 48000, format 1, channelMask 3, flags 4 
D/AudioPolicyManager(  224): getOutput() returns output 3
D/hardware_info(  224): hw_info_append_hw_type : device_name = speaker
D/AudioFlinger(  224): start(4098), calling pid 756 session 81
D/AudioFlinger(  224): ? => ACTIVE (4098) on thread 0xb7fdfee0
D/AudioPolicyManagerBase(  224): startOutput() output 3, stream 1, session 81
D/audio_hw_primary(  224): start_output_stream: enter: stream(0xb7fa76a8)usecase(1: low-latency-playback) devices(0x2)
D/audio_hw_primary(  224): select_devices: out_snd_device(2: speaker) in_snd_device(0: )
D/hardware_info(  224): hw_info_append_hw_type : device_name = speaker
D/ACDB-LOADER(  224): ACDB -> send_audio_cal, acdb_id = 14, path =  0
D/ACDB-LOADER(  224): ACDB -> send_asm_topology
D/ACDB-LOADER(  224): ACDB -> ACDB_CMD_GET_AUDPROC_STREAM_TOPOLOGY_ID
D/ACDB-LOADER(  224): ACDB -> send_adm_topology
D/ACDB-LOADER(  224): ACDB -> ACDB_CMD_GET_AUDPROC_COMMON_TOPOLOGY_ID
D/ACDB-LOADER(  224): ACDB -> send_audtable
D/ACDB-LOADER(  224): ACDB -> ACDB_CMD_GET_AUDPROC_COMMON_TABLE
D/ACDB-LOADER(  224): ACDB -> AUDIO_SET_AUDPROC_CAL
D/ACDB-LOADER(  224): ACDB -> send_audvoltable
D/ACDB-LOADER(  224): ACDB -> ACDB_CMD_GET_AUDPROC_GAIN_DEP_STEP_TABLE
D/ACDB-LOADER(  224): ACDB -> AUDIO_SET_AUDPROC_VOL_CAL
D/ACDB-LOADER(  224): ACDB -> send_afe_cal
D/ACDB-LOADER(  224): ACDB -> ACDB_CMD_GET_AFE_COMMON_TABLE
D/ACDB-LOADER(  224): ACDB -> AUDIO_SET_AFE_CAL
D/ACDB-LOADER(  224): ACDB -> send_hw_delay : acdb_id = 14 path = 0
D/ACDB-LOADER(  224): ACDB -> ACDB_AVSYNC_INFO: ACDB_CMD_GET_DEVICE_PROPERTY
D/audio_hw_primary(  224): select_devices: done
D/ACDB-LOADER(  224): ACDB -> send_audio_cal, acdb_id = 14, path =  0
D/ACDB-LOADER(  224): ACDB -> send_asm_topology
D/ACDB-LOADER(  224): ACDB -> ACDB_CMD_GET_AUDPROC_STREAM_TOPOLOGY_ID
D/ACDB-LOADER(  224): ACDB -> send_adm_topology
D/ACDB-LOADER(  224): ACDB -> ACDB_CMD_GET_AUDPROC_COMMON_TOPOLOGY_ID
D/ACDB-LOADER(  224): ACDB -> send_audtable
D/ACDB-LOADER(  224): ACDB -> ACDB_CMD_GET_AUDPROC_COMMON_TABLE
D/ACDB-LOADER(  224): ACDB -> AUDIO_SET_AUDPROC_CAL
D/ACDB-LOADER(  224): ACDB -> send_audvoltable
D/ACDB-LOADER(  224): ACDB -> ACDB_CMD_GET_AUDPROC_GAIN_DEP_STEP_TABLE
D/ACDB-LOADER(  224): ACDB -> AUDIO_SET_AUDPROC_VOL_CAL
D/ACDB-LOADER(  224): ACDB -> send_afe_cal
D/ACDB-LOADER(  224): ACDB -> ACDB_CMD_GET_AFE_COMMON_TABLE
D/ACDB-LOADER(  224): ACDB -> AUDIO_SET_AFE_CAL
D/ACDB-LOADER(  224): ACDB -> send_hw_delay : acdb_id = 14 path = 0
D/ACDB-LOADER(  224): ACDB -> ACDB_AVSYNC_INFO: ACDB_CMD_GET_DEVICE_PROPERTY
D/AudioPolicyManager(  224):  getOutput() device 2, stream 1, samplingRate 0, format 0, channelMask 3, flags 0 
D/AudioPolicyManager(  224): getOutput() returns output 2
D/AudioPolicyManager(  224):  getOutput() device 2, stream 1, samplingRate 0, format 0, channelMask 3, flags 0 
D/AudioPolicyManager(  224): getOutput() returns output 2
D/AudioPolicyManager(  224):  getOutput() device 2, stream 1, samplingRate 48000, format 1, channelMask 3, flags 4 
D/AudioPolicyManager(  224): getOutput() returns output 3
D/AudioFlinger(  224): start(4101), calling pid 756 session 82
D/AudioFlinger(  224): ? => ACTIVE (4101) on thread 0xb7fd64e0
D/AudioPolicyManagerBase(  224): startOutput() output 3, stream 1, session 82
D/AudioPolicyManager(  224):  getOutput() device 2, stream 1, samplingRate 0, format 0, channelMask 3, flags 0 
D/AudioPolicyManager(  224): getOutput() returns output 2
D/AudioPolicyManager(  224):  getOutput() device 2, stream 1, samplingRate 0, format 0, channelMask 3, flags 0 
D/AudioPolicyManager(  224): getOutput() returns output 2
D/AudioPolicyManager(  224):  getOutput() device 2, stream 1, samplingRate 48000, format 1, channelMask 3, flags 4 
D/AudioPolicyManager(  224): getOutput() returns output 3
D/AudioFlinger(  224): start(4100), calling pid 756 session 83
D/AudioFlinger(  224): ? => ACTIVE (4100) on thread 0xb7fdfbe8
D/AudioPolicyManagerBase(  224): startOutput() output 3, stream 1, session 83
D/AudioPolicyManager(  224):  getOutput() device 2, stream 1, samplingRate 0, format 0, channelMask 3, flags 0 
D/AudioPolicyManager(  224): getOutput() returns output 2
D/AudioPolicyManager(  224):  getOutput() device 2, stream 1, samplingRate 0, format 0, channelMask 3, flags 0 
D/AudioPolicyManager(  224): getOutput() returns output 2
D/AudioPolicyManager(  224):  getOutput() device 2, stream 1, samplingRate 48000, format 1, channelMask 3, flags 4 
D/AudioPolicyManager(  224): getOutput() returns output 3
D/AudioFlinger(  224): start(4098), calling pid 756 session 84
D/AudioFlinger(  224): ? => ACTIVE (4098) on thread 0xb7fdfad0
D/AudioPolicyManagerBase(  224): startOutput() output 3, stream 1, session 84
D/AudioPolicyManager(  224):  getOutput() device 2, stream 1, samplingRate 0, format 0, channelMask 3, flags 0 
D/AudioPolicyManager(  224): getOutput() returns output 2
D/AudioPolicyManager(  224):  getOutput() device 2, stream 1, samplingRate 0, format 0, channelMask 3, flags 0 
D/AudioPolicyManager(  224): getOutput() returns output 2
D/AudioPolicyManager(  224):  getOutput() device 2, stream 1, samplingRate 48000, format 1, channelMask 3, flags 4 
D/AudioPolicyManager(  224): getOutput() returns output 3
D/AudioFlinger(  224): start(4100), calling pid 756 session 85
D/AudioFlinger(  224): ? => ACTIVE (4100) on thread 0xb7fdfbe8
D/AudioPolicyManagerBase(  224): startOutput() output 3, stream 1, session 85
E/CABL    ( 3190): Failed to connect to daemon socket
W/System.err( 3190): java.io.IOException: No such file or directory
W/System.err( 3190): 	at android.net.LocalSocketImpl.connectLocal(Native Method)
W/System.err( 3190): 	at android.net.LocalSocketImpl.connect(LocalSocketImpl.java:290)
W/System.err( 3190): 	at android.net.LocalSocket.connect(LocalSocket.java:130)
W/System.err( 3190): 	at com.qualcomm.cabl.CABLDaemonConnector.listenToSocket(CABLDaemonConnector.java:58)
W/System.err( 3190): 	at com.qualcomm.cabl.CABLDaemonConnector.run(CABLDaemonConnector.java:42)
W/System.err( 3190): 	at java.lang.Thread.run(Thread.java:841)
E/CABL    ( 3190): Closing the socket!
D/PPDaemon( 3969): CABL version 2.0.20140905
D/PPDaemon( 3969): isHDMIPrimary: HDMI is not primary display
E/PPDaemon( 3969): Unable to open fb type file  err:  No such file or directory
E/PPDaemon( 3969): Unable to open fb type file  err:  No such file or directory
E/PPDaemon( 3969): void openPrimaryFrameBuffer(DaemonContext&): Cannot locate the primary framebuffer
E/LocSvc_libulp(  756): I/===> int ulp_msg_process_system_update(UlpSystemEvent) line 1460 
E/LocSvc_libulp(  756): I/int ulp_msg_process_system_update(UlpSystemEvent): systemEvent:5 
E/LocSvc_libulp(  756): I/===> int ulp_brain_process_system_update(UlpSystemEvent) line 2345 
E/LocSvc_libulp(  756): I/===> int ulp_brain_select_providers() line 333 
E/LocSvc_libulp(  756): I/===> int ulp_brain_turn_onoff_quipc_provider() line 700 
E/LocSvc_libulp(  756): I/===> int ulp_quipc_stop_engine() line 238 
E/LocSvc_libulp(  756): I/===> bool ulp_quipc_engine_running() line 63 
E/LocSvc_libulp(  756): I/===> int ulp_brain_turn_onoff_gnss_provider() line 595 
E/LocSvc_libulp(  756): I/===> int ulp_gnss_stop_engine() line 262 
E/LocSvc_libulp(  756): I/===> bool ulp_quipc_engine_running() line 63 
E/LocSvc_libulp(  756): I/===> int ulp_brain_turn_onoff_gnp_provider() line 496 
E/LocSvc_libulp(  756): I/===> bool ulp_gnp_engine_running() line 59 
E/LocSvc_libulp(  756): I/===> int ulp_gnp_stop_engine() line 195 
E/LocSvc_libulp(  756): I/===> bool ulp_gnp_engine_running() line 59 
E/LocSvc_libulp(  756): I/===> bool ulp_gnp_engine_running() line 59 
E/LocSvc_libulp(  756): I/===> int ulp_brain_turn_onoff_zpp_provider() line 437 
E/LocSvc_libulp(  756): I/===> int ulp_zpp_start_engine() line 98 
E/LocSvc_libulp(  756): I/===> bool ulp_zpp_engine_running() line 62 
E/LocSvc_libulp(  756): I/===> int ulp_msg_process_start_req() line 452 
E/LocSvc_libulp(  756): I/int ulp_msg_process_start_req(), at ulp state = 1
E/LocSvc_api_v02(  756): I/---> locClientSendReq line 2426 QMI_LOC_GET_BEST_AVAILABLE_POSITION_REQ_V02
E/LocSvc_ApiV02(  756): I/<--- void globalRespCb(locClientHandleType, uint32_t, locClientRespIndUnionType, void*) line 106 QMI_LOC_GET_BEST_AVAILABLE_POSITION_REQ_V02
E/LocSvc_libulp(  756): I/===> int ulp_brain_process_zpp_position_report(loc_sess_status, LocPosTechMask, const UlpLocation*) line 1458 
E/LocSvc_libulp(  756): I/int ulp_brain_process_zpp_position_report(loc_sess_status, LocPosTechMask, const UlpLocation*), report ZPP position to providers,report_position = 0
E/LocSvc_libulp(  756): I/===> int ulp_brain_select_providers() line 333 
E/LocSvc_libulp(  756): I/===> int ulp_brain_turn_onoff_quipc_provider() line 700 
E/LocSvc_libulp(  756): I/===> int ulp_quipc_stop_engine() line 238 
E/LocSvc_libulp(  756): I/===> bool ulp_quipc_engine_running() line 63 
E/LocSvc_libulp(  756): I/===> int ulp_brain_turn_onoff_gnss_provider() line 595 
E/LocSvc_libulp(  756): I/===> int ulp_gnss_stop_engine() line 262 
E/LocSvc_libulp(  756): I/===> bool ulp_quipc_engine_running() line 63 
E/LocSvc_libulp(  756): I/===> int ulp_brain_turn_onoff_gnp_provider() line 496 
E/LocSvc_libulp(  756): I/===> bool ulp_gnp_engine_running() line 59 
E/LocSvc_libulp(  756): I/===> int ulp_gnp_stop_engine() line 195 
E/LocSvc_libulp(  756): I/===> bool ulp_gnp_engine_running() line 59 
E/LocSvc_libulp(  756): I/===> bool ulp_gnp_engine_running() line 59 
E/LocSvc_libulp(  756): I/===> int ulp_brain_turn_onoff_zpp_provider() line 437 
E/LocSvc_libulp(  756): I/===> int ulp_zpp_stop_engine() line 174 
E/LocSvc_libulp(  756): I/===> bool ulp_zpp_engine_running() line 62 
D/AudioPolicyManager(  224):  getOutput() device 2, stream 1, samplingRate 0, format 0, channelMask 3, flags 0 
D/AudioPolicyManager(  224): getOutput() returns output 2
D/AudioPolicyManager(  224):  getOutput() device 2, stream 1, samplingRate 0, format 0, channelMask 3, flags 0 
D/AudioPolicyManager(  224): getOutput() returns output 2
D/AudioPolicyManager(  224):  getOutput() device 2, stream 1, samplingRate 48000, format 1, channelMask 3, flags 4 
D/AudioPolicyManager(  224): getOutput() returns output 3
D/AudioFlinger(  224): start(4101), calling pid 756 session 86
D/AudioFlinger(  224): ? => ACTIVE (4101) on thread 0xb7fd64e0
D/AudioPolicyManagerBase(  224): startOutput() output 3, stream 1, session 86
V/ImsSenderRxr( 2595): Read packet: 15 bytes
V/ImsSenderRxr( 2595): processResponse [SUB0]
D/ImsSenderRxr( 2595):  byte 0:12 [SUB0]
D/ImsSenderRxr( 2595):  byte 1:13 [SUB0]
D/ImsSenderRxr( 2595):  byte 2:-1 [SUB0]
D/ImsSenderRxr( 2595):  byte 3:-1 [SUB0]
D/ImsSenderRxr( 2595):  byte 4:-1 [SUB0]
D/ImsSenderRxr( 2595):  byte 5:-1 [SUB0]
D/ImsSenderRxr( 2595):  byte 6:16 [SUB0]
D/ImsSenderRxr( 2595):  byte 7:3 [SUB0]
D/ImsSenderRxr( 2595):  byte 8:24 [SUB0]
D/ImsSenderRxr( 2595):  byte 9:-43 [SUB0]
D/ImsSenderRxr( 2595):  byte 10:1 [SUB0]
D/ImsSenderRxr( 2595):  byte 11:32 [SUB0]
D/ImsSenderRxr( 2595):  byte 12:0 [SUB0]
D/ImsSenderRxr( 2595):  byte 13:8 [SUB0]
D/ImsSenderRxr( 2595):  byte 14:0 [SUB0]
D/ImsSenderRxr( 2595):  Tag -1 3 213 0 [SUB0]
V/ImsSenderRxr( 2595): Read packet: 15 bytes
V/ImsSenderRxr( 2595): processResponse [SUB0]
D/ImsSenderRxr( 2595):  byte 0:12 [SUB0]
D/ImsSenderRxr( 2595):  byte 1:13 [SUB0]
D/ImsSenderRxr( 2595):  byte 2:-1 [SUB0]
D/ImsSenderRxr( 2595):  byte 3:-1 [SUB0]
D/ImsSenderRxr( 2595):  byte 4:-1 [SUB0]
D/ImsSenderRxr( 2595):  byte 5:-1 [SUB0]
D/ImsSenderRxr( 2595):  byte 6:16 [SUB0]
D/ImsSenderRxr( 2595):  byte 7:3 [SUB0]
D/ImsSenderRxr( 2595):  byte 8:24 [SUB0]
D/ImsSenderRxr( 2595):  byte 9:-43 [SUB0]
D/ImsSenderRxr( 2595):  byte 10:1 [SUB0]
D/ImsSenderRxr( 2595):  byte 11:32 [SUB0]
D/ImsSenderRxr( 2595):  byte 12:0 [SUB0]
D/ImsSenderRxr( 2595):  byte 13:8 [SUB0]
D/ImsSenderRxr( 2595):  byte 14:10 [SUB0]
D/ImsSenderRxr( 2595):  Tag -1 3 213 0 [SUB0]
V/ImsPhone( 2595): handleRadioStateChange for state RADIO_ON
D/ImsSenderRxr( 2595): [0018]> REQUEST_IMS_REGISTRATION_STATE [SUB0]
D/ImsSenderRxr( 2595):  0 [SUB0]
D/ImsSenderRxr( 2595):  0 [SUB0]
D/ImsSenderRxr( 2595):  0 [SUB0]
D/ImsSenderRxr( 2595):  12 [SUB0]
D/ImsSenderRxr( 2595):  11 [SUB0]
D/ImsSenderRxr( 2595):  13 [SUB0]
D/ImsSenderRxr( 2595):  18 [SUB0]
D/ImsSenderRxr( 2595):  0 [SUB0]
D/ImsSenderRxr( 2595):  0 [SUB0]
D/ImsSenderRxr( 2595):  0 [SUB0]
D/ImsSenderRxr( 2595):  16 [SUB0]
D/ImsSenderRxr( 2595):  1 [SUB0]
D/ImsSenderRxr( 2595):  24 [SUB0]
D/ImsSenderRxr( 2595):  1 [SUB0]
D/ImsSenderRxr( 2595):  32 [SUB0]
D/ImsSenderRxr( 2595):  0 [SUB0]
D/ImsSenderRxr( 2595): [0019]> GET_CURRENT_CALLS [SUB0]
D/ImsSenderRxr( 2595):  0 [SUB0]
D/ImsSenderRxr( 2595):  0 [SUB0]
D/ImsSenderRxr( 2595):  0 [SUB0]
D/ImsSenderRxr( 2595):  12 [SUB0]
D/ImsSenderRxr( 2595):  11 [SUB0]
D/ImsSenderRxr( 2595):  13 [SUB0]
D/ImsSenderRxr( 2595):  19 [SUB0]
D/ImsSenderRxr( 2595):  0 [SUB0]
D/ImsSenderRxr( 2595):  0 [SUB0]
D/ImsSenderRxr( 2595):  0 [SUB0]
D/ImsSenderRxr( 2595):  16 [SUB0]
D/ImsSenderRxr( 2595):  1 [SUB0]
D/ImsSenderRxr( 2595):  24 [SUB0]
D/ImsSenderRxr( 2595):  6 [SUB0]
D/ImsSenderRxr( 2595):  32 [SUB0]
D/ImsSenderRxr( 2595):  0 [SUB0]
D/QcrilMsgTunnelSocket( 3009): readRilMessage: Buffer = [B@418f90a8 HexData = [010000000404000014000000514f454d484f4f4bf2030800040000000010c010]
D/QcrilMsgTunnelSocket( 3009): Rcvd UNSOL response with 28 bytes data for SUB0
D/QcrilMsgTunnelSocket( 3009): Response ID 525298 is not served in this process.
D/QcrilMsgTunnelSocket( 3009): To broadcast an Intent via the notifier to external apps
D/QcrilMsgTunnelIfaceManager( 3009): handleMessage what = 0
D/QcrilMsgTunnelIfaceManager( 3009): Broadcasting intent ACTION_UNSOL_RESPONSE_OEM_HOOK_RAW
V/ImsSenderRxr( 2595): Read packet: 13 bytes
V/ImsSenderRxr( 2595): processResponse [SUB0]
D/ImsSenderRxr( 2595):  byte 0:12 [SUB0]
D/ImsSenderRxr( 2595):  byte 1:13 [SUB0]
D/ImsSenderRxr( 2595):  byte 2:-1 [SUB0]
D/ImsSenderRxr( 2595):  byte 3:-1 [SUB0]
D/ImsSenderRxr( 2595):  byte 4:-1 [SUB0]
D/ImsSenderRxr( 2595):  byte 5:-1 [SUB0]
D/ImsSenderRxr( 2595):  byte 6:16 [SUB0]
D/ImsSenderRxr( 2595):  byte 7:3 [SUB0]
D/ImsSenderRxr( 2595):  byte 8:24 [SUB0]
D/ImsSenderRxr( 2595):  byte 9:-52 [SUB0]
D/ImsSenderRxr( 2595):  byte 10:1 [SUB0]
D/ImsSenderRxr( 2595):  byte 11:32 [SUB0]
D/ImsSenderRxr( 2595):  byte 12:0 [SUB0]
D/ImsSenderRxr( 2595):  Tag -1 3 204 0 [SUB0]
D/ImsSenderRxr( 2595): [UNSL]< UNSOL_RESPONSE_IMS_NETWORK_STATE_CHANGED [SUB0]
V/ImsSenderRxr( 2595): Read packet: 97 bytes
V/ImsSenderRxr( 2595): processResponse [SUB0]
D/ImsSenderRxr( 2595):  byte 0:12 [SUB0]
D/ImsSenderRxr( 2595):  byte 1:13 [SUB0]
D/ImsSenderRxr( 2595):  byte 2:-1 [SUB0]
D/ImsSenderRxr( 2595):  byte 3:-1 [SUB0]
D/ImsSenderRxr( 2595):  byte 4:-1 [SUB0]
D/ImsSenderRxr( 2595):  byte 5:-1 [SUB0]
D/ImsSenderRxr( 2595):  byte 6:16 [SUB0]
D/ImsSenderRxr( 2595):  byte 7:3 [SUB0]
D/ImsSenderRxr( 2595):  byte 8:24 [SUB0]
D/QC_RIL_OEM_HOOK( 3371): Received Broadcast Intent ACTION_UNSOL_RESPONSE_OEM_HOOK_RAW
D/QC_RIL_OEM_HOOK( 3371): Oem ID in QCRILHOOK UNSOL RESP is QOEMHOOK
D/ImsSenderRxr( 2595):  byte 9:-46 [SUB0]
D/ImsSenderRxr( 2595):  byte 10:1 [SUB0]
D/ImsSenderRxr( 2595):  byte 11:32 [SUB0]
D/ImsSenderRxr( 2595):  byte 12:0 [SUB0]
D/ImsSenderRxr( 2595):  byte 13:18 [SUB0]
D/ImsSenderRxr( 2595):  byte 14:12 [SUB0]
D/ImsSenderRxr( 2595):  byte 15:8 [SUB0]
D/ImsSenderRxr( 2595):  byte 16:1 [SUB0]
D/ImsSenderRxr( 2595):  byte 17:24 [SUB0]
D/ImsSenderRxr( 2595):  byte 18:10 [SUB0]
D/ImsSenderRxr( 2595):  byte 19:58 [SUB0]
D/ImsSenderRxr( 2595):  byte 20:6 [SUB0]
D/QC_RIL_OEM_HOOK( 3247): Received Broadcast Intent ACTION_UNSOL_RESPONSE_OEM_HOOK_RAW
D/QC_RIL_OEM_HOOK( 3247): Oem ID in QCRILHOOK UNSOL RESP is QOEMHOOK
D/ImsSenderRxr( 2595):  byte 21:16 [SUB0]
D/ImsSenderRxr( 2595):  byte 22:0 [SUB0]
D/ImsSenderRxr( 2595):  byte 23:34 [SUB0]
D/ImsSenderRxr( 2595):  byte 24:2 [SUB0]
D/ImsSenderRxr( 2595):  byte 25:8 [SUB0]
D/ImsSenderRxr( 2595):  byte 26:2 [SUB0]
D/TelephonyIcons( 2375): updateDataType sub=0, type=0, inetCondition=0 showAtLeast3G=false show4GforLte=true hspaDistinguishable=false
D/TelephonyIcons( 2375): data type item name: array/telephony_data_type_sim1
I/MSimTelephonyRegistry(  756): notifyServiceState: 1 1 home null null null  Unknown Unknown CSS not supported -1 -1 RoamInd=-1 DefRoamInd=-1 EmergOnly=false
D/TelephonyIcons( 2375): data type item id: 2131099655
D/TelephonyIcons( 2375): updateDataType mSelectedDataTypeIcon[0]=0, mSelectedDataActivityIndex=0
D/TelephonyIcons( 2375): null signal icon name: drawable/stat_sys_signal_null
V/QMI_OEMHOOK( 3371): Thread=main received { when=0 what=0 obj=android.os.AsyncResult@419046b8 target=com.qualcomm.qcrilhook.QmiOemHook }
V/QMI_OEMHOOK( 3371): QMI_OEM_HOOK_UNSOL received
V/QMI_OEMHOOK( 3371): receive responseData = f2030800040000000010c010 message=null responseType= IS_UNSOL
D/TelephonyIcons( 2375): getDataTypeIcon sub=0
V/QMI_OEMHOOK( 3371): receive respByteBuf after ByteBuffer.wrap(payload) = f2030800040000000010c010
V/QMI_OEMHOOK( 3371): receive respByteBuf = java.nio.ByteArrayBuffer[position=0,limit=12,capacity=12]
E/QMI_OEMHOOK( 3371): requestId NOT in QMI OemHook range, No further processing
D/ImsSenderRxr( 2595):  byte 27:18 [SUB0]
D/ImsSenderRxr( 2595):  byte 28:12 [SUB0]
D/ImsSenderRxr( 2595):  byte 29:8 [SUB0]
D/ImsSenderRxr( 2595):  byte 30:1 [SUB0]
D/ImsSenderRxr( 2595):  byte 31:24 [SUB0]
D/ImsSenderRxr( 2595):  byte 32:0 [SUB0]
D/ImsSenderRxr( 2595):  byte 33:58 [SUB0]
D/ImsSenderRxr( 2595):  byte 34:6 [SUB0]
D/ImsSenderRxr( 2595):  byte 35:16 [SUB0]
D/ImsSenderRxr( 2595):  byte 36:0 [SUB0]
D/ImsSenderRxr( 2595):  byte 37:34 [SUB0]
D/ImsSenderRxr( 2595):  byte 38:2 [SUB0]
D/ImsSenderRxr( 2595):  byte 39:8 [SUB0]
D/ImsSenderRxr( 2595):  byte 40:2 [SUB0]
D/ImsSenderRxr( 2595):  byte 41:18 [SUB0]
D/ImsSenderRxr( 2595):  byte 42:12 [SUB0]
D/ImsSenderRxr( 2595):  byte 43:8 [SUB0]
D/ImsSenderRxr( 2595):  byte 44:1 [SUB0]
D/ImsSenderRxr( 2595):  byte 45:24 [SUB0]
D/ImsSenderRxr( 2595):  byte 46:3 [SUB0]
D/ImsSenderRxr( 2595):  byte 47:58 [SUB0]
D/ImsSenderRxr( 2595):  byte 48:6 [SUB0]
D/ImsSenderRxr( 2595):  byte 49:16 [SUB0]
D/ImsSenderRxr( 2595):  byte 50:0 [SUB0]
D/ImsSenderRxr( 2595):  byte 51:34 [SUB0]
D/ImsSenderRxr( 2595):  byte 52:2 [SUB0]
D/ImsSenderRxr( 2595):  byte 53:8 [SUB0]
D/ImsSenderRxr( 2595):  byte 54:2 [SUB0]
D/ImsSenderRxr( 2595):  byte 55:18 [SUB0]
D/ImsSenderRxr( 2595):  byte 56:12 [SUB0]
D/ImsSenderRxr( 2595):  byte 57:8 [SUB0]
D/ImsSenderRxr( 2595):  byte 58:1 [SUB0]
D/ImsSenderRxr( 2595):  byte 59:24 [SUB0]
D/ImsSenderRxr( 2595):  byte 60:1 [SUB0]
D/ImsSenderRxr( 2595):  byte 61:58 [SUB0]
D/ImsSenderRxr( 2595):  byte 62:6 [SUB0]
D/ImsSenderRxr( 2595):  byte 63:16 [SUB0]
D/ImsSenderRxr( 2595):  byte 64:0 [SUB0]
D/ImsSenderRxr( 2595):  byte 65:34 [SUB0]
D/ImsSenderRxr( 2595):  byte 66:2 [SUB0]
D/ImsSenderRxr( 2595):  byte 67:8 [SUB0]
D/ImsSenderRxr( 2595):  byte 68:2 [SUB0]
D/ImsSenderRxr( 2595):  byte 69:18 [SUB0]
D/ImsSenderRxr( 2595):  byte 70:12 [SUB0]
D/ImsSenderRxr( 2595):  byte 71:8 [SUB0]
D/ImsSenderRxr( 2595):  byte 72:1 [SUB0]
D/ImsSenderRxr( 2595):  byte 73:24 [SUB0]
D/ImsSenderRxr( 2595):  byte 74:2 [SUB0]
D/ImsSenderRxr( 2595):  byte 75:58 [SUB0]
D/ImsSenderRxr( 2595):  byte 76:6 [SUB0]
D/ImsSenderRxr( 2595):  byte 77:16 [SUB0]
D/ImsSenderRxr( 2595):  byte 78:0 [SUB0]
D/ImsSenderRxr( 2595):  byte 79:34 [SUB0]
D/ImsSenderRxr( 2595):  byte 80:2 [SUB0]
D/ImsSenderRxr( 2595):  byte 81:8 [SUB0]
D/ImsSenderRxr( 2595):  byte 82:2 [SUB0]
D/ImsSenderRxr( 2595):  byte 83:18 [SUB0]
D/ImsSenderRxr( 2595):  byte 84:12 [SUB0]
D/ImsSenderRxr( 2595):  byte 85:8 [SUB0]
D/ImsSenderRxr( 2595):  byte 86:1 [SUB0]
D/ImsSenderRxr( 2595):  byte 87:24 [SUB0]
D/ImsSenderRxr( 2595):  byte 88:11 [SUB0]
D/ImsSenderRxr( 2595):  byte 89:58 [SUB0]
D/ImsSenderRxr( 2595):  byte 90:6 [SUB0]
D/ImsSenderRxr( 2595):  byte 91:16 [SUB0]
D/ImsSenderRxr( 2595):  byte 92:0 [SUB0]
D/ImsSenderRxr( 2595):  byte 93:34 [SUB0]
D/ImsSenderRxr( 2595):  byte 94:2 [SUB0]
D/ImsSenderRxr( 2595):  byte 95:8 [SUB0]
D/ImsSenderRxr( 2595):  byte 96:2 [SUB0]
D/ImsSenderRxr( 2595):  Tag -1 3 210 0 [SUB0]
D/ImsSenderRxr( 2595): isValid = true type = 10 status = 0 userdata = null [SUB0]
D/ImsSenderRxr( 2595):  networkMode = -1 status = 0 restrictCause = 0 registered = 2 [SUB0]
D/ImsSenderRxr( 2595): isValid = true type = 0 status = 0 userdata = null [SUB0]
D/ImsSenderRxr( 2595):  networkMode = -1 status = 0 restrictCause = 0 registered = 2 [SUB0]
D/ImsSenderRxr( 2595): isValid = true type = 3 status = 0 userdata = null [SUB0]
D/ImsSenderRxr( 2595):  networkMode = -1 status = 0 restrictCause = 0 registered = 2 [SUB0]
D/ImsSenderRxr( 2595): isValid = true type = 1 status = 0 userdata = null [SUB0]
D/ImsSenderRxr( 2595):  networkMode = -1 status = 0 restrictCause = 0 registered = 2 [SUB0]
D/ImsSenderRxr( 2595): isValid = true type = 2 status = 0 userdata = null [SUB0]
D/ImsSenderRxr( 2595):  networkMode = -1 status = 0 restrictCause = 0 registered = 2 [SUB0]
D/ImsSenderRxr( 2595): isValid = true type = 11 status = 0 userdata = null [SUB0]
D/ImsSenderRxr( 2595):  networkMode = -1 status = 0 restrictCause = 0 registered = 2 [SUB0]
D/ImsSenderRxr( 2595): [UNSL]< UNSOL_SRV_STATUS_UPDATE [com.android.internal.telephony.ServiceStatus@41a06cd8, com.android.internal.telephony.ServiceStatus@4199bcd8, com.android.internal.telephony.ServiceStatus@419ee5b0, com.android.internal.telephony.ServiceStatus@41a2bc10, com.android.internal.telephony.ServiceStatus@419ee120, com.android.internal.telephony.ServiceStatus@419ef610] [SUB0]
V/ImsSenderRxr( 2595): Read packet: 13 bytes
V/ImsSenderRxr( 2595): processResponse [SUB0]
D/ImsSenderRxr( 2595):  byte 0:12 [SUB0]
D/ImsSenderRxr( 2595):  byte 1:13 [SUB0]
D/ImsSenderRxr( 2595):  byte 2:-1 [SUB0]
D/ImsSenderRxr( 2595):  byte 3:-1 [SUB0]
D/ImsSenderRxr( 2595):  byte 4:-1 [SUB0]
D/StatusBar.MSimNetworkController( 2375): updateTelephonySignalStrength: subscription =0
D/StatusBar.MSimNetworkController( 2375): updateDataIcon dataSub =0
D/ImsSenderRxr( 2595):  byte 5:-1 [SUB0]
D/ImsSenderRxr( 2595):  byte 6:16 [SUB0]
D/ImsSenderRxr( 2595):  byte 7:3 [SUB0]
D/ImsSenderRxr( 2595):  byte 8:24 [SUB0]
D/ImsSenderRxr( 2595):  byte 9:-52 [SUB0]
D/ImsSenderRxr( 2595):  byte 10:1 [SUB0]
D/ImsSenderRxr( 2595):  byte 11:32 [SUB0]
D/ImsSenderRxr( 2595):  byte 12:0 [SUB0]
D/ImsSenderRxr( 2595):  Tag -1 3 204 0 [SUB0]
D/ImsSenderRxr( 2595): [UNSL]< UNSOL_RESPONSE_IMS_NETWORK_STATE_CHANGED [SUB0]
V/ImsSenderRxr( 2595): Read packet: 97 bytes
V/ImsSenderRxr( 2595): processResponse [SUB0]
D/ImsSenderRxr( 2595):  byte 0:12 [SUB0]
D/ImsSenderRxr( 2595):  byte 1:13 [SUB0]
D/ImsSenderRxr( 2595):  byte 2:-1 [SUB0]
D/ImsSenderRxr( 2595):  byte 3:-1 [SUB0]
D/ImsSenderRxr( 2595):  byte 4:-1 [SUB0]
D/ImsSenderRxr( 2595):  byte 5:-1 [SUB0]
D/ImsSenderRxr( 2595):  byte 6:16 [SUB0]
D/ImsSenderRxr( 2595):  byte 7:3 [SUB0]
D/ImsSenderRxr( 2595):  byte 8:24 [SUB0]
D/ImsSenderRxr( 2595):  byte 9:-46 [SUB0]
D/ImsSenderRxr( 2595):  byte 10:1 [SUB0]
D/ImsSenderRxr( 2595):  byte 11:32 [SUB0]
D/ImsSenderRxr( 2595):  byte 12:0 [SUB0]
D/ImsSenderRxr( 2595):  byte 13:18 [SUB0]
D/ImsSenderRxr( 2595):  byte 14:12 [SUB0]
D/ImsSenderRxr( 2595):  byte 15:8 [SUB0]
D/ImsSenderRxr( 2595):  byte 16:1 [SUB0]
D/ImsSenderRxr( 2595):  byte 17:24 [SUB0]
D/ImsSenderRxr( 2595):  byte 18:10 [SUB0]
D/ImsSenderRxr( 2595):  byte 19:58 [SUB0]
D/ImsSenderRxr( 2595):  byte 20:6 [SUB0]
D/ImsSenderRxr( 2595):  byte 21:16 [SUB0]
D/ImsSenderRxr( 2595):  byte 22:0 [SUB0]
D/ImsSenderRxr( 2595):  byte 23:34 [SUB0]
D/ImsSenderRxr( 2595):  byte 24:2 [SUB0]
D/ImsSenderRxr( 2595):  byte 25:8 [SUB0]
D/ImsSenderRxr( 2595):  byte 26:2 [SUB0]
D/ImsSenderRxr( 2595):  byte 27:18 [SUB0]
D/ImsSenderRxr( 2595):  byte 28:12 [SUB0]
D/ImsSenderRxr( 2595):  byte 29:8 [SUB0]
D/ImsSenderRxr( 2595):  byte 30:1 [SUB0]
D/ImsSenderRxr( 2595):  byte 31:24 [SUB0]
D/ImsSenderRxr( 2595):  byte 32:0 [SUB0]
D/ImsSenderRxr( 2595):  byte 33:58 [SUB0]
D/ImsSenderRxr( 2595):  byte 34:6 [SUB0]
D/ImsSenderRxr( 2595):  byte 35:16 [SUB0]
D/ImsSenderRxr( 2595):  byte 36:0 [SUB0]
D/ImsSenderRxr( 2595):  byte 37:34 [SUB0]
D/ImsSenderRxr( 2595):  byte 38:2 [SUB0]
D/ImsSenderRxr( 2595):  byte 39:8 [SUB0]
D/KeyguardUpdateMonitor( 2375): ACTION_SERVICE_STATE_CHANGED on sub: 0 showSpn:false showPlmn:false mServiceState: 1 1 home null null null  Unknown Unknown CSS not supported -1 -1 RoamInd=-1 DefRoamInd=-1 EmergOnly=false
D/ImsSenderRxr( 2595):  byte 40:2 [SUB0]
D/ImsSenderRxr( 2595):  byte 41:18 [SUB0]
D/ImsSenderRxr( 2595):  byte 42:12 [SUB0]
D/ImsSenderRxr( 2595):  byte 43:8 [SUB0]
D/ImsSenderRxr( 2595):  byte 44:1 [SUB0]
D/ImsSenderRxr( 2595):  byte 45:24 [SUB0]
D/KeyguardUpdateMonitor( 2375): Received SPN update on sub :0
D/ImsSenderRxr( 2595):  byte 46:3 [SUB0]
D/ImsSenderRxr( 2595):  byte 47:58 [SUB0]
D/ImsSenderRxr( 2595):  byte 48:6 [SUB0]
D/ImsSenderRxr( 2595):  byte 49:16 [SUB0]
D/ImsSenderRxr( 2595):  byte 50:0 [SUB0]
D/ImsSenderRxr( 2595):  byte 51:34 [SUB0]
D/ImsSenderRxr( 2595):  byte 52:2 [SUB0]
D/ImsSenderRxr( 2595):  byte 53:8 [SUB0]
D/ImsSenderRxr( 2595):  byte 54:2 [SUB0]
D/ImsSenderRxr( 2595):  byte 55:18 [SUB0]
D/ImsSenderRxr( 2595):  byte 56:12 [SUB0]
D/ImsSenderRxr( 2595):  byte 57:8 [SUB0]
D/ImsSenderRxr( 2595):  byte 58:1 [SUB0]
D/ImsSenderRxr( 2595):  byte 59:24 [SUB0]
D/ImsSenderRxr( 2595):  byte 60:1 [SUB0]
D/ImsSenderRxr( 2595):  byte 61:58 [SUB0]
D/ImsSenderRxr( 2595):  byte 62:6 [SUB0]
D/ImsSenderRxr( 2595):  byte 63:16 [SUB0]
D/ImsSenderRxr( 2595):  byte 64:0 [SUB0]
D/ImsSenderRxr( 2595):  byte 65:34 [SUB0]
D/ImsSenderRxr( 2595):  byte 66:2 [SUB0]
D/ImsSenderRxr( 2595):  byte 67:8 [SUB0]
D/ImsSenderRxr( 2595):  byte 68:2 [SUB0]
D/ImsSenderRxr( 2595):  byte 69:18 [SUB0]
D/ImsSenderRxr( 2595):  byte 70:12 [SUB0]
D/ImsSenderRxr( 2595):  byte 71:8 [SUB0]
D/ImsSenderRxr( 2595):  byte 72:1 [SUB0]
D/ImsSenderRxr( 2595):  byte 73:24 [SUB0]
D/ImsSenderRxr( 2595):  byte 74:2 [SUB0]
D/ImsSenderRxr( 2595):  byte 75:58 [SUB0]
D/ImsSenderRxr( 2595):  byte 76:6 [SUB0]
D/ImsSenderRxr( 2595):  byte 77:16 [SUB0]
D/ImsSenderRxr( 2595):  byte 78:0 [SUB0]
D/ImsSenderRxr( 2595):  byte 79:34 [SUB0]
D/ImsSenderRxr( 2595):  byte 80:2 [SUB0]
D/ImsSenderRxr( 2595):  byte 81:8 [SUB0]
D/ImsSenderRxr( 2595):  byte 82:2 [SUB0]
D/ImsSenderRxr( 2595):  byte 83:18 [SUB0]
D/ImsSenderRxr( 2595):  byte 84:12 [SUB0]
D/ImsSenderRxr( 2595):  byte 85:8 [SUB0]
D/ImsSenderRxr( 2595):  byte 86:1 [SUB0]
D/ImsSenderRxr( 2595):  byte 87:24 [SUB0]
D/ImsSenderRxr( 2595):  byte 88:11 [SUB0]
D/ImsSenderRxr( 2595):  byte 89:58 [SUB0]
D/ImsSenderRxr( 2595):  byte 90:6 [SUB0]
D/ImsSenderRxr( 2595):  byte 91:16 [SUB0]
D/ImsSenderRxr( 2595):  byte 92:0 [SUB0]
D/ImsSenderRxr( 2595):  byte 93:34 [SUB0]
D/ImsSenderRxr( 2595):  byte 94:2 [SUB0]
D/ImsSenderRxr( 2595):  byte 95:8 [SUB0]
D/ImsSenderRxr( 2595):  byte 96:2 [SUB0]
D/ImsSenderRxr( 2595):  Tag -1 3 210 0 [SUB0]
D/ImsSenderRxr( 2595): isValid = true type = 10 status = 0 userdata = null [SUB0]
D/ImsSenderRxr( 2595):  networkMode = -1 status = 0 restrictCause = 0 registered = 2 [SUB0]
D/ImsSenderRxr( 2595): isValid = true type = 0 status = 0 userdata = null [SUB0]
D/ImsSenderRxr( 2595):  networkMode = -1 status = 0 restrictCause = 0 registered = 2 [SUB0]
D/ImsSenderRxr( 2595): isValid = true type = 3 status = 0 userdata = null [SUB0]
D/ImsSenderRxr( 2595):  networkMode = -1 status = 0 restrictCause = 0 registered = 2 [SUB0]
D/ImsSenderRxr( 2595): isValid = true type = 1 status = 0 userdata = null [SUB0]
D/ImsSenderRxr( 2595):  networkMode = -1 status = 0 restrictCause = 0 registered = 2 [SUB0]
D/ImsSenderRxr( 2595): isValid = true type = 2 status = 0 userdata = null [SUB0]
D/ImsSenderRxr( 2595):  networkMode = -1 status = 0 restrictCause = 0 registered = 2 [SUB0]
D/ImsSenderRxr( 2595): isValid = true type = 11 status = 0 userdata = null [SUB0]
D/ImsSenderRxr( 2595):  networkMode = -1 status = 0 restrictCause = 0 registered = 2 [SUB0]
D/ImsSenderRxr( 2595): [UNSL]< UNSOL_SRV_STATUS_UPDATE [com.android.internal.telephony.ServiceStatus@41a227c8, com.android.internal.telephony.ServiceStatus@419b3680, com.android.internal.telephony.ServiceStatus@41a04620, com.android.internal.telephony.ServiceStatus@41a08f88, com.android.internal.telephony.ServiceStatus@4196f2a8, com.android.internal.telephony.ServiceStatus@419c4d48] [SUB0]
V/ImsSenderRxr( 2595): Read packet: 14 bytes
V/ImsSenderRxr( 2595): processResponse [SUB0]
D/ImsSenderRxr( 2595):  byte 0:11 [SUB0]
D/ImsSenderRxr( 2595):  byte 1:13 [SUB0]
D/ImsSenderRxr( 2595):  byte 2:18 [SUB0]
D/ImsSenderRxr( 2595):  byte 3:0 [SUB0]
D/ImsSenderRxr( 2595):  byte 4:0 [SUB0]
D/ImsSenderRxr( 2595):  byte 5:0 [SUB0]
D/ImsSenderRxr( 2595):  byte 6:16 [SUB0]
D/ImsSenderRxr( 2595):  byte 7:2 [SUB0]
D/ImsSenderRxr( 2595):  byte 8:24 [SUB0]
D/ImsSenderRxr( 2595):  byte 9:1 [SUB0]
D/ImsSenderRxr( 2595):  byte 10:32 [SUB0]
D/ImsSenderRxr( 2595):  byte 11:0 [SUB0]
D/ImsSenderRxr( 2595):  byte 12:8 [SUB0]
D/ImsSenderRxr( 2595):  byte 13:2 [SUB0]
D/ImsSenderRxr( 2595):  Tag 18 2 1 0 [SUB0]
D/ImsSenderRxr( 2595): [0018]< REQUEST_IMS_REGISTRATION_STATE {2, 0} [SUB0]
V/ImsSenderRxr( 2595): Read packet: 12 bytes
V/ImsSenderRxr( 2595): processResponse [SUB0]
D/ImsSenderRxr( 2595):  byte 0:11 [SUB0]
D/ImsSenderRxr( 2595):  byte 1:13 [SUB0]
D/ImsSenderRxr( 2595):  byte 2:19 [SUB0]
D/ImsSenderRxr( 2595):  byte 3:0 [SUB0]
D/ImsSenderRxr( 2595):  byte 4:0 [SUB0]
D/ImsSenderRxr( 2595):  byte 5:0 [SUB0]
D/ImsSenderRxr( 2595):  byte 6:16 [SUB0]
D/ImsSenderRxr( 2595):  byte 7:2 [SUB0]
D/ImsSenderRxr( 2595):  byte 8:24 [SUB0]
D/ImsSenderRxr( 2595):  byte 9:6 [SUB0]
D/ImsSenderRxr( 2595):  byte 10:32 [SUB0]
D/ImsSenderRxr( 2595):  byte 11:0 [SUB0]
D/ImsSenderRxr( 2595):  Tag 19 2 6 0 [SUB0]
D/ImsSenderRxr( 2595): [0019]< GET_CURRENT_CALLS   [SUB0]
D/QTI-AntiTheft-Demo( 3384): Service state changed: 1
D/dalvikvm(  756): GC_FOR_ALLOC freed 300K, 17% free 6640K/7940K, paused 42ms, total 42ms
D/dalvikvm(  756): GC_FOR_ALLOC freed 174K, 17% free 6642K/7940K, paused 32ms, total 32ms
D/dalvikvm(  756): GC_FOR_ALLOC freed 49K, 15% free 6766K/7940K, paused 33ms, total 33ms
D/dalvikvm(  756): GC_FOR_ALLOC freed 131K, 16% free 6787K/8044K, paused 31ms, total 31ms
D/dalvikvm(  756): GC_FOR_ALLOC freed 175K, 17% free 6789K/8096K, paused 35ms, total 35ms
D/dalvikvm(  756): GC_FOR_ALLOC freed 50K, 16% free 6863K/8096K, paused 43ms, total 43ms
D/dalvikvm( 2595): GC_FOR_ALLOC freed 668K, 28% free 3442K/4772K, paused 13ms, total 14ms
D/dalvikvm( 2595): GC_CONCURRENT freed 247K, 25% free 3612K/4772K, paused 3ms+2ms, total 19ms
D/dalvikvm( 2595): WAIT_FOR_CONCURRENT_GC blocked 12ms
D/dalvikvm( 2595): GC_FOR_ALLOC freed 181K, 24% free 3667K/4772K, paused 12ms, total 13ms
D/dalvikvm( 2595): GC_FOR_ALLOC freed 129K, 24% free 3645K/4772K, paused 15ms, total 15ms
D/dalvikvm( 2595): GC_FOR_ALLOC freed <1K, 23% free 3696K/4772K, paused 12ms, total 12ms
I/dalvikvm-heap( 2595): Grow heap (frag case) to 4.537MB for 79376-byte allocation
D/audio_hw_primary(  224): out_standby: enter: stream (0xb7fa76a8) usecase(1: low-latency-playback)
D/dalvikvm( 2595): GC_FOR_ALLOC freed 180K, 24% free 3700K/4852K, paused 14ms, total 14ms
D/dalvikvm( 2595): GC_FOR_ALLOC freed 51K, 23% free 3777K/4852K, paused 15ms, total 15ms
I/dalvikvm-heap( 2595): Grow heap (frag case) to 4.593MB for 55850-byte allocation
D/KeyguardUpdateMonitor( 2375): ACTION_SIM_STATE_CHANGED intent received on sub = 0
D/TelephonyIcons( 2375): updateDataType sub=0, type=0, inetCondition=0 showAtLeast3G=false show4GforLte=true hspaDistinguishable=false
D/TelephonyIcons( 2375): data type item name: array/telephony_data_type_sim1
D/TelephonyIcons( 2375): data type item id: 2131099655
D/TelephonyIcons( 2375): updateDataType mSelectedDataTypeIcon[0]=0, mSelectedDataActivityIndex=0
D/TelephonyIcons( 2375): no sim icon name: drawable/stat_sys_no_sim
D/SimStateReceiver( 3043): received broadcast android.intent.action.SIM_STATE_CHANGED
D/XDivertUtility( 2595): mHAndler msg: 4
D/XDivertUtility( 2595): EVENT_ICC_CHANGED
D/SimStateReceiver( 3043): ACTION_SIM_STATE_CHANGED intent received on sub = 0SIM STATE IS ABSENT
D/MSimCallNotifier( 2595): getXDivertStatus status = false
D/ImsPhone( 2595): Received event:30
E/ImsPhone( 2595): Error! updateIccAvailability() is not supported by IMS
D/CardStateMonitor( 2595): on EVENT_ICC_CHANGED
D/CardStateMonitor( 2595): ICC changed on sub0, state is CARDSTATE_ABSENT
D/ImsSenderRxr( 2595): [0020]> GET_CURRENT_CALLS [SUB0]
D/ImsSenderRxr( 2595):  0 [SUB0]
D/ImsSenderRxr( 2595):  0 [SUB0]
D/ImsSenderRxr( 2595):  0 [SUB0]
D/ImsSenderRxr( 2595):  12 [SUB0]
D/ImsSenderRxr( 2595):  11 [SUB0]
D/ImsSenderRxr( 2595):  13 [SUB0]
D/ImsSenderRxr( 2595):  20 [SUB0]
D/ImsSenderRxr( 2595):  0 [SUB0]
D/ImsSenderRxr( 2595):  0 [SUB0]
D/ImsSenderRxr( 2595):  0 [SUB0]
D/ImsSenderRxr( 2595):  16 [SUB0]
D/ImsSenderRxr( 2595):  1 [SUB0]
D/ImsSenderRxr( 2595):  24 [SUB0]
D/ImsSenderRxr( 2595):  6 [SUB0]
D/ImsSenderRxr( 2595):  32 [SUB0]
D/ImsSenderRxr( 2595):  0 [SUB0]
D/ImsPhone( 2595): Received event:36
D/ImsSenderRxr( 2595): [0021]> REQUEST_IMS_REGISTRATION_STATE [SUB0]
D/ImsSenderRxr( 2595):  0 [SUB0]
D/ImsSenderRxr( 2595):  0 [SUB0]
D/ImsSenderRxr( 2595):  0 [SUB0]
D/ImsSenderRxr( 2595):  12 [SUB0]
D/ImsSenderRxr( 2595):  11 [SUB0]
D/ImsSenderRxr( 2595):  13 [SUB0]
D/ImsSenderRxr( 2595):  21 [SUB0]
D/ImsSenderRxr( 2595):  0 [SUB0]
D/ImsSenderRxr( 2595):  0 [SUB0]
D/ImsSenderRxr( 2595):  0 [SUB0]
D/ImsSenderRxr( 2595):  16 [SUB0]
D/ImsSenderRxr( 2595):  1 [SUB0]
D/ImsSenderRxr( 2595):  24 [SUB0]
D/ImsSenderRxr( 2595):  1 [SUB0]
D/ImsSenderRxr( 2595):  32 [SUB0]
D/ImsSenderRxr( 2595):  0 [SUB0]
V/ImsSenderRxr( 2595): Read packet: 12 bytes
V/ImsSenderRxr( 2595): processResponse [SUB0]
D/ImsSenderRxr( 2595):  byte 0:11 [SUB0]
D/ImsSenderRxr( 2595):  byte 1:13 [SUB0]
D/ImsSenderRxr( 2595):  byte 2:20 [SUB0]
D/ImsSenderRxr( 2595):  byte 3:0 [SUB0]
D/ImsSenderRxr( 2595):  byte 4:0 [SUB0]
D/ImsSenderRxr( 2595):  byte 5:0 [SUB0]
D/ImsSenderRxr( 2595):  byte 6:16 [SUB0]
D/ImsSenderRxr( 2595):  byte 7:2 [SUB0]
D/ImsSenderRxr( 2595):  byte 8:24 [SUB0]
D/ImsSenderRxr( 2595):  byte 9:6 [SUB0]
D/ImsSenderRxr( 2595):  byte 10:32 [SUB0]
D/ImsSenderRxr( 2595):  byte 11:0 [SUB0]
D/ImsSenderRxr( 2595):  Tag 20 2 6 0 [SUB0]
D/ImsSenderRxr( 2595): [0022]> REQUEST_IMS_REGISTRATION_STATE [SUB0]
D/ImsSenderRxr( 2595):  0 [SUB0]
D/ImsSenderRxr( 2595):  0 [SUB0]
D/ImsSenderRxr( 2595):  0 [SUB0]
D/ImsSenderRxr( 2595):  12 [SUB0]
D/ImsSenderRxr( 2595):  11 [SUB0]
D/ImsSenderRxr( 2595): [0020]< GET_CURRENT_CALLS   [SUB0]
D/ImsSenderRxr( 2595):  13 [SUB0]
D/ImsSenderRxr( 2595):  22 [SUB0]
D/ImsSenderRxr( 2595):  0 [SUB0]
D/ImsSenderRxr( 2595):  0 [SUB0]
V/ImsSenderRxr( 2595): Read packet: 14 bytes
D/ImsSenderRxr( 2595):  0 [SUB0]
V/ImsSenderRxr( 2595): processResponse [SUB0]
D/ImsSenderRxr( 2595):  16 [SUB0]
D/ImsSenderRxr( 2595):  1 [SUB0]
D/ImsSenderRxr( 2595):  byte 0:11 [SUB0]
W/ContextImpl( 3043): Calling a method in the system process without a qualified user: android.app.ContextImpl.startService:1502 android.content.ContextWrapper.startService:494 android.content.ContextWrapper.startService:494 com.qualcomm.simcontacts.SimStateReceiver.sendSimState:78 com.qualcomm.simcontacts.SimStateReceiver.onReceive:54 
D/ImsSenderRxr( 2595):  24 [SUB0]
D/ImsSenderRxr( 2595):  byte 1:13 [SUB0]
D/ImsSenderRxr( 2595):  1 [SUB0]
D/ImsSenderRxr( 2595):  32 [SUB0]
D/ImsSenderRxr( 2595):  0 [SUB0]
D/ImsSenderRxr( 2595):  byte 2:21 [SUB0]
D/ImsSenderRxr( 2595):  byte 3:0 [SUB0]
D/ImsSenderRxr( 2595):  byte 4:0 [SUB0]
D/ImsSenderRxr( 2595):  byte 5:0 [SUB0]
D/ImsSenderRxr( 2595):  byte 6:16 [SUB0]
D/ImsSenderRxr( 2595):  byte 7:2 [SUB0]
D/ImsSenderRxr( 2595):  byte 8:24 [SUB0]
D/ImsSenderRxr( 2595):  byte 9:1 [SUB0]
D/ImsSenderRxr( 2595):  byte 10:32 [SUB0]
D/ImsSenderRxr( 2595):  byte 11:0 [SUB0]
D/ImsSenderRxr( 2595):  byte 12:8 [SUB0]
D/ImsSenderRxr( 2595):  byte 13:2 [SUB0]
D/ImsSenderRxr( 2595):  Tag 21 2 1 0 [SUB0]
D/ImsSenderRxr( 2595): [0021]< REQUEST_IMS_REGISTRATION_STATE {2, 0} [SUB0]
D/QC_RIL_OEM_HOOK( 2595): Received Broadcast Intent ACTION_UNSOL_RESPONSE_OEM_HOOK_RAW
D/QC_RIL_OEM_HOOK( 2595): Oem ID in QCRILHOOK UNSOL RESP is QOEMHOOK
V/ImsSenderRxr( 2595): Read packet: 14 bytes
V/ImsSenderRxr( 2595): processResponse [SUB0]
D/ImsSenderRxr( 2595):  byte 0:11 [SUB0]
D/ImsSenderRxr( 2595):  byte 1:13 [SUB0]
D/ImsSenderRxr( 2595):  byte 2:22 [SUB0]
D/ImsSenderRxr( 2595):  byte 3:0 [SUB0]
D/ImsSenderRxr( 2595):  byte 4:0 [SUB0]
D/ImsSenderRxr( 2595):  byte 5:0 [SUB0]
D/ImsSenderRxr( 2595):  byte 6:16 [SUB0]
D/ImsSenderRxr( 2595):  byte 7:2 [SUB0]
D/ImsSenderRxr( 2595):  byte 8:24 [SUB0]
D/ImsSenderRxr( 2595):  byte 9:1 [SUB0]
D/ImsSenderRxr( 2595):  byte 10:32 [SUB0]
D/ImsSenderRxr( 2595):  byte 11:0 [SUB0]
D/ImsSenderRxr( 2595):  byte 12:8 [SUB0]
D/ImsSenderRxr( 2595):  byte 13:2 [SUB0]
D/ImsSenderRxr( 2595):  Tag 22 2 1 0 [SUB0]
D/ImsSenderRxr( 2595): [0022]< REQUEST_IMS_REGISTRATION_STATE {2, 0} [SUB0]
D/QC_RIL_OEM_HOOK( 2595): Received Broadcast Intent ACTION_UNSOL_RESPONSE_OEM_HOOK_RAW
D/QC_RIL_OEM_HOOK( 2595): Oem ID in QCRILHOOK UNSOL RESP is QOEMHOOK
D/ServiceStateMonitor( 2595): sub0 roaming changed, [ServiceState] state=1, roaming=null
V/MSimPhoneGlobals( 2595): Action intent recieved:android.intent.action.SERVICE_STATE
D/NotificationMgr( 2595): updateNetworkSelection()...state = 1 new network 
D/ImsPhone( 2595): Received event:40
D/ImsPhone( 2595): Received event: EVENT_GET/SRV_STATUS_UPDATE
D/ImsPhone( 2595): type = 10 status = 0 isValid = true
D/ImsPhone( 2595): type = 0 status = 0 isValid = true
D/ImsPhone( 2595): Call Type 0has num updates = 1
D/ImsPhone( 2595): type = 3 status = 0 isValid = true
D/ImsPhone( 2595): Call Type 3has num updates = 1
D/ImsPhone( 2595): type = 1 status = 0 isValid = true
D/ImsPhone( 2595): Call Type 1has num updates = 1
D/ImsPhone( 2595): type = 2 status = 0 isValid = true
D/ImsPhone( 2595): Call Type 2has num updates = 1
D/ImsPhone( 2595): type = 11 status = 0 isValid = true
