I/Timeline( 3410): Timeline: Activity_idle id: android.os.BinderProxy@419c3a20 time:159164
D/dalvikvm(  756): GC_CONCURRENT freed 809K, 17% free 6601K/7940K, paused 2ms+4ms, total 51ms
D/dalvikvm( 3938): GC_CONCURRENT freed 403K, 22% free 2799K/3572K, paused 3ms+1ms, total 14ms
I/Timeline(  756): Timeline: Activity_windows_visible id: ActivityRecord{41be87b8 u0 com.android.settings/.SubSettings t4} time:159472
D/dalvikvm( 3410): GC_EXPLICIT freed 261K, 15% free 4262K/5012K, paused 6ms+3ms, total 34ms
D/dalvikvm(  756): GC_CONCURRENT freed 893K, 18% free 6574K/7940K, paused 3ms+3ms, total 45ms
D/dalvikvm( 3938): GC_CONCURRENT freed 404K, 22% free 2799K/3572K, paused 1ms+1ms, total 12ms
D/dalvikvm(  756): GC_CONCURRENT freed 868K, 18% free 6555K/7940K, paused 3ms+4ms, total 47ms
I/ActivityManager(  756): START u0 {act=android.intent.action.MAIN cat=[android.intent.category.HOME] flg=0x10200000 cmp=com.featurephone.launcher/.LauncherActivity} from pid 756
D/LauncherActivity( 2649): mHomeScreenFrameLayout is not visible, making it visible
D/LauncherActivity( 2649):  in on resume checking for battery 
D/dalvikvm( 3938): GC_CONCURRENT freed 404K, 22% free 2799K/3572K, paused 1ms+1ms, total 10ms
D/LauncherActivity( 2649):  SPN String updated 
D/LauncherActivity( 2649): one flag is true, SPN flag : false, PLMN flag : true
D/LauncherActivity( 2649): PLMN Name : Emergency calls only
D/LauncherActivity( 2649):  battery  
D/LauncherActivity( 2649):  battery plug : 2
D/BatteryStatus( 2649):  battery  level : 52
I/Timeline( 2649): Timeline: Activity_idle id: android.os.BinderProxy@418f4488 time:160651
D/MousePointer( 2781):  TYPE_WINDOW_STATE_CHANGED com.featurephone.launcher
I/Timeline(  756): Timeline: Activity_windows_visible id: ActivityRecord{41c44988 u0 com.featurephone.launcher/.LauncherActivity t1} time:161119
D/QcrilMsgTunnelSocket( 3009): readRilMessage: Buffer = [B@418f90a8 HexData = [010000000404000011000000514f454d484f4f4bef0308000100000003]
D/QcrilMsgTunnelSocket( 3009): Rcvd UNSOL response with 28 bytes data for SUB0
D/QcrilMsgTunnelSocket( 3009): Response ID 525295 is not served in this process.
D/QcrilMsgTunnelSocket( 3009): To broadcast an Intent via the notifier to external apps
D/QcrilMsgTunnelIfaceManager( 3009): handleMessage what = 0
D/QcrilMsgTunnelIfaceManager( 3009): Broadcasting intent ACTION_UNSOL_RESPONSE_OEM_HOOK_RAW
D/QC_RIL_OEM_HOOK( 3371): Received Broadcast Intent ACTION_UNSOL_RESPONSE_OEM_HOOK_RAW
D/QC_RIL_OEM_HOOK( 3371): Oem ID in QCRILHOOK UNSOL RESP is QOEMHOOK
V/QMI_OEMHOOK( 3371): Thread=main received { when=0 what=0 obj=android.os.AsyncResult@41906bc0 target=com.qualcomm.qcrilhook.QmiOemHook }
V/QMI_OEMHOOK( 3371): QMI_OEM_HOOK_UNSOL received
V/QMI_OEMHOOK( 3371): receive responseData = ef0308000100000003 message=null responseType= IS_UNSOL
V/QMI_OEMHOOK( 3371): receive respByteBuf after ByteBuffer.wrap(payload) = ef0308000100000003
V/QMI_OEMHOOK( 3371): receive respByteBuf = java.nio.ByteArrayBuffer[position=0,limit=9,capacity=9]
E/QMI_OEMHOOK( 3371): requestId NOT in QMI OemHook range, No further processing
D/QC_RIL_OEM_HOOK( 2595): Received Broadcast Intent ACTION_UNSOL_RESPONSE_OEM_HOOK_RAW
D/QC_RIL_OEM_HOOK( 2595): Oem ID in QCRILHOOK UNSOL RESP is QOEMHOOK
D/QC_RIL_OEM_HOOK( 2595): Received Broadcast Intent ACTION_UNSOL_RESPONSE_OEM_HOOK_RAW
D/QC_RIL_OEM_HOOK( 2595): Oem ID in QCRILHOOK UNSOL RESP is QOEMHOOK
D/QC_RIL_OEM_HOOK( 3247): Received Broadcast Intent ACTION_UNSOL_RESPONSE_OEM_HOOK_RAW
D/QC_RIL_OEM_HOOK( 3247): Oem ID in QCRILHOOK UNSOL RESP is QOEMHOOK
D/TelephonyIcons( 2375): updateDataType sub=0, type=0, inetCondition=0 showAtLeast3G=false show4GforLte=true hspaDistinguishable=false
D/TelephonyIcons( 2375): data type item name: array/telephony_data_type_sim1
D/TelephonyIcons( 2375): data type item id: 2131099655
D/TelephonyIcons( 2375): updateDataType mSelectedDataTypeIcon[0]=0, mSelectedDataActivityIndex=0
D/TelephonyIcons( 2375): null signal icon name: drawable/stat_sys_signal_null
D/StatusBar.MSimNetworkController( 2375): updateTelephonySignalStrength: subscription =0
E/CABL    ( 3190): Failed to connect to daemon socket
W/System.err( 3190): java.io.IOException: No such file or directory
W/System.err( 3190): 	at android.net.LocalSocketImpl.connectLocal(Native Method)
W/System.err( 3190): 	at android.net.LocalSocketImpl.connect(LocalSocketImpl.java:290)
W/System.err( 3190): 	at android.net.LocalSocket.connect(LocalSocket.java:130)
W/System.err( 3190): 	at com.qualcomm.cabl.CABLDaemonConnector.listenToSocket(CABLDaemonConnector.java:58)
W/System.err( 3190): 	at com.qualcomm.cabl.CABLDaemonConnector.run(CABLDaemonConnector.java:42)
W/System.err( 3190): 	at java.lang.Thread.run(Thread.java:841)
E/CABL    ( 3190): Closing the socket!
D/PPDaemon( 4120): CABL version 2.0.20140905
D/PPDaemon( 4120): isHDMIPrimary: HDMI is not primary display
E/PPDaemon( 4120): Unable to open fb type file  err:  No such file or directory
E/PPDaemon( 4120): Unable to open fb type file  err:  No such file or directory
E/PPDaemon( 4120): void openPrimaryFrameBuffer(DaemonContext&): Cannot locate the primary framebuffer
E/LocSvc_libulp(  756): I/===> int ulp_msg_process_system_update(UlpSystemEvent) line 1460 
E/LocSvc_libulp(  756): I/int ulp_msg_process_system_update(UlpSystemEvent): systemEvent:5 
E/LocSvc_libulp(  756): I/===> int ulp_brain_process_system_update(UlpSystemEvent) line 2345 
E/LocSvc_libulp(  756): I/===> int ulp_brain_select_providers() line 333 
E/LocSvc_libulp(  756): I/===> int ulp_brain_turn_onoff_quipc_provider() line 700 
E/LocSvc_libulp(  756): I/===> int ulp_quipc_stop_engine() line 238 
E/LocSvc_libulp(  756): I/===> bool ulp_quipc_engine_running() line 63 
E/LocSvc_libulp(  756): I/===> int ulp_brain_turn_onoff_gnss_provider() line 595 
E/LocSvc_libulp(  756): I/===> int ulp_gnss_stop_engine() line 262 
E/LocSvc_libulp(  756): I/===> bool ulp_quipc_engine_running() line 63 
E/LocSvc_libulp(  756): I/===> int ulp_brain_turn_onoff_gnp_provider() line 496 
E/LocSvc_libulp(  756): I/===> bool ulp_gnp_engine_running() line 59 
E/LocSvc_libulp(  756): I/===> int ulp_gnp_stop_engine() line 195 
E/LocSvc_libulp(  756): I/===> bool ulp_gnp_engine_running() line 59 
E/LocSvc_libulp(  756): I/===> bool ulp_gnp_engine_running() line 59 
E/LocSvc_libulp(  756): I/===> int ulp_brain_turn_onoff_zpp_provider() line 437 
E/LocSvc_libulp(  756): I/===> int ulp_zpp_start_engine() line 98 
E/LocSvc_libulp(  756): I/===> bool ulp_zpp_engine_running() line 62 
E/LocSvc_libulp(  756): I/===> int ulp_msg_process_start_req() line 452 
E/LocSvc_libulp(  756): I/int ulp_msg_process_start_req(), at ulp state = 1
E/LocSvc_api_v02(  756): I/---> locClientSendReq line 2426 QMI_LOC_GET_BEST_AVAILABLE_POSITION_REQ_V02
E/LocSvc_ApiV02(  756): I/<--- void globalRespCb(locClientHandleType, uint32_t, locClientRespIndUnionType, void*) line 106 QMI_LOC_GET_BEST_AVAILABLE_POSITION_REQ_V02
E/LocSvc_libulp(  756): I/===> int ulp_brain_process_zpp_position_report(loc_sess_status, LocPosTechMask, const UlpLocation*) line 1458 
E/LocSvc_libulp(  756): I/===> int ulp_msg_send_generic_position_report(loc_sess_status, LocPosTechMask, const UlpLocation*, const GpsLocationExtended*, const void*) line 1016 
D/Ulp_jni (  756): Location CB invoked
E/LocSvc_libulp(  756): I/int ulp_brain_process_zpp_position_report(loc_sess_status, LocPosTechMask, const UlpLocation*), report ZPP position to providers,report_position = 1
E/LocSvc_libulp(  756): I/===> int ulp_brain_select_providers() line 333 
E/LocSvc_libulp(  756): I/===> int ulp_brain_turn_onoff_quipc_provider() line 700 
E/LocSvc_libulp(  756): I/===> int ulp_quipc_stop_engine() line 238 
E/LocSvc_libulp(  756): I/===> bool ulp_quipc_engine_running() line 63 
E/LocSvc_libulp(  756): I/===> int ulp_brain_turn_onoff_gnss_provider() line 595 
E/LocSvc_libulp(  756): I/===> int ulp_gnss_stop_engine() line 262 
E/LocSvc_libulp(  756): I/===> bool ulp_quipc_engine_running() line 63 
E/LocSvc_libulp(  756): I/===> int ulp_brain_turn_onoff_gnp_provider() line 496 
E/LocSvc_libulp(  756): I/===> bool ulp_gnp_engine_running() line 59 
E/LocSvc_libulp(  756): I/===> int ulp_gnp_stop_engine() line 195 
E/LocSvc_libulp(  756): I/===> bool ulp_gnp_engine_running() line 59 
E/LocSvc_libulp(  756): I/===> bool ulp_gnp_engine_running() line 59 
E/LocSvc_libulp(  756): I/===> int ulp_brain_turn_onoff_zpp_provider() line 437 
E/LocSvc_libulp(  756): I/===> int ulp_zpp_stop_engine() line 174 
E/LocSvc_libulp(  756): I/===> bool ulp_zpp_engine_running() line 62 
E/CABL    ( 3190): Failed to connect to daemon socket
W/System.err( 3190): java.io.IOException: No such file or directory
W/System.err( 3190): 	at android.net.LocalSocketImpl.connectLocal(Native Method)
W/System.err( 3190): 	at android.net.LocalSocketImpl.connect(LocalSocketImpl.java:290)
W/System.err( 3190): 	at android.net.LocalSocket.connect(LocalSocket.java:130)
W/System.err( 3190): 	at com.qualcomm.cabl.CABLDaemonConnector.listenToSocket(CABLDaemonConnector.java:58)
W/System.err( 3190): 	at com.qualcomm.cabl.CABLDaemonConnector.run(CABLDaemonConnector.java:42)
W/System.err( 3190): 	at java.lang.Thread.run(Thread.java:841)
E/CABL    ( 3190): Closing the socket!
D/PPDaemon( 4122): CABL version 2.0.20140905
D/PPDaemon( 4122): isHDMIPrimary: HDMI is not primary display
E/PPDaemon( 4122): Unable to open fb type file  err:  No such file or directory
E/PPDaemon( 4122): Unable to open fb type file  err:  No such file or directory
E/PPDaemon( 4122): void openPrimaryFrameBuffer(DaemonContext&): Cannot locate the primary framebuffer
E/CABL    ( 3190): Failed to connect to daemon socket
W/System.err( 3190): java.io.IOException: No such file or directory
W/System.err( 3190): 	at android.net.LocalSocketImpl.connectLocal(Native Method)
W/System.err( 3190): 	at android.net.LocalSocketImpl.connect(LocalSocketImpl.java:290)
W/System.err( 3190): 	at android.net.LocalSocket.connect(LocalSocket.java:130)
W/System.err( 3190): 	at com.qualcomm.cabl.CABLDaemonConnector.listenToSocket(CABLDaemonConnector.java:58)
W/System.err( 3190): 	at com.qualcomm.cabl.CABLDaemonConnector.run(CABLDaemonConnector.java:42)
W/System.err( 3190): 	at java.lang.Thread.run(Thread.java:841)
E/CABL    ( 3190): Closing the socket!
D/PPDaemon( 4125): CABL version 2.0.20140905
D/PPDaemon( 4125): isHDMIPrimary: HDMI is not primary display
E/PPDaemon( 4125): Unable to open fb type file  err:  No such file or directory
E/PPDaemon( 4125): Unable to open fb type file  err:  No such file or directory
E/PPDaemon( 4125): void openPrimaryFrameBuffer(DaemonContext&): Cannot locate the primary framebuffer
E/LocSvc_libulp(  756): I/===> int ulp_msg_process_system_update(UlpSystemEvent) line 1460 
E/LocSvc_libulp(  756): I/int ulp_msg_process_system_update(UlpSystemEvent): systemEvent:5 
E/LocSvc_libulp(  756): I/===> int ulp_brain_process_system_update(UlpSystemEvent) line 2345 
E/LocSvc_libulp(  756): I/===> int ulp_brain_select_providers() line 333 
E/LocSvc_libulp(  756): I/===> int ulp_brain_turn_onoff_quipc_provider() line 700 
E/LocSvc_libulp(  756): I/===> int ulp_quipc_stop_engine() line 238 
E/LocSvc_libulp(  756): I/===> bool ulp_quipc_engine_running() line 63 
E/LocSvc_libulp(  756): I/===> int ulp_brain_turn_onoff_gnss_provider() line 595 
E/LocSvc_libulp(  756): I/===> int ulp_gnss_stop_engine() line 262 
E/LocSvc_libulp(  756): I/===> bool ulp_quipc_engine_running() line 63 
E/LocSvc_libulp(  756): I/===> int ulp_brain_turn_onoff_gnp_provider() line 496 
E/LocSvc_libulp(  756): I/===> bool ulp_gnp_engine_running() line 59 
E/LocSvc_libulp(  756): I/===> int ulp_gnp_stop_engine() line 195 
E/LocSvc_libulp(  756): I/===> bool ulp_gnp_engine_running() line 59 
E/LocSvc_libulp(  756): I/===> bool ulp_gnp_engine_running() line 59 
E/LocSvc_libulp(  756): I/===> int ulp_brain_turn_onoff_zpp_provider() line 437 
E/LocSvc_libulp(  756): I/===> int ulp_zpp_start_engine() line 98 
E/LocSvc_libulp(  756): I/===> bool ulp_zpp_engine_running() line 62 
E/LocSvc_libulp(  756): I/===> int ulp_msg_process_start_req() line 452 
E/LocSvc_libulp(  756): I/int ulp_msg_process_start_req(), at ulp state = 1
E/LocSvc_api_v02(  756): I/---> locClientSendReq line 2426 QMI_LOC_GET_BEST_AVAILABLE_POSITION_REQ_V02
E/LocSvc_ApiV02(  756): I/<--- void globalRespCb(locClientHandleType, uint32_t, locClientRespIndUnionType, void*) line 106 QMI_LOC_GET_BEST_AVAILABLE_POSITION_REQ_V02
E/LocSvc_libulp(  756): I/===> int ulp_brain_process_zpp_position_report(loc_sess_status, LocPosTechMask, const UlpLocation*) line 1458 
E/LocSvc_libulp(  756): I/===> int ulp_msg_send_generic_position_report(loc_sess_status, LocPosTechMask, const UlpLocation*, const GpsLocationExtended*, const void*) line 1016 
D/Ulp_jni (  756): Location CB invoked
E/LocSvc_libulp(  756): I/int ulp_brain_process_zpp_position_report(loc_sess_status, LocPosTechMask, const UlpLocation*), report ZPP position to providers,report_position = 1
E/LocSvc_libulp(  756): I/===> int ulp_brain_select_providers() line 333 
E/LocSvc_libulp(  756): I/===> int ulp_brain_turn_onoff_quipc_provider() line 700 
E/LocSvc_libulp(  756): I/===> int ulp_quipc_stop_engine() line 238 
E/LocSvc_libulp(  756): I/===> bool ulp_quipc_engine_running() line 63 
E/LocSvc_libulp(  756): I/===> int ulp_brain_turn_onoff_gnss_provider() line 595 
E/LocSvc_libulp(  756): I/===> int ulp_gnss_stop_engine() line 262 
E/LocSvc_libulp(  756): I/===> bool ulp_quipc_engine_running() line 63 
E/LocSvc_libulp(  756): I/===> int ulp_brain_turn_onoff_gnp_provider() line 496 
E/LocSvc_libulp(  756): I/===> bool ulp_gnp_engine_running() line 59 
E/LocSvc_libulp(  756): I/===> int ulp_gnp_stop_engine() line 195 
E/LocSvc_libulp(  756): I/===> bool ulp_gnp_engine_running() line 59 
E/LocSvc_libulp(  756): I/===> bool ulp_gnp_engine_running() line 59 
E/LocSvc_libulp(  756): I/===> int ulp_brain_turn_onoff_zpp_provider() line 437 
E/LocSvc_libulp(  756): I/===> int ulp_zpp_stop_engine() line 174 
E/LocSvc_libulp(  756): I/===> bool ulp_zpp_engine_running() line 62 
E/CABL    ( 3190): Failed to connect to daemon socket
W/System.err( 3190): java.io.IOException: No such file or directory
W/System.err( 3190): 	at android.net.LocalSocketImpl.connectLocal(Native Method)
W/System.err( 3190): 	at android.net.LocalSocketImpl.connect(LocalSocketImpl.java:290)
W/System.err( 3190): 	at android.net.LocalSocket.connect(LocalSocket.java:130)
W/System.err( 3190): 	at com.qualcomm.cabl.CABLDaemonConnector.listenToSocket(CABLDaemonConnector.java:58)
W/System.err( 3190): 	at com.qualcomm.cabl.CABLDaemonConnector.run(CABLDaemonConnector.java:42)
W/System.err( 3190): 	at java.lang.Thread.run(Thread.java:841)
E/CABL    ( 3190): Closing the socket!
D/PPDaemon( 4128): CABL version 2.0.20140905
D/PPDaemon( 4128): isHDMIPrimary: HDMI is not primary display
E/PPDaemon( 4128): Unable to open fb type file  err:  No such file or directory
E/PPDaemon( 4128): Unable to open fb type file  err:  No such file or directory
E/PPDaemon( 4128): void openPrimaryFrameBuffer(DaemonContext&): Cannot locate the primary framebuffer
E/CABL    ( 3190): Failed to connect to daemon socket
W/System.err( 3190): java.io.IOException: No such file or directory
W/System.err( 3190): 	at android.net.LocalSocketImpl.connectLocal(Native Method)
W/System.err( 3190): 	at android.net.LocalSocketImpl.connect(LocalSocketImpl.java:290)
W/System.err( 3190): 	at android.net.LocalSocket.connect(LocalSocket.java:130)
W/System.err( 3190): 	at com.qualcomm.cabl.CABLDaemonConnector.listenToSocket(CABLDaemonConnector.java:58)
W/System.err( 3190): 	at com.qualcomm.cabl.CABLDaemonConnector.run(CABLDaemonConnector.java:42)
W/System.err( 3190): 	at java.lang.Thread.run(Thread.java:841)
E/CABL    ( 3190): Closing the socket!
D/PPDaemon( 4130): CABL version 2.0.20140905
D/PPDaemon( 4130): isHDMIPrimary: HDMI is not primary display
E/PPDaemon( 4130): Unable to open fb type file  err:  No such file or directory
E/PPDaemon( 4130): Unable to open fb type file  err:  No such file or directory
E/PPDaemon( 4130): void openPrimaryFrameBuffer(DaemonContext&): Cannot locate the primary framebuffer
E/LocSvc_libulp(  756): I/===> int ulp_msg_process_system_update(UlpSystemEvent) line 1460 
E/LocSvc_libulp(  756): I/int ulp_msg_process_system_update(UlpSystemEvent): systemEvent:5 
E/LocSvc_libulp(  756): I/===> int ulp_brain_process_system_update(UlpSystemEvent) line 2345 
E/LocSvc_libulp(  756): I/===> int ulp_brain_select_providers() line 333 
E/LocSvc_libulp(  756): I/===> int ulp_brain_turn_onoff_quipc_provider() line 700 
E/LocSvc_libulp(  756): I/===> int ulp_quipc_stop_engine() line 238 
E/LocSvc_libulp(  756): I/===> bool ulp_quipc_engine_running() line 63 
E/LocSvc_libulp(  756): I/===> int ulp_brain_turn_onoff_gnss_provider() line 595 
E/LocSvc_libulp(  756): I/===> int ulp_gnss_stop_engine() line 262 
E/LocSvc_libulp(  756): I/===> bool ulp_quipc_engine_running() line 63 
E/LocSvc_libulp(  756): I/===> int ulp_brain_turn_onoff_gnp_provider() line 496 
E/LocSvc_libulp(  756): I/===> bool ulp_gnp_engine_running() line 59 
E/LocSvc_libulp(  756): I/===> int ulp_gnp_stop_engine() line 195 
E/LocSvc_libulp(  756): I/===> bool ulp_gnp_engine_running() line 59 
E/LocSvc_libulp(  756): I/===> bool ulp_gnp_engine_running() line 59 
E/LocSvc_libulp(  756): I/===> int ulp_brain_turn_onoff_zpp_provider() line 437 
E/LocSvc_libulp(  756): I/===> int ulp_zpp_start_engine() line 98 
E/LocSvc_libulp(  756): I/===> bool ulp_zpp_engine_running() line 62 
E/LocSvc_libulp(  756): I/===> int ulp_msg_process_start_req() line 452 
E/LocSvc_libulp(  756): I/int ulp_msg_process_start_req(), at ulp state = 1
E/LocSvc_api_v02(  756): I/---> locClientSendReq line 2426 QMI_LOC_GET_BEST_AVAILABLE_POSITION_REQ_V02
E/LocSvc_ApiV02(  756): I/<--- void globalRespCb(locClientHandleType, uint32_t, locClientRespIndUnionType, void*) line 106 QMI_LOC_GET_BEST_AVAILABLE_POSITION_REQ_V02
E/LocSvc_libulp(  756): I/===> int ulp_brain_process_zpp_position_report(loc_sess_status, LocPosTechMask, const UlpLocation*) line 1458 
E/LocSvc_libulp(  756): I/===> int ulp_msg_send_generic_position_report(loc_sess_status, LocPosTechMask, const UlpLocation*, const GpsLocationExtended*, const void*) line 1016 
D/Ulp_jni (  756): Location CB invoked
E/LocSvc_libulp(  756): I/int ulp_brain_process_zpp_position_report(loc_sess_status, LocPosTechMask, const UlpLocation*), report ZPP position to providers,report_position = 1
E/LocSvc_libulp(  756): I/===> int ulp_brain_select_providers() line 333 
E/LocSvc_libulp(  756): I/===> int ulp_brain_turn_onoff_quipc_provider() line 700 
E/LocSvc_libulp(  756): I/===> int ulp_quipc_stop_engine() line 238 
E/LocSvc_libulp(  756): I/===> bool ulp_quipc_engine_running() line 63 
E/LocSvc_libulp(  756): I/===> int ulp_brain_turn_onoff_gnss_provider() line 595 
E/LocSvc_libulp(  756): I/===> int ulp_gnss_stop_engine() line 262 
E/LocSvc_libulp(  756): I/===> bool ulp_quipc_engine_running() line 63 
E/LocSvc_libulp(  756): I/===> int ulp_brain_turn_onoff_gnp_provider() line 496 
E/LocSvc_libulp(  756): I/===> bool ulp_gnp_engine_running() line 59 
E/LocSvc_libulp(  756): I/===> int ulp_gnp_stop_engine() line 195 
E/LocSvc_libulp(  756): I/===> bool ulp_gnp_engine_running() line 59 
E/LocSvc_libulp(  756): I/===> bool ulp_gnp_engine_running() line 59 
E/LocSvc_libulp(  756): I/===> int ulp_brain_turn_onoff_zpp_provider() line 437 
E/LocSvc_libulp(  756): I/===> int ulp_zpp_stop_engine() line 174 
E/LocSvc_libulp(  756): I/===> bool ulp_zpp_engine_running() line 62 
E/CABL    ( 3190): Failed to connect to daemon socket
W/System.err( 3190): java.io.IOException: No such file or directory
W/System.err( 3190): 	at android.net.LocalSocketImpl.connectLocal(Native Method)
W/System.err( 3190): 	at android.net.LocalSocketImpl.connect(LocalSocketImpl.java:290)
W/System.err( 3190): 	at android.net.LocalSocket.connect(LocalSocket.java:130)
W/System.err( 3190): 	at com.qualcomm.cabl.CABLDaemonConnector.listenToSocket(CABLDaemonConnector.java:58)
W/System.err( 3190): 	at com.qualcomm.cabl.CABLDaemonConnector.run(CABLDaemonConnector.java:42)
W/System.err( 3190): 	at java.lang.Thread.run(Thread.java:841)
E/CABL    ( 3190): Closing the socket!
D/PPDaemon( 4133): CABL version 2.0.20140905
D/PPDaemon( 4133): isHDMIPrimary: HDMI is not primary display
E/PPDaemon( 4133): Unable to open fb type file  err:  No such file or directory
E/PPDaemon( 4133): Unable to open fb type file  err:  No such file or directory
E/PPDaemon( 4133): void openPrimaryFrameBuffer(DaemonContext&): Cannot locate the primary framebuffer
E/CABL    ( 3190): Failed to connect to daemon socket
W/System.err( 3190): java.io.IOException: No such file or directory
W/System.err( 3190): 	at android.net.LocalSocketImpl.connectLocal(Native Method)
W/System.err( 3190): 	at android.net.LocalSocketImpl.connect(LocalSocketImpl.java:290)
W/System.err( 3190): 	at android.net.LocalSocket.connect(LocalSocket.java:130)
W/System.err( 3190): 	at com.qualcomm.cabl.CABLDaemonConnector.listenToSocket(CABLDaemonConnector.java:58)
W/System.err( 3190): 	at com.qualcomm.cabl.CABLDaemonConnector.run(CABLDaemonConnector.java:42)
W/System.err( 3190): 	at java.lang.Thread.run(Thread.java:841)
E/CABL    ( 3190): Closing the socket!
D/VM_BMS  (  433): wake_lock acquired
D/VM_BMS  (  433): New BMS data - Size=56
D/VM_BMS  (  433): Start process_bms_data
D/VM_BMS  (  433): For batt_temp=300 fcc_mah=2015
D/VM_BMS  (  433): For ocv=3811921 batt_temp=300 soc=53
D/VM_BMS  (  433): fifo_count=5 acc_count=0
D/VM_BMS  (  433): INIT: ocv=3811921 last_ocv=3811921 batt_temp=300 soc=53
D/VM_BMS  (  433): For soc=53 batt_temp=300 slope=4000
D/VM_BMS  (  433): For soc=53 batt_temp=300 rbatt_sf=97
D/VM_BMS  (  433): rbatt_mohm_default=158, rbatt_mohm=153, sf=97 batt_temp=300
D/VM_BMS  (  433): For ocv=3812055 batt_temp=300 soc=53
D/VM_BMS  (  433): FIFO=0 fifo_avg=3.867362 rbatt=0.203000 slope=0.400000 ibatt=-0.272777 ocv=3.812056 soc=53 fcc_ah=2.015000 sample_count=128 sample_interval=70 seq_num=3
D/VM_BMS  (  433): For soc=53 batt_temp=300 slope=4000
D/VM_BMS  (  433): For soc=53 batt_temp=300 rbatt_sf=97
D/VM_BMS  (  433): rbatt_mohm_default=158, rbatt_mohm=153, sf=97 batt_temp=300
D/VM_BMS  (  433): For ocv=3812195 batt_temp=300 soc=53
D/VM_BMS  (  433): FIFO=1 fifo_avg=3.869711 rbatt=0.203000 slope=0.400000 ibatt=-0.283674 ocv=3.812195 soc=53 fcc_ah=2.015000 sample_count=128 sample_interval=70 seq_num=3
D/VM_BMS  (  433): For soc=53 batt_temp=300 slope=4000
D/VM_BMS  (  433): For soc=53 batt_temp=300 rbatt_sf=97
D/VM_BMS  (  433): rbatt_mohm_default=158, rbatt_mohm=153, sf=97 batt_temp=300
D/VM_BMS  (  433): For ocv=3812355 batt_temp=300 soc=53
D/VM_BMS  (  433): FIFO=2 fifo_avg=3.878242 rbatt=0.203000 slope=0.400000 ibatt=-0.324959 ocv=3.812356 soc=53 fcc_ah=2.015000 sample_count=128 sample_interval=70 seq_num=3
D/VM_BMS  (  433): For soc=53 batt_temp=300 slope=4000
D/VM_BMS  (  433): For soc=53 batt_temp=300 rbatt_sf=97
D/VM_BMS  (  433): rbatt_mohm_default=158, rbatt_mohm=153, sf=97 batt_temp=300
D/VM_BMS  (  433): For ocv=3812524 batt_temp=300 soc=53
D/VM_BMS  (  433): FIFO=3 fifo_avg=3.882080 rbatt=0.203000 slope=0.400000 ibatt=-0.343056 ocv=3.812525 soc=53 fcc_ah=2.015000 sample_count=128 sample_interval=70 seq_num=3
D/VM_BMS  (  433): For soc=53 batt_temp=300 slope=4000
D/VM_BMS  (  433): For soc=53 batt_temp=300 rbatt_sf=97
D/VM_BMS  (  433): rbatt_mohm_default=158, rbatt_mohm=153, sf=97 batt_temp=300
D/VM_BMS  (  433): For ocv=3812690 batt_temp=300 soc=53
D/VM_BMS  (  433): FIFO=4 fifo_avg=3.880905 rbatt=0.203000 slope=0.400000 ibatt=-0.336442 ocv=3.812690 soc=53 fcc_ah=2.015000 sample_count=128 sample_interval=70 seq_num=3
I/VM_BMS  (  433): power_supply_update: ocv_uv=3812690 ibatt=-336442 soc=53 seq_num=3
D/VM_BMS  (  433): End process_bms_data
D/VM_BMS  (  433): wake_lock released
D/PPDaemon( 4138): CABL version 2.0.20140905
D/PPDaemon( 4138): isHDMIPrimary: HDMI is not primary display
E/PPDaemon( 4138): Unable to open fb type file  err:  No such file or directory
E/PPDaemon( 4138): Unable to open fb type file  err:  No such file or directory
E/PPDaemon( 4138): void openPrimaryFrameBuffer(DaemonContext&): Cannot locate the primary framebuffer
E/LocSvc_libulp(  756): I/===> int ulp_msg_process_system_update(UlpSystemEvent) line 1460 
E/LocSvc_libulp(  756): I/int ulp_msg_process_system_update(UlpSystemEvent): systemEvent:5 
E/LocSvc_libulp(  756): I/===> int ulp_brain_process_system_update(UlpSystemEvent) line 2345 
E/LocSvc_libulp(  756): I/===> int ulp_brain_select_providers() line 333 
E/LocSvc_libulp(  756): I/===> int ulp_brain_turn_onoff_quipc_provider() line 700 
E/LocSvc_libulp(  756): I/===> int ulp_quipc_stop_engine() line 238 
E/LocSvc_libulp(  756): I/===> bool ulp_quipc_engine_running() line 63 
E/LocSvc_libulp(  756): I/===> int ulp_brain_turn_onoff_gnss_provider() line 595 
E/LocSvc_libulp(  756): I/===> int ulp_gnss_stop_engine() line 262 
E/LocSvc_libulp(  756): I/===> bool ulp_quipc_engine_running() line 63 
E/LocSvc_libulp(  756): I/===> int ulp_brain_turn_onoff_gnp_provider() line 496 
E/LocSvc_libulp(  756): I/===> bool ulp_gnp_engine_running() line 59 
E/LocSvc_libulp(  756): I/===> int ulp_gnp_stop_engine() line 195 
E/LocSvc_libulp(  756): I/===> bool ulp_gnp_engine_running() line 59 
E/LocSvc_libulp(  756): I/===> bool ulp_gnp_engine_running() line 59 
E/LocSvc_libulp(  756): I/===> int ulp_brain_turn_onoff_zpp_provider() line 437 
E/LocSvc_libulp(  756): I/===> int ulp_zpp_start_engine() line 98 
E/LocSvc_libulp(  756): I/===> bool ulp_zpp_engine_running() line 62 
E/LocSvc_libulp(  756): I/===> int ulp_msg_process_start_req() line 452 
E/LocSvc_libulp(  756): I/int ulp_msg_process_start_req(), at ulp state = 1
E/LocSvc_api_v02(  756): I/---> locClientSendReq line 2426 QMI_LOC_GET_BEST_AVAILABLE_POSITION_REQ_V02
E/LocSvc_ApiV02(  756): I/<--- void globalRespCb(locClientHandleType, uint32_t, locClientRespIndUnionType, void*) line 106 QMI_LOC_GET_BEST_AVAILABLE_POSITION_REQ_V02
E/LocSvc_libulp(  756): I/===> int ulp_brain_process_zpp_position_report(loc_sess_status, LocPosTechMask, const UlpLocation*) line 1458 
E/LocSvc_libulp(  756): I/===> int ulp_msg_send_generic_position_report(loc_sess_status, LocPosTechMask, const UlpLocation*, const GpsLocationExtended*, const void*) line 1016 
D/Ulp_jni (  756): Location CB invoked
E/LocSvc_libulp(  756): I/int ulp_brain_process_zpp_position_report(loc_sess_status, LocPosTechMask, const UlpLocation*), report ZPP position to providers,report_position = 1
E/LocSvc_libulp(  756): I/===> int ulp_brain_select_providers() line 333 
E/LocSvc_libulp(  756): I/===> int ulp_brain_turn_onoff_quipc_provider() line 700 
E/LocSvc_libulp(  756): I/===> int ulp_quipc_stop_engine() line 238 
E/LocSvc_libulp(  756): I/===> bool ulp_quipc_engine_running() line 63 
E/LocSvc_libulp(  756): I/===> int ulp_brain_turn_onoff_gnss_provider() line 595 
E/LocSvc_libulp(  756): I/===> int ulp_gnss_stop_engine() line 262 
E/LocSvc_libulp(  756): I/===> bool ulp_quipc_engine_running() line 63 
E/LocSvc_libulp(  756): I/===> int ulp_brain_turn_onoff_gnp_provider() line 496 
E/LocSvc_libulp(  756): I/===> bool ulp_gnp_engine_running() line 59 
E/LocSvc_libulp(  756): I/===> int ulp_gnp_stop_engine() line 195 
E/LocSvc_libulp(  756): I/===> bool ulp_gnp_engine_running() line 59 
E/LocSvc_libulp(  756): I/===> bool ulp_gnp_engine_running() line 59 
E/LocSvc_libulp(  756): I/===> int ulp_brain_turn_onoff_zpp_provider() line 437 
E/LocSvc_libulp(  756): I/===> int ulp_zpp_stop_engine() line 174 
E/LocSvc_libulp(  756): I/===> bool ulp_zpp_engine_running() line 62 
E/CABL    ( 3190): Failed to connect to daemon socket
W/System.err( 3190): java.io.IOException: No such file or directory
W/System.err( 3190): 	at android.net.LocalSocketImpl.connectLocal(Native Method)
W/System.err( 3190): 	at android.net.LocalSocketImpl.connect(LocalSocketImpl.java:290)
W/System.err( 3190): 	at android.net.LocalSocket.connect(LocalSocket.java:130)
W/System.err( 3190): 	at com.qualcomm.cabl.CABLDaemonConnector.listenToSocket(CABLDaemonConnector.java:58)
W/System.err( 3190): 	at com.qualcomm.cabl.CABLDaemonConnector.run(CABLDaemonConnector.java:42)
W/System.err( 3190): 	at java.lang.Thread.run(Thread.java:841)
E/CABL    ( 3190): Closing the socket!
D/PPDaemon( 4142): CABL version 2.0.20140905
D/PPDaemon( 4142): isHDMIPrimary: HDMI is not primary display
E/PPDaemon( 4142): Unable to open fb type file  err:  No such file or directory
E/PPDaemon( 4142): Unable to open fb type file  err:  No such file or directory
E/PPDaemon( 4142): void openPrimaryFrameBuffer(DaemonContext&): Cannot locate the primary framebuffer
E/CABL    ( 3190): Failed to connect to daemon socket
W/System.err( 3190): java.io.IOException: No such file or directory
W/System.err( 3190): 	at android.net.LocalSocketImpl.connectLocal(Native Method)
W/System.err( 3190): 	at android.net.LocalSocketImpl.connect(LocalSocketImpl.java:290)
W/System.err( 3190): 	at android.net.LocalSocket.connect(LocalSocket.java:130)
W/System.err( 3190): 	at com.qualcomm.cabl.CABLDaemonConnector.listenToSocket(CABLDaemonConnector.java:58)
W/System.err( 3190): 	at com.qualcomm.cabl.CABLDaemonConnector.run(CABLDaemonConnector.java:42)
W/System.err( 3190): 	at java.lang.Thread.run(Thread.java:841)
E/CABL    ( 3190): Closing the socket!
D/PPDaemon( 4145): CABL version 2.0.20140905
D/PPDaemon( 4145): isHDMIPrimary: HDMI is not primary display
E/PPDaemon( 4145): Unable to open fb type file  err:  No such file or directory
E/PPDaemon( 4145): Unable to open fb type file  err:  No such file or directory
E/PPDaemon( 4145): void openPrimaryFrameBuffer(DaemonContext&): Cannot locate the primary framebuffer
E/LocSvc_libulp(  756): I/===> int ulp_msg_process_system_update(UlpSystemEvent) line 1460 
E/LocSvc_libulp(  756): I/int ulp_msg_process_system_update(UlpSystemEvent): systemEvent:5 
E/LocSvc_libulp(  756): I/===> int ulp_brain_process_system_update(UlpSystemEvent) line 2345 
E/LocSvc_libulp(  756): I/===> int ulp_brain_select_providers() line 333 
E/LocSvc_libulp(  756): I/===> int ulp_brain_turn_onoff_quipc_provider() line 700 
E/LocSvc_libulp(  756): I/===> int ulp_quipc_stop_engine() line 238 
E/LocSvc_libulp(  756): I/===> bool ulp_quipc_engine_running() line 63 
E/LocSvc_libulp(  756): I/===> int ulp_brain_turn_onoff_gnss_provider() line 595 
E/LocSvc_libulp(  756): I/===> int ulp_gnss_stop_engine() line 262 
E/LocSvc_libulp(  756): I/===> bool ulp_quipc_engine_running() line 63 
E/LocSvc_libulp(  756): I/===> int ulp_brain_turn_onoff_gnp_provider() line 496 
E/LocSvc_libulp(  756): I/===> bool ulp_gnp_engine_running() line 59 
E/LocSvc_libulp(  756): I/===> int ulp_gnp_stop_engine() line 195 
E/LocSvc_libulp(  756): I/===> bool ulp_gnp_engine_running() line 59 
E/LocSvc_libulp(  756): I/===> bool ulp_gnp_engine_running() line 59 
E/LocSvc_libulp(  756): I/===> int ulp_brain_turn_onoff_zpp_provider() line 437 
E/LocSvc_libulp(  756): I/===> int ulp_zpp_start_engine() line 98 
E/LocSvc_libulp(  756): I/===> bool ulp_zpp_engine_running() line 62 
E/LocSvc_libulp(  756): I/===> int ulp_msg_process_start_req() line 452 
E/LocSvc_libulp(  756): I/int ulp_msg_process_start_req(), at ulp state = 1
E/LocSvc_api_v02(  756): I/---> locClientSendReq line 2426 QMI_LOC_GET_BEST_AVAILABLE_POSITION_REQ_V02
E/LocSvc_ApiV02(  756): I/<--- void globalRespCb(locClientHandleType, uint32_t, locClientRespIndUnionType, void*) line 106 QMI_LOC_GET_BEST_AVAILABLE_POSITION_REQ_V02
E/LocSvc_libulp(  756): I/===> int ulp_brain_process_zpp_position_report(loc_sess_status, LocPosTechMask, const UlpLocation*) line 1458 
E/LocSvc_libulp(  756): I/===> int ulp_msg_send_generic_position_report(loc_sess_status, LocPosTechMask, const UlpLocation*, const GpsLocationExtended*, const void*) line 1016 
D/Ulp_jni (  756): Location CB invoked
E/LocSvc_libulp(  756): I/int ulp_brain_process_zpp_position_report(loc_sess_status, LocPosTechMask, const UlpLocation*), report ZPP position to providers,report_position = 1
E/LocSvc_libulp(  756): I/===> int ulp_brain_select_providers() line 333 
E/LocSvc_libulp(  756): I/===> int ulp_brain_turn_onoff_quipc_provider() line 700 
E/LocSvc_libulp(  756): I/===> int ulp_quipc_stop_engine() line 238 
E/LocSvc_libulp(  756): I/===> bool ulp_quipc_engine_running() line 63 
E/LocSvc_libulp(  756): I/===> int ulp_brain_turn_onoff_gnss_provider() line 595 
E/LocSvc_libulp(  756): I/===> int ulp_gnss_stop_engine() line 262 
E/LocSvc_libulp(  756): I/===> bool ulp_quipc_engine_running() line 63 
E/LocSvc_libulp(  756): I/===> int ulp_brain_turn_onoff_gnp_provider() line 496 
E/LocSvc_libulp(  756): I/===> bool ulp_gnp_engine_running() line 59 
E/LocSvc_libulp(  756): I/===> int ulp_gnp_stop_engine() line 195 
E/LocSvc_libulp(  756): I/===> bool ulp_gnp_engine_running() line 59 
E/LocSvc_libulp(  756): I/===> bool ulp_gnp_engine_running() line 59 
E/LocSvc_libulp(  756): I/===> int ulp_brain_turn_onoff_zpp_provider() line 437 
E/LocSvc_libulp(  756): I/===> int ulp_zpp_stop_engine() line 174 
E/LocSvc_libulp(  756): I/===> bool ulp_zpp_engine_running() line 62 
E/CABL    ( 3190): Failed to connect to daemon socket
W/System.err( 3190): java.io.IOException: No such file or directory
W/System.err( 3190): 	at android.net.LocalSocketImpl.connectLocal(Native Method)
W/System.err( 3190): 	at android.net.LocalSocketImpl.connect(LocalSocketImpl.java:290)
W/System.err( 3190): 	at android.net.LocalSocket.connect(LocalSocket.java:130)
W/System.err( 3190): 	at com.qualcomm.cabl.CABLDaemonConnector.listenToSocket(CABLDaemonConnector.java:58)
W/System.err( 3190): 	at com.qualcomm.cabl.CABLDaemonConnector.run(CABLDaemonConnector.java:42)
W/System.err( 3190): 	at java.lang.Thread.run(Thread.java:841)
E/CABL    ( 3190): Closing the socket!
D/PPDaemon( 4148): CABL version 2.0.20140905
D/PPDaemon( 4148): isHDMIPrimary: HDMI is not primary display
E/PPDaemon( 4148): Unable to open fb type file  err:  No such file or directory
E/PPDaemon( 4148): Unable to open fb type file  err:  No such file or directory
E/PPDaemon( 4148): void openPrimaryFrameBuffer(DaemonContext&): Cannot locate the primary framebuffer
E/CABL    ( 3190): Failed to connect to daemon socket
W/System.err( 3190): java.io.IOException: No such file or directory
W/System.err( 3190): 	at android.net.LocalSocketImpl.connectLocal(Native Method)
W/System.err( 3190): 	at android.net.LocalSocketImpl.connect(LocalSocketImpl.java:290)
W/System.err( 3190): 	at android.net.LocalSocket.connect(LocalSocket.java:130)
W/System.err( 3190): 	at com.qualcomm.cabl.CABLDaemonConnector.listenToSocket(CABLDaemonConnector.java:58)
W/System.err( 3190): 	at com.qualcomm.cabl.CABLDaemonConnector.run(CABLDaemonConnector.java:42)
W/System.err( 3190): 	at java.lang.Thread.run(Thread.java:841)
E/CABL    ( 3190): Closing the socket!
D/PPDaemon( 4153): CABL version 2.0.20140905
D/PPDaemon( 4153): isHDMIPrimary: HDMI is not primary display
E/PPDaemon( 4153): Unable to open fb type file  err:  No such file or directory
E/PPDaemon( 4153): Unable to open fb type file  err:  No such file or directory
E/PPDaemon( 4153): void openPrimaryFrameBuffer(DaemonContext&): Cannot locate the primary framebuffer
E/LocSvc_libulp(  756): I/===> int ulp_msg_process_system_update(UlpSystemEvent) line 1460 
E/LocSvc_libulp(  756): I/int ulp_msg_process_system_update(UlpSystemEvent): systemEvent:5 
E/LocSvc_libulp(  756): I/===> int ulp_brain_process_system_update(UlpSystemEvent) line 2345 
E/LocSvc_libulp(  756): I/===> int ulp_brain_select_providers() line 333 
E/LocSvc_libulp(  756): I/===> int ulp_brain_turn_onoff_quipc_provider() line 700 
E/LocSvc_libulp(  756): I/===> int ulp_quipc_stop_engine() line 238 
E/LocSvc_libulp(  756): I/===> bool ulp_quipc_engine_running() line 63 
E/LocSvc_libulp(  756): I/===> int ulp_brain_turn_onoff_gnss_provider() line 595 
E/LocSvc_libulp(  756): I/===> int ulp_gnss_stop_engine() line 262 
E/LocSvc_libulp(  756): I/===> bool ulp_quipc_engine_running() line 63 
E/LocSvc_libulp(  756): I/===> int ulp_brain_turn_onoff_gnp_provider() line 496 
E/LocSvc_libulp(  756): I/===> bool ulp_gnp_engine_running() line 59 
E/LocSvc_libulp(  756): I/===> int ulp_gnp_stop_engine() line 195 
E/LocSvc_libulp(  756): I/===> bool ulp_gnp_engine_running() line 59 
E/LocSvc_libulp(  756): I/===> bool ulp_gnp_engine_running() line 59 
E/LocSvc_libulp(  756): I/===> int ulp_brain_turn_onoff_zpp_provider() line 437 
E/LocSvc_libulp(  756): I/===> int ulp_zpp_start_engine() line 98 
E/LocSvc_libulp(  756): I/===> bool ulp_zpp_engine_running() line 62 
E/LocSvc_libulp(  756): I/===> int ulp_msg_process_start_req() line 452 
E/LocSvc_libulp(  756): I/int ulp_msg_process_start_req(), at ulp state = 1
E/LocSvc_api_v02(  756): I/---> locClientSendReq line 2426 QMI_LOC_GET_BEST_AVAILABLE_POSITION_REQ_V02
E/LocSvc_ApiV02(  756): I/<--- void globalRespCb(locClientHandleType, uint32_t, locClientRespIndUnionType, void*) line 106 QMI_LOC_GET_BEST_AVAILABLE_POSITION_REQ_V02
E/LocSvc_libulp(  756): I/===> int ulp_brain_process_zpp_position_report(loc_sess_status, LocPosTechMask, const UlpLocation*) line 1458 
E/LocSvc_libulp(  756): I/===> int ulp_msg_send_generic_position_report(loc_sess_status, LocPosTechMask, const UlpLocation*, const GpsLocationExtended*, const void*) line 1016 
D/Ulp_jni (  756): Location CB invoked
E/LocSvc_libulp(  756): I/int ulp_brain_process_zpp_position_report(loc_sess_status, LocPosTechMask, const UlpLocation*), report ZPP position to providers,report_position = 1
E/LocSvc_libulp(  756): I/===> int ulp_brain_select_providers() line 333 
E/LocSvc_libulp(  756): I/===> int ulp_brain_turn_onoff_quipc_provider() line 700 
E/LocSvc_libulp(  756): I/===> int ulp_quipc_stop_engine() line 238 
E/LocSvc_libulp(  756): I/===> bool ulp_quipc_engine_running() line 63 
E/LocSvc_libulp(  756): I/===> int ulp_brain_turn_onoff_gnss_provider() line 595 
E/LocSvc_libulp(  756): I/===> int ulp_gnss_stop_engine() line 262 
E/LocSvc_libulp(  756): I/===> bool ulp_quipc_engine_running() line 63 
E/LocSvc_libulp(  756): I/===> int ulp_brain_turn_onoff_gnp_provider() line 496 
E/LocSvc_libulp(  756): I/===> bool ulp_gnp_engine_running() line 59 
E/LocSvc_libulp(  756): I/===> int ulp_gnp_stop_engine() line 195 
E/LocSvc_libulp(  756): I/===> bool ulp_gnp_engine_running() line 59 
E/LocSvc_libulp(  756): I/===> bool ulp_gnp_engine_running() line 59 
E/LocSvc_libulp(  756): I/===> int ulp_brain_turn_onoff_zpp_provider() line 437 
E/LocSvc_libulp(  756): I/===> int ulp_zpp_stop_engine() line 174 
E/LocSvc_libulp(  756): I/===> bool ulp_zpp_engine_running() line 62 
E/CABL    ( 3190): Failed to connect to daemon socket
W/System.err( 3190): java.io.IOException: No such file or directory
W/System.err( 3190): 	at android.net.LocalSocketImpl.connectLocal(Native Method)
W/System.err( 3190): 	at android.net.LocalSocketImpl.connect(LocalSocketImpl.java:290)
W/System.err( 3190): 	at android.net.LocalSocket.connect(LocalSocket.java:130)
W/System.err( 3190): 	at com.qualcomm.cabl.CABLDaemonConnector.listenToSocket(CABLDaemonConnector.java:58)
W/System.err( 3190): 	at com.qualcomm.cabl.CABLDaemonConnector.run(CABLDaemonConnector.java:42)
W/System.err( 3190): 	at java.lang.Thread.run(Thread.java:841)
E/CABL    ( 3190): Closing the socket!
I/PowerManagerService(  756): Going to sleep due to screen timeout...
D/PPDaemon( 4156): CABL version 2.0.20140905
D/PPDaemon( 4156): isHDMIPrimary: HDMI is not primary display
E/PPDaemon( 4156): Unable to open fb type file  err:  No such file or directory
E/PPDaemon( 4156): Unable to open fb type file  err:  No such file or directory
E/PPDaemon( 4156): void openPrimaryFrameBuffer(DaemonContext&): Cannot locate the primary framebuffer
D/SurfaceFlinger(  221): Screen released, type=0 flinger=0xb77b0468
D/qdhwcomposer(  221): hwc_blank: Setting mode 1 on display: 0
D/qdhwcomposer(  221): hwc_blank: Blanking display: 0
E/qdutils (  221): int qdutils::getHDMINode(): Failed to open fb node 1
E/qdutils (  221): int qdutils::getHDMINode(): Failed to open fb node 2
E/qdutils (  221): int qdutils::getHDMINode(): Failed to find HDMI node
I/qdhwcomposer(  221): handle_blank_event: dpy:0 panel power state: 0
E/qdutils (  221): int qdutils::getHDMINode(): Failed to open fb node 1
E/qdutils (  221): int qdutils::getHDMINode(): Failed to open fb node 2
E/qdutils (  221): int qdutils::getHDMINode(): Failed to find HDMI node
D/qdhwcomposer(  221): hwc_blank: Done blanking display: 0
D/SurfaceControl(  756): Excessive delay in blankDisplay() while turning screen off: 179ms
I/QCOM PowerHAL(  756): Got set_interactive hint
V/KeyguardServiceDelegate(  756): onScreenTurnedOn(showListener = com.android.internal.policy.impl.PhoneWindowManager$21@41c7e720)
V/KeyguardServiceDelegate(  756): **** SHOWN CALLED ****
I/WindowManager(  756): No lock screen! windowToken=null
W/System.err(  756): java.io.FileNotFoundException: /sys/class/leds/green/blink: open failed: ENOENT (No such file or directory)
W/System.err(  756): 	at libcore.io.IoBridge.open(IoBridge.java:409)
W/System.err(  756): 	at java.io.FileOutputStream.<init>(FileOutputStream.java:88)
W/System.err(  756): 	at java.io.FileOutputStream.<init>(FileOutputStream.java:128)
W/System.err(  756): 	at java.io.FileOutputStream.<init>(FileOutputStream.java:117)
W/System.err(  756): 	at com.android.server.LightsService$1.setNotificationGreenLedBlink(LightsService.java:433)
W/System.err(  756): 	at com.android.server.NotificationManagerService$5.onReceive(NotificationManagerService.java:1253)
W/System.err(  756): 	at android.app.LoadedApk$ReceiverDispatcher$Args.run(LoadedApk.java:759)
W/System.err(  756): 	at android.os.Handler.handleCallback(Handler.java:733)
W/System.err(  756): 	at android.os.Handler.dispatchMessage(Handler.java:95)
W/System.err(  756): 	at android.os.Looper.loop(Looper.java:136)
W/System.err(  756): 	at com.android.server.ServerThread.initAndLoop(SystemServer.java:1188)
W/System.err(  756): 	at com.android.server.SystemServer.main(SystemServer.java:1313)
W/System.err(  756): 	at java.lang.reflect.Method.invokeNative(Native Method)
W/System.err(  756): 	at java.lang.reflect.Method.invoke(Method.java:515)
W/System.err(  756): 	at com.android.internal.os.ZygoteInit$MethodAndArgsCaller.run(ZygoteInit.java:789)
W/System.err(  756): 	at com.android.internal.os.ZygoteInit.main(ZygoteInit.java:605)
W/System.err(  756): 	at dalvik.system.NativeStart.main(Native Method)
W/System.err(  756): Caused by: libcore.io.ErrnoException: open failed: ENOENT (No such file or directory)
W/System.err(  756): 	at libcore.io.Posix.open(Native Method)
W/System.err(  756): 	at libcore.io.BlockGuardOs.open(BlockGuardOs.java:110)
W/System.err(  756): 	at libcore.io.IoBridge.open(IoBridge.java:393)
W/System.err(  756): 	... 16 more
D/audio_hw_primary(  224): adev_set_parameters: enter: screen_state=on
D/audio_hw_extn(  224): audio_extn_set_anc_parameters: anc_enabled:0
E/audio_a2dp_hw(  224): adev_set_parameters: ERROR: set param called even when stream out is null
D/Ulp_jni (  756): JNI:system_update. Event-0
E/LocSvc_libulp(  756): I/===> int ulp_msg_process_system_update(UlpSystemEvent) line 1460 
E/LocSvc_libulp(  756): I/int ulp_msg_process_system_update(UlpSystemEvent): systemEvent:0 
E/LocSvc_libulp(  756): I/===> int ulp_brain_process_system_update(UlpSystemEvent) line 2345 
D/LauncherActivity( 2649):  Enter onStop isChangingConfigurations false
D/LauncherActivity( 2649):  Enter onStop getChangingConfigurations 0
D/LauncherActivity( 2649):  Enter onStop keyboardHidder false mccChange false mncChange false
D/audio_hw_primary(  224): adev_set_parameters: enter: screen_state=off
D/audio_hw_extn(  224): audio_extn_set_anc_parameters: anc_enabled:0
E/audio_a2dp_hw(  224): adev_set_parameters: ERROR: set param called even when stream out is null
D/PPDaemon( 4212): CABL version 2.0.20140905
D/PPDaemon( 4212): isHDMIPrimary: HDMI is not primary display
E/PPDaemon( 4212): Unable to open fb type file  err:  No such file or directory
E/PPDaemon( 4212): Unable to open fb type file  err:  No such file or directory
E/PPDaemon( 4212): void openPrimaryFrameBuffer(DaemonContext&): Cannot locate the primary framebuffer
E/CABL    ( 3190): Failed to connect to daemon socket
W/System.err( 3190): java.io.IOException: No such file or directory
W/System.err( 3190): 	at android.net.LocalSocketImpl.connectLocal(Native Method)
W/System.err( 3190): 	at android.net.LocalSocketImpl.connect(LocalSocketImpl.java:290)
W/System.err( 3190): 	at android.net.LocalSocket.connect(LocalSocket.java:130)
W/System.err( 3190): 	at com.qualcomm.cabl.CABLDaemonConnector.listenToSocket(CABLDaemonConnector.java:58)
W/System.err( 3190): 	at com.qualcomm.cabl.CABLDaemonConnector.run(CABLDaemonConnector.java:42)
W/System.err( 3190): 	at java.lang.Thread.run(Thread.java:841)
E/CABL    ( 3190): Closing the socket!
I/QCOM PowerHAL(  756): Got set_interactive hint
D/SurfaceFlinger(  221): Screen acquired, type=0 flinger=0xb77b0468
D/qdhwcomposer(  221): hwc_blank: Setting mode 0 on display: 0
D/qdhwcomposer(  221): hwc_blank: Unblanking display: 0
E/qdutils (  221): int qdutils::getHDMINode(): Failed to open fb node 1
E/qdutils (  221): int qdutils::getHDMINode(): Failed to open fb node 2
E/qdutils (  221): int qdutils::getHDMINode(): Failed to find HDMI node
V/KeyguardServiceDelegate(  756): onScreenTurnedOn(showListener = com.android.internal.policy.impl.PhoneWindowManager$21@41d2edc0)
I/PowerManagerService(  756): Waking up from sleep...
V/KeyguardServiceDelegate(  756): **** SHOWN CALLED ****
I/WindowManager(  756): No lock screen! windowToken=null
D/DisplayPowerController(  756): Unblocked screen on after 226182 ms
D/qdhwcomposer(  221): hwc_blank: Done unblanking display: 0
I/qdhwcomposer(  221): handle_blank_event: dpy:0 panel power state: 1
D/SurfaceControl(  756): Excessive delay in unblankDisplay() while turning screen on: 193ms
E/qdutils (  221): int qdutils::getHDMINode(): Failed to open fb node 1
E/qdutils (  221): int qdutils::getHDMINode(): Failed to open fb node 2
E/qdutils (  221): int qdutils::getHDMINode(): Failed to find HDMI node
D/LauncherActivity( 2649):  in on resume checking for battery 
D/LauncherActivity( 2649):  SPN String updated 
D/LauncherActivity( 2649): one flag is true, SPN flag : false, PLMN flag : true
D/LauncherActivity( 2649): PLMN Name : Emergency calls only
W/System.err(  756): java.io.FileNotFoundException: /sys/class/leds/green/blink: open failed: ENOENT (No such file or directory)
W/System.err(  756): 	at libcore.io.IoBridge.open(IoBridge.java:409)
W/System.err(  756): 	at java.io.FileOutputStream.<init>(FileOutputStream.java:88)
W/System.err(  756): 	at java.io.FileOutputStream.<init>(FileOutputStream.java:128)
W/System.err(  756): 	at java.io.FileOutputStream.<init>(FileOutputStream.java:117)
W/System.err(  756): 	at com.android.server.LightsService$1.setNotificationGreenLedBlink(LightsService.java:433)
W/System.err(  756): 	at com.android.server.NotificationManagerService$5.onReceive(NotificationManagerService.java:1253)
W/System.err(  756): 	at android.app.LoadedApk$ReceiverDispatcher$Args.run(LoadedApk.java:759)
W/System.err(  756): 	at android.os.Handler.handleCallback(Handler.java:733)
W/System.err(  756): 	at android.os.Handler.dispatchMessage(Handler.java:95)
W/System.err(  756): 	at android.os.Looper.loop(Looper.java:136)
W/System.err(  756): 	at com.android.server.ServerThread.initAndLoop(SystemServer.java:1188)
W/System.err(  756): 	at com.android.server.SystemServer.main(SystemServer.java:1313)
W/System.err(  756): 	at java.lang.reflect.Method.invokeNative(Native Method)
W/System.err(  756): 	at java.lang.reflect.Method.invoke(Method.java:515)
W/System.err(  756): 	at com.android.internal.os.ZygoteInit$MethodAndArgsCaller.run(ZygoteInit.java:789)
W/System.err(  756): 	at com.android.internal.os.ZygoteInit.main(ZygoteInit.java:605)
W/System.err(  756): 	at dalvik.system.NativeStart.main(Native Method)
W/System.err(  756): Caused by: libcore.io.ErrnoException: open failed: ENOENT (No such file or directory)
W/System.err(  756): 	at libcore.io.Posix.open(Native Method)
W/System.err(  756): 	at libcore.io.BlockGuardOs.open(BlockGuardOs.java:110)
W/System.err(  756): 	at libcore.io.IoBridge.open(IoBridge.java:393)
W/System.err(  756): 	... 16 more
D/audio_hw_primary(  224): adev_set_parameters: enter: screen_state=on
D/audio_hw_extn(  224): audio_extn_set_anc_parameters: anc_enabled:0
E/audio_a2dp_hw(  224): adev_set_parameters: ERROR: set param called even when stream out is null
D/LauncherActivity( 2649):  battery  
D/LauncherActivity( 2649):  battery plug : 2
D/BatteryStatus( 2649):  battery  level : 52
I/Timeline( 2649): Timeline: Activity_idle id: android.os.BinderProxy@418f4488 time:226541
D/Ulp_jni (  756): JNI:system_update. Event-0
E/LocSvc_libulp(  756): I/===> int ulp_msg_process_system_update(UlpSystemEvent) line 1460 
E/LocSvc_libulp(  756): I/int ulp_msg_process_system_update(UlpSystemEvent): systemEvent:0 
E/LocSvc_libulp(  756): I/===> int ulp_brain_process_system_update(UlpSystemEvent) line 2345 
E/LocSvc_libulp(  756): I/===> int ulp_msg_process_system_update(UlpSystemEvent) line 1460 
E/LocSvc_libulp(  756): I/int ulp_msg_process_system_update(UlpSystemEvent): systemEvent:5 
E/LocSvc_libulp(  756): I/===> int ulp_brain_process_system_update(UlpSystemEvent) line 2345 
E/LocSvc_libulp(  756): I/===> int ulp_brain_select_providers() line 333 
E/LocSvc_libulp(  756): I/===> int ulp_brain_turn_onoff_quipc_provider() line 700 
E/LocSvc_libulp(  756): I/===> int ulp_quipc_stop_engine() line 238 
E/LocSvc_libulp(  756): I/===> bool ulp_quipc_engine_running() line 63 
E/LocSvc_libulp(  756): I/===> int ulp_brain_turn_onoff_gnss_provider() line 595 
E/LocSvc_libulp(  756): I/===> int ulp_gnss_stop_engine() line 262 
E/LocSvc_libulp(  756): I/===> bool ulp_quipc_engine_running() line 63 
